Component: ARM Compiler 5.06 update 7 (build 960) Tool: armlink [4d3601]

==============================================================================

Section Cross References

    gd32f4xx_it.o(i.SysTick_Handler) refers to systick.o(i.delay_decrement) for delay_decrement
    i2c_test.o(i.digital_control) refers to ht16k33.o(i.ht16k33_init) for ht16k33_init
    i2c_test.o(i.digital_control) refers to ht16k33.o(i.ht16k33_display_data) for ht16k33_display_data
    i2c_test.o(i.digital_control) refers to main.o(.bss) for e1_nixie_tube_addr
    i2c_test.o(i.i2c_addr_init) refers to i2c.o(i.i2c_addr_poll) for i2c_addr_poll
    i2c_test.o(i.i2c_addr_init) refers to pca9685.o(i.pc9685_init) for pc9685_init
    i2c_test.o(i.i2c_addr_init) refers to i2c.o(i.i2c_byte_write) for i2c_byte_write
    i2c_test.o(i.i2c_addr_init) refers to ht16k33.o(i.ht16k33_init) for ht16k33_init
    i2c_test.o(i.i2c_addr_init) refers to main.o(.bss) for e1_rgb_led_addr
    i2c_test.o(i.pc9685_motor_control) refers to i2c.o(i.i2c_byte_write) for i2c_byte_write
    i2c_test.o(i.pc9685_motor_control) refers to pca9685.o(i.setPWM) for setPWM
    i2c_test.o(i.pc9685_rgb_led_control) refers to pca9685.o(i.setPWM_off) for setPWM_off
    i2c_test.o(i.pc9685_rgb_led_control) refers to pca9685.o(i.setPWM) for setPWM
    main.o(i.get_s6_data) refers to i2c.o(i.i2c_read) for i2c_read
    main.o(i.get_s6_data) refers to main.o(.bss) for s6_ult_addr
    main.o(i.i2c_init) refers to i2c.o(i.i2c0_gpio_config) for i2c0_gpio_config
    main.o(i.i2c_init) refers to i2c.o(i.i2c0_config) for i2c0_config
    main.o(i.i2c_init) refers to i2c.o(i.i2c1_gpio_config) for i2c1_gpio_config
    main.o(i.i2c_init) refers to i2c.o(i.i2c1_config) for i2c1_config
    main.o(i.i2c_init) refers to systick.o(i.systick_config) for systick_config
    main.o(i.i2c_init) refers to i2c_test.o(i.i2c_addr_init) for i2c_addr_init
    main.o(i.key_trans) refers to ht16k33.o(.data) for keyvalue
    main.o(i.main) refers to main.o(i.i2c_init) for i2c_init
    main.o(i.main) refers to main.o(i.s2_read_sht3x) for s2_read_sht3x
    main.o(i.main) refers to main.o(i.get_s6_data) for get_s6_data
    main.o(i.main) refers to i2c_test.o(i.digital_control) for digital_control
    main.o(i.main) refers to i2c_test.o(i.pc9685_motor_control) for pc9685_motor_control
    main.o(i.main) refers to f2d.o(.text) for __aeabi_f2d
    main.o(i.main) refers to dadd.o(.text) for __aeabi_dadd
    main.o(i.main) refers to dmul.o(.text) for __aeabi_dmul
    main.o(i.main) refers to ddiv.o(.text) for __aeabi_ddiv
    main.o(i.main) refers to exp.o(i.__hardfp_exp) for __hardfp_exp
    main.o(i.main) refers to dfixi.o(.text) for __aeabi_d2iz
    main.o(i.main) refers to i2c.o(i.i2c_read) for i2c_read
    main.o(i.main) refers to main.o(i.key_trans) for key_trans
    main.o(i.main) refers to systick.o(i.delay_1ms) for delay_1ms
    main.o(i.main) refers to main.o(.bss) for e2_fan_addr
    main.o(i.main) refers to main.o(.data) for s2_data
    main.o(i.main) refers to ht16k33.o(.data) for keyvalue
    main.o(i.s2_read_sht3x) refers to i2c.o(i.i2c_byte_write) for i2c_byte_write
    main.o(i.s2_read_sht3x) refers to systick.o(i.delay_1ms) for delay_1ms
    main.o(i.s2_read_sht3x) refers to i2c.o(i.i2c_read) for i2c_read
    main.o(i.s2_read_sht3x) refers to main.o(.bss) for s2_sensor_addr
    main.o(i.s2_read_sht3x) refers to main.o(.data) for s2_data
    systick.o(i.delay_1ms) refers to systick.o(.data) for delay
    systick.o(i.delay_decrement) refers to systick.o(.data) for delay
    systick.o(i.systick_config) refers to systick.o(i.NVIC_SetPriority) for NVIC_SetPriority
    systick.o(i.systick_config) refers to system_gd32f4xx.o(.data) for SystemCoreClock
    ht16k33.o(i.ht16k33_display_data) refers to i2c.o(i.i2c_byte_write) for i2c_byte_write
    ht16k33.o(i.ht16k33_display_data) refers to i2c.o(i.i2c_cmd_write) for i2c_cmd_write
    ht16k33.o(i.ht16k33_display_data) refers to ht16k33.o(.constdata) for disdata
    ht16k33.o(i.ht16k33_display_off) refers to i2c.o(i.i2c_byte_write) for i2c_byte_write
    ht16k33.o(i.ht16k33_display_off) refers to i2c.o(i.i2c_cmd_write) for i2c_cmd_write
    ht16k33.o(i.ht16k33_init) refers to i2c.o(i.i2c_cmd_write) for i2c_cmd_write
    ht16k33.o(i.ht16k33_init) refers to ht16k33.o(i.ht16k33_display_off) for ht16k33_display_off
    ht16k33.o(i.ht16k33_key_scan) refers to i2c.o(i.i2c_read) for i2c_read
    ht16k33.o(i.ht16k33_key_scan) refers to ht16k33.o(.data) for keyvalue
    i2c.o(i.i2c0_config) refers to gd32f4xx_rcu.o(i.rcu_periph_clock_enable) for rcu_periph_clock_enable
    i2c.o(i.i2c0_config) refers to gd32f4xx_i2c.o(i.i2c_clock_config) for i2c_clock_config
    i2c.o(i.i2c0_config) refers to gd32f4xx_i2c.o(i.i2c_mode_addr_config) for i2c_mode_addr_config
    i2c.o(i.i2c0_config) refers to gd32f4xx_i2c.o(i.i2c_enable) for i2c_enable
    i2c.o(i.i2c0_config) refers to gd32f4xx_i2c.o(i.i2c_ack_config) for i2c_ack_config
[...]
    Removing gd32f4xx_fwdgt.o(i.fwdgt_config), (104 bytes).
    Removing gd32f4xx_fwdgt.o(i.fwdgt_counter_reload), (16 bytes).
    Removing gd32f4xx_fwdgt.o(i.fwdgt_enable), (16 bytes).
    Removing gd32f4xx_fwdgt.o(i.fwdgt_flag_get), (24 bytes).
    Removing gd32f4xx_fwdgt.o(i.fwdgt_write_disable), (12 bytes).
    Removing gd32f4xx_fwdgt.o(i.fwdgt_write_enable), (16 bytes).
    Removing gd32f4xx_gpio.o(.rev16_text), (4 bytes).
    Removing gd32f4xx_gpio.o(.revsh_text), (4 bytes).
    Removing gd32f4xx_gpio.o(i.gpio_bit_reset), (4 bytes).
    Removing gd32f4xx_gpio.o(i.gpio_bit_set), (4 bytes).
    Removing gd32f4xx_gpio.o(i.gpio_bit_toggle), (4 bytes).
    Removing gd32f4xx_gpio.o(i.gpio_bit_write), (10 bytes).
    Removing gd32f4xx_gpio.o(i.gpio_deinit), (206 bytes).
    Removing gd32f4xx_gpio.o(i.gpio_input_bit_get), (16 bytes).
    Removing gd32f4xx_gpio.o(i.gpio_input_port_get), (8 bytes).
    Removing gd32f4xx_gpio.o(i.gpio_output_bit_get), (16 bytes).
    Removing gd32f4xx_gpio.o(i.gpio_output_port_get), (8 bytes).
    Removing gd32f4xx_gpio.o(i.gpio_pin_lock), (18 bytes).
    Removing gd32f4xx_gpio.o(i.gpio_port_toggle), (8 bytes).
    Removing gd32f4xx_gpio.o(i.gpio_port_write), (4 bytes).
    Removing gd32f4xx_i2c.o(.rev16_text), (4 bytes).
    Removing gd32f4xx_i2c.o(.revsh_text), (4 bytes).
    Removing gd32f4xx_i2c.o(i.i2c_analog_noise_filter_disable), (10 bytes).
    Removing gd32f4xx_i2c.o(i.i2c_analog_noise_filter_enable), (10 bytes).
    Removing gd32f4xx_i2c.o(i.i2c_deinit), (88 bytes).
    Removing gd32f4xx_i2c.o(i.i2c_digital_noise_filter_config), (8 bytes).
    Removing gd32f4xx_i2c.o(i.i2c_disable), (10 bytes).
    Removing gd32f4xx_i2c.o(i.i2c_dma_enable), (16 bytes).
    Removing gd32f4xx_i2c.o(i.i2c_dma_last_transfer_config), (16 bytes).
    Removing gd32f4xx_i2c.o(i.i2c_dualaddr_disable), (10 bytes).
    Removing gd32f4xx_i2c.o(i.i2c_dualaddr_enable), (12 bytes).
    Removing gd32f4xx_i2c.o(i.i2c_interrupt_disable), (26 bytes).
    Removing gd32f4xx_i2c.o(i.i2c_interrupt_enable), (26 bytes).
    Removing gd32f4xx_i2c.o(i.i2c_interrupt_flag_clear), (44 bytes).
    Removing gd32f4xx_i2c.o(i.i2c_interrupt_flag_get), (92 bytes).
    Removing gd32f4xx_i2c.o(i.i2c_pec_enable), (16 bytes).
    Removing gd32f4xx_i2c.o(i.i2c_pec_transfer_enable), (16 bytes).
    Removing gd32f4xx_i2c.o(i.i2c_pec_value_get), (10 bytes).
    Removing gd32f4xx_i2c.o(i.i2c_sam_disable), (14 bytes).
    Removing gd32f4xx_i2c.o(i.i2c_sam_enable), (14 bytes).
    Removing gd32f4xx_i2c.o(i.i2c_sam_timeout_disable), (14 bytes).
    Removing gd32f4xx_i2c.o(i.i2c_sam_timeout_enable), (14 bytes).
    Removing gd32f4xx_i2c.o(i.i2c_slave_response_to_gcall_config), (16 bytes).
    Removing gd32f4xx_i2c.o(i.i2c_smbus_arp_enable), (16 bytes).
    Removing gd32f4xx_i2c.o(i.i2c_smbus_issue_alert), (16 bytes).
    Removing gd32f4xx_i2c.o(i.i2c_smbus_type_config), (24 bytes).
    Removing gd32f4xx_i2c.o(i.i2c_software_reset_config), (16 bytes).
    Removing gd32f4xx_i2c.o(i.i2c_stretch_scl_low_config), (16 bytes).
    Removing gd32f4xx_ipa.o(.rev16_text), (4 bytes).
    Removing gd32f4xx_ipa.o(.revsh_text), (4 bytes).
    Removing gd32f4xx_ipa.o(i.ipa_background_init), (164 bytes).
    Removing gd32f4xx_ipa.o(i.ipa_background_lut_init), (100 bytes).
    Removing gd32f4xx_ipa.o(i.ipa_background_lut_loading_enable), (20 bytes).
    Removing gd32f4xx_ipa.o(i.ipa_background_struct_para_init), (20 bytes).
    Removing gd32f4xx_ipa.o(i.ipa_deinit), (20 bytes).
    Removing gd32f4xx_ipa.o(i.ipa_destination_init), (316 bytes).
    Removing gd32f4xx_ipa.o(i.ipa_destination_struct_para_init), (22 bytes).
    Removing gd32f4xx_ipa.o(i.ipa_flag_clear), (16 bytes).
    Removing gd32f4xx_ipa.o(i.ipa_flag_get), (24 bytes).
    Removing gd32f4xx_ipa.o(i.ipa_foreground_init), (164 bytes).
    Removing gd32f4xx_ipa.o(i.ipa_foreground_lut_init), (100 bytes).
    Removing gd32f4xx_ipa.o(i.ipa_foreground_lut_loading_enable), (20 bytes).
    Removing gd32f4xx_ipa.o(i.ipa_foreground_struct_para_init), (20 bytes).
    Removing gd32f4xx_ipa.o(i.ipa_inter_timer_config), (36 bytes).
    Removing gd32f4xx_ipa.o(i.ipa_interrupt_disable), (16 bytes).
    Removing gd32f4xx_ipa.o(i.ipa_interrupt_enable), (16 bytes).
    Removing gd32f4xx_ipa.o(i.ipa_interrupt_flag_clear), (16 bytes).
    Removing gd32f4xx_ipa.o(i.ipa_interrupt_flag_get), (24 bytes).
    Removing gd32f4xx_ipa.o(i.ipa_interval_clock_num_config), (28 bytes).
    Removing gd32f4xx_ipa.o(i.ipa_line_mark_config), (24 bytes).
    Removing gd32f4xx_ipa.o(i.ipa_pixel_format_convert_mode_set), (16 bytes).
    Removing gd32f4xx_ipa.o(i.ipa_transfer_enable), (20 bytes).
    Removing gd32f4xx_ipa.o(i.ipa_transfer_hangup_disable), (20 bytes).
    Removing gd32f4xx_ipa.o(i.ipa_transfer_hangup_enable), (20 bytes).
    Removing gd32f4xx_ipa.o(i.ipa_transfer_stop_disable), (20 bytes).
    Removing gd32f4xx_ipa.o(i.ipa_transfer_stop_enable), (20 bytes).
    Removing gd32f4xx_iref.o(.rev16_text), (4 bytes).
    Removing gd32f4xx_iref.o(.revsh_text), (4 bytes).
    Removing gd32f4xx_iref.o(i.iref_deinit), (20 bytes).
    Removing gd32f4xx_iref.o(i.iref_disable), (20 bytes).
    Removing gd32f4xx_iref.o(i.iref_enable), (20 bytes).
    Removing gd32f4xx_iref.o(i.iref_mode_set), (28 bytes).
    Removing gd32f4xx_iref.o(i.iref_precision_trim_value_set), (28 bytes).
    Removing gd32f4xx_iref.o(i.iref_sink_set), (28 bytes).
    Removing gd32f4xx_iref.o(i.iref_step_data_config), (28 bytes).
    Removing gd32f4xx_misc.o(.rev16_text), (4 bytes).
    Removing gd32f4xx_misc.o(.revsh_text), (4 bytes).
    Removing gd32f4xx_misc.o(i.nvic_irq_disable), (24 bytes).
    Removing gd32f4xx_misc.o(i.nvic_irq_enable), (196 bytes).
    Removing gd32f4xx_misc.o(i.nvic_priority_group_set), (20 bytes).
    Removing gd32f4xx_misc.o(i.nvic_vector_table_set), (20 bytes).
    Removing gd32f4xx_misc.o(i.system_lowpower_reset), (16 bytes).
    Removing gd32f4xx_misc.o(i.system_lowpower_set), (16 bytes).
    Removing gd32f4xx_misc.o(i.systick_clksource_set), (40 bytes).
    Removing gd32f4xx_pmu.o(.rev16_text), (4 bytes).
    Removing gd32f4xx_pmu.o(.revsh_text), (4 bytes).
    Removing gd32f4xx_pmu.o(i.pmu_backup_ldo_config), (28 bytes).
    Removing gd32f4xx_pmu.o(i.pmu_backup_write_disable), (20 bytes).
    Removing gd32f4xx_pmu.o(i.pmu_backup_write_enable), (20 bytes).
    Removing gd32f4xx_pmu.o(i.pmu_deinit), (20 bytes).
    Removing gd32f4xx_pmu.o(i.pmu_flag_get), (24 bytes).
    Removing gd32f4xx_pmu.o(i.pmu_flag_reset), (48 bytes).
    Removing gd32f4xx_pmu.o(i.pmu_highdriver_mode_disable), (20 bytes).
    Removing gd32f4xx_pmu.o(i.pmu_highdriver_mode_enable), (20 bytes).
    Removing gd32f4xx_pmu.o(i.pmu_highdriver_switch_select), (44 bytes).
    Removing gd32f4xx_pmu.o(i.pmu_ldo_output_select), (28 bytes).
    Removing gd32f4xx_pmu.o(i.pmu_low_driver_mode_enable), (28 bytes).
    Removing gd32f4xx_pmu.o(i.pmu_lowdriver_lowpower_config), (28 bytes).
    Removing gd32f4xx_pmu.o(i.pmu_lowdriver_normalpower_config), (28 bytes).
    Removing gd32f4xx_pmu.o(i.pmu_lvd_disable), (20 bytes).
    Removing gd32f4xx_pmu.o(i.pmu_lvd_select), (48 bytes).
    Removing gd32f4xx_pmu.o(i.pmu_to_deepsleepmode), (196 bytes).
    Removing gd32f4xx_pmu.o(i.pmu_to_sleepmode), (28 bytes).
    Removing gd32f4xx_pmu.o(i.pmu_to_standbymode), (52 bytes).
    Removing gd32f4xx_pmu.o(i.pmu_wakeup_pin_disable), (20 bytes).
    Removing gd32f4xx_pmu.o(i.pmu_wakeup_pin_enable), (20 bytes).
    Removing gd32f4xx_pmu.o(.bss), (16 bytes).
    Removing gd32f4xx_rcu.o(.rev16_text), (4 bytes).
    Removing gd32f4xx_rcu.o(.revsh_text), (4 bytes).
    Removing gd32f4xx_rcu.o(i.rcu_ahb_clock_config), (24 bytes).
    Removing gd32f4xx_rcu.o(i.rcu_all_reset_flag_clear), (20 bytes).
    Removing gd32f4xx_rcu.o(i.rcu_apb1_clock_config), (24 bytes).
    Removing gd32f4xx_rcu.o(i.rcu_apb2_clock_config), (24 bytes).
    Removing gd32f4xx_rcu.o(i.rcu_bkp_reset_disable), (20 bytes).
    Removing gd32f4xx_rcu.o(i.rcu_bkp_reset_enable), (20 bytes).
    Removing gd32f4xx_rcu.o(i.rcu_ck48m_clock_config), (24 bytes).
    Removing gd32f4xx_rcu.o(i.rcu_ckout0_config), (28 bytes).
    Removing gd32f4xx_rcu.o(i.rcu_ckout1_config), (28 bytes).
    Removing gd32f4xx_rcu.o(i.rcu_deepsleep_voltage_set), (16 bytes).
    Removing gd32f4xx_rcu.o(i.rcu_deinit), (124 bytes).
    Removing gd32f4xx_rcu.o(i.rcu_flag_get), (36 bytes).
    Removing gd32f4xx_rcu.o(i.rcu_hxtal_clock_monitor_disable), (20 bytes).
    Removing gd32f4xx_rcu.o(i.rcu_hxtal_clock_monitor_enable), (20 bytes).
    Removing gd32f4xx_rcu.o(i.rcu_i2s_clock_config), (24 bytes).
    Removing gd32f4xx_rcu.o(i.rcu_interrupt_disable), (36 bytes).
    Removing gd32f4xx_rcu.o(i.rcu_interrupt_enable), (36 bytes).
    Removing gd32f4xx_rcu.o(i.rcu_interrupt_flag_clear), (36 bytes).
    Removing gd32f4xx_rcu.o(i.rcu_interrupt_flag_get), (36 bytes).
    Removing gd32f4xx_rcu.o(i.rcu_irc16m_adjust_value_set), (28 bytes).
    Removing gd32f4xx_rcu.o(i.rcu_lxtal_drive_capability_config), (24 bytes).
    Removing gd32f4xx_rcu.o(i.rcu_osci_bypass_mode_disable), (116 bytes).
    Removing gd32f4xx_rcu.o(i.rcu_osci_bypass_mode_enable), (116 bytes).
    Removing gd32f4xx_rcu.o(i.rcu_osci_off), (36 bytes).
    Removing gd32f4xx_rcu.o(i.rcu_osci_on), (36 bytes).
    Removing gd32f4xx_rcu.o(i.rcu_osci_stab_wait), (348 bytes).
    Removing gd32f4xx_rcu.o(i.rcu_periph_clock_disable), (36 bytes).
    Removing gd32f4xx_rcu.o(i.rcu_periph_clock_sleep_disable), (36 bytes).
    Removing gd32f4xx_rcu.o(i.rcu_periph_clock_sleep_enable), (36 bytes).
    Removing gd32f4xx_rcu.o(i.rcu_periph_reset_disable), (36 bytes).
    Removing gd32f4xx_rcu.o(i.rcu_periph_reset_enable), (36 bytes).
    Removing gd32f4xx_rcu.o(i.rcu_pll48m_clock_config), (24 bytes).
    Removing gd32f4xx_rcu.o(i.rcu_pll_config), (132 bytes).
    Removing gd32f4xx_rcu.o(i.rcu_plli2s_config), (44 bytes).
    Removing gd32f4xx_rcu.o(i.rcu_pllsai_config), (72 bytes).
    Removing gd32f4xx_rcu.o(i.rcu_rtc_clock_config), (24 bytes).
    Removing gd32f4xx_rcu.o(i.rcu_rtc_div_config), (24 bytes).
    Removing gd32f4xx_rcu.o(i.rcu_spread_spectrum_config), (32 bytes).
    Removing gd32f4xx_rcu.o(i.rcu_spread_spectrum_disable), (20 bytes).
    Removing gd32f4xx_rcu.o(i.rcu_spread_spectrum_enable), (20 bytes).
    Removing gd32f4xx_rcu.o(i.rcu_system_clock_source_config), (24 bytes).
    Removing gd32f4xx_rcu.o(i.rcu_system_clock_source_get), (16 bytes).
    Removing gd32f4xx_rcu.o(i.rcu_timer_clock_prescaler_config), (36 bytes).
    Removing gd32f4xx_rcu.o(i.rcu_tli_clock_div_config), (24 bytes).
    Removing gd32f4xx_rcu.o(i.rcu_voltage_key_unlock), (16 bytes).
    Removing gd32f4xx_rtc.o(.rev16_text), (4 bytes).
    Removing gd32f4xx_rtc.o(.revsh_text), (4 bytes).
    Removing gd32f4xx_rtc.o(i.rtc_alarm_config), (100 bytes).
    Removing gd32f4xx_rtc.o(i.rtc_alarm_disable), (128 bytes).
    Removing gd32f4xx_rtc.o(i.rtc_alarm_enable), (60 bytes).
    Removing gd32f4xx_rtc.o(i.rtc_alarm_get), (68 bytes).
    Removing gd32f4xx_rtc.o(i.rtc_alarm_output_config), (84 bytes).
    Removing gd32f4xx_rtc.o(i.rtc_alarm_subsecond_config), (52 bytes).
    Removing gd32f4xx_rtc.o(i.rtc_alarm_subsecond_get), (32 bytes).
    Removing gd32f4xx_rtc.o(i.rtc_bypass_shadow_disable), (40 bytes).
    Removing gd32f4xx_rtc.o(i.rtc_bypass_shadow_enable), (40 bytes).
    Removing gd32f4xx_rtc.o(i.rtc_calibration_output_config), (48 bytes).
    Removing gd32f4xx_rtc.o(i.rtc_coarse_calibration_config), (116 bytes).
    Removing gd32f4xx_rtc.o(i.rtc_coarse_calibration_disable), (56 bytes).
    Removing gd32f4xx_rtc.o(i.rtc_coarse_calibration_enable), (56 bytes).
    Removing gd32f4xx_rtc.o(i.rtc_current_time_get), (100 bytes).
    Removing gd32f4xx_rtc.o(i.rtc_deinit), (204 bytes).
    Removing gd32f4xx_rtc.o(i.rtc_flag_clear), (16 bytes).
    Removing gd32f4xx_rtc.o(i.rtc_flag_get), (20 bytes).
    Removing gd32f4xx_rtc.o(i.rtc_hour_adjust), (36 bytes).
    Removing gd32f4xx_rtc.o(i.rtc_init), (196 bytes).
    Removing gd32f4xx_rtc.o(i.rtc_init_mode_enter), (72 bytes).
    Removing gd32f4xx_rtc.o(i.rtc_init_mode_exit), (20 bytes).
    Removing gd32f4xx_rtc.o(i.rtc_interrupt_disable), (60 bytes).
    Removing gd32f4xx_rtc.o(i.rtc_interrupt_enable), (60 bytes).
    Removing gd32f4xx_rtc.o(i.rtc_refclock_detection_disable), (56 bytes).
    Removing gd32f4xx_rtc.o(i.rtc_refclock_detection_enable), (56 bytes).
    Removing gd32f4xx_rtc.o(i.rtc_register_sync_wait), (96 bytes).
    Removing gd32f4xx_rtc.o(i.rtc_second_adjust), (108 bytes).
    Removing gd32f4xx_rtc.o(i.rtc_smooth_calibration_config), (80 bytes).
    Removing gd32f4xx_rtc.o(i.rtc_subsecond_get), (20 bytes).
    Removing gd32f4xx_rtc.o(i.rtc_tamper0_pin_map), (28 bytes).
    Removing gd32f4xx_rtc.o(i.rtc_tamper_disable), (16 bytes).
    Removing gd32f4xx_rtc.o(i.rtc_tamper_enable), (200 bytes).
    Removing gd32f4xx_rtc.o(i.rtc_timestamp_disable), (40 bytes).
    Removing gd32f4xx_rtc.o(i.rtc_timestamp_enable), (48 bytes).
    Removing gd32f4xx_rtc.o(i.rtc_timestamp_get), (60 bytes).
    Removing gd32f4xx_rtc.o(i.rtc_timestamp_pin_map), (28 bytes).
    Removing gd32f4xx_rtc.o(i.rtc_timestamp_subsecond_get), (12 bytes).
    Removing gd32f4xx_rtc.o(i.rtc_wakeup_clock_set), (92 bytes).
    Removing gd32f4xx_rtc.o(i.rtc_wakeup_disable), (84 bytes).
    Removing gd32f4xx_rtc.o(i.rtc_wakeup_enable), (40 bytes).
    Removing gd32f4xx_rtc.o(i.rtc_wakeup_timer_get), (12 bytes).
    Removing gd32f4xx_rtc.o(i.rtc_wakeup_timer_set), (76 bytes).
    Removing gd32f4xx_sdio.o(.rev16_text), (4 bytes).
    Removing gd32f4xx_sdio.o(.revsh_text), (4 bytes).
    Removing gd32f4xx_sdio.o(i.sdio_bus_mode_set), (28 bytes).
    Removing gd32f4xx_sdio.o(i.sdio_ceata_command_completion_disable), (20 bytes).
    Removing gd32f4xx_sdio.o(i.sdio_ceata_command_completion_enable), (20 bytes).
    Removing gd32f4xx_sdio.o(i.sdio_ceata_command_disable), (20 bytes).
    Removing gd32f4xx_sdio.o(i.sdio_ceata_command_enable), (20 bytes).
    Removing gd32f4xx_sdio.o(i.sdio_ceata_interrupt_disable), (20 bytes).
    Removing gd32f4xx_sdio.o(i.sdio_ceata_interrupt_enable), (20 bytes).
    Removing gd32f4xx_sdio.o(i.sdio_clock_config), (52 bytes).
    Removing gd32f4xx_sdio.o(i.sdio_clock_disable), (20 bytes).
    Removing gd32f4xx_sdio.o(i.sdio_clock_enable), (20 bytes).
    Removing gd32f4xx_sdio.o(i.sdio_command_index_get), (12 bytes).
    Removing gd32f4xx_sdio.o(i.sdio_command_response_config), (56 bytes).
    Removing gd32f4xx_sdio.o(i.sdio_csm_disable), (20 bytes).
    Removing gd32f4xx_sdio.o(i.sdio_csm_enable), (20 bytes).
    Removing gd32f4xx_sdio.o(i.sdio_data_config), (60 bytes).
    Removing gd32f4xx_sdio.o(i.sdio_data_counter_get), (12 bytes).
    Removing gd32f4xx_sdio.o(i.sdio_data_read), (12 bytes).
    Removing gd32f4xx_sdio.o(i.sdio_data_transfer_config), (28 bytes).
    Removing gd32f4xx_sdio.o(i.sdio_data_write), (12 bytes).
    Removing gd32f4xx_sdio.o(i.sdio_deinit), (20 bytes).
    Removing gd32f4xx_sdio.o(i.sdio_dma_disable), (20 bytes).
    Removing gd32f4xx_sdio.o(i.sdio_dma_enable), (20 bytes).
    Removing gd32f4xx_sdio.o(i.sdio_dsm_disable), (20 bytes).
    Removing gd32f4xx_sdio.o(i.sdio_dsm_enable), (20 bytes).
    Removing gd32f4xx_sdio.o(i.sdio_fifo_counter_get), (12 bytes).
    Removing gd32f4xx_sdio.o(i.sdio_flag_clear), (12 bytes).
    Removing gd32f4xx_sdio.o(i.sdio_flag_get), (20 bytes).
    Removing gd32f4xx_sdio.o(i.sdio_hardware_clock_disable), (20 bytes).
    Removing gd32f4xx_sdio.o(i.sdio_hardware_clock_enable), (20 bytes).
    Removing gd32f4xx_sdio.o(i.sdio_interrupt_disable), (16 bytes).
    Removing gd32f4xx_sdio.o(i.sdio_interrupt_enable), (16 bytes).
    Removing gd32f4xx_sdio.o(i.sdio_interrupt_flag_clear), (12 bytes).
    Removing gd32f4xx_sdio.o(i.sdio_interrupt_flag_get), (20 bytes).
    Removing gd32f4xx_sdio.o(i.sdio_operation_disable), (20 bytes).
    Removing gd32f4xx_sdio.o(i.sdio_operation_enable), (20 bytes).
    Removing gd32f4xx_sdio.o(i.sdio_power_state_get), (12 bytes).
    Removing gd32f4xx_sdio.o(i.sdio_power_state_set), (12 bytes).
    Removing gd32f4xx_sdio.o(i.sdio_readwait_disable), (20 bytes).
    Removing gd32f4xx_sdio.o(i.sdio_readwait_enable), (20 bytes).
    Removing gd32f4xx_sdio.o(i.sdio_readwait_type_set), (40 bytes).
    Removing gd32f4xx_sdio.o(i.sdio_response_get), (60 bytes).
    Removing gd32f4xx_sdio.o(i.sdio_stop_readwait_disable), (20 bytes).
    Removing gd32f4xx_sdio.o(i.sdio_stop_readwait_enable), (20 bytes).
    Removing gd32f4xx_sdio.o(i.sdio_suspend_disable), (20 bytes).
    Removing gd32f4xx_sdio.o(i.sdio_suspend_enable), (20 bytes).
    Removing gd32f4xx_sdio.o(i.sdio_wait_type_set), (28 bytes).
    Removing gd32f4xx_spi.o(.rev16_text), (4 bytes).
    Removing gd32f4xx_spi.o(.revsh_text), (4 bytes).
    Removing gd32f4xx_spi.o(i.i2s_disable), (10 bytes).
    Removing gd32f4xx_spi.o(i.i2s_enable), (10 bytes).
    Removing gd32f4xx_spi.o(i.i2s_full_duplex_mode_config), (48 bytes).
    Removing gd32f4xx_spi.o(i.i2s_init), (28 bytes).
    Removing gd32f4xx_spi.o(i.i2s_psc_config), (292 bytes).
    Removing gd32f4xx_spi.o(i.qspi_disable), (14 bytes).
    Removing gd32f4xx_spi.o(i.qspi_enable), (14 bytes).
    Removing gd32f4xx_spi.o(i.qspi_io23_output_disable), (14 bytes).
    Removing gd32f4xx_spi.o(i.qspi_io23_output_enable), (14 bytes).
    Removing gd32f4xx_spi.o(i.qspi_read_enable), (14 bytes).
    Removing gd32f4xx_spi.o(i.qspi_write_enable), (14 bytes).
    Removing gd32f4xx_spi.o(i.spi_bidirectional_transfer_config), (26 bytes).
    Removing gd32f4xx_spi.o(i.spi_crc_error_clear), (10 bytes).
    Removing gd32f4xx_spi.o(i.spi_crc_get), (16 bytes).
    Removing gd32f4xx_spi.o(i.spi_crc_next), (10 bytes).
    Removing gd32f4xx_spi.o(i.spi_crc_off), (10 bytes).
    Removing gd32f4xx_spi.o(i.spi_crc_on), (10 bytes).
    Removing gd32f4xx_spi.o(i.spi_crc_polynomial_get), (8 bytes).
    Removing gd32f4xx_spi.o(i.spi_crc_polynomial_set), (12 bytes).
    Removing gd32f4xx_spi.o(i.spi_disable), (10 bytes).
    Removing gd32f4xx_spi.o(i.spi_dma_disable), (22 bytes).
    Removing gd32f4xx_spi.o(i.spi_dma_enable), (22 bytes).
    Removing gd32f4xx_spi.o(i.spi_enable), (10 bytes).
    Removing gd32f4xx_spi.o(i.spi_i2s_data_frame_format_config), (16 bytes).
    Removing gd32f4xx_spi.o(i.spi_i2s_data_receive), (8 bytes).
    Removing gd32f4xx_spi.o(i.spi_i2s_data_transmit), (4 bytes).
    Removing gd32f4xx_spi.o(i.spi_i2s_deinit), (172 bytes).
    Removing gd32f4xx_spi.o(i.spi_i2s_flag_get), (16 bytes).
    Removing gd32f4xx_spi.o(i.spi_i2s_interrupt_disable), (48 bytes).
    Removing gd32f4xx_spi.o(i.spi_i2s_interrupt_enable), (48 bytes).
    Removing gd32f4xx_spi.o(i.spi_i2s_interrupt_flag_get), (112 bytes).
    Removing gd32f4xx_spi.o(i.spi_init), (50 bytes).
    Removing gd32f4xx_spi.o(i.spi_nss_internal_high), (10 bytes).
    Removing gd32f4xx_spi.o(i.spi_nss_internal_low), (10 bytes).
    Removing gd32f4xx_spi.o(i.spi_nss_output_disable), (10 bytes).
    Removing gd32f4xx_spi.o(i.spi_nss_output_enable), (10 bytes).
    Removing gd32f4xx_spi.o(i.spi_struct_para_init), (18 bytes).
    Removing gd32f4xx_spi.o(i.spi_ti_mode_disable), (10 bytes).
    Removing gd32f4xx_spi.o(i.spi_ti_mode_enable), (10 bytes).
    Removing gd32f4xx_syscfg.o(.rev16_text), (4 bytes).
    Removing gd32f4xx_syscfg.o(.revsh_text), (4 bytes).
    Removing gd32f4xx_syscfg.o(i.syscfg_bootmode_config), (28 bytes).
    Removing gd32f4xx_syscfg.o(i.syscfg_compensation_config), (24 bytes).
    Removing gd32f4xx_syscfg.o(i.syscfg_deinit), (20 bytes).
    Removing gd32f4xx_syscfg.o(i.syscfg_enet_phy_interface_config), (24 bytes).
    Removing gd32f4xx_syscfg.o(i.syscfg_exmc_swap_config), (24 bytes).
    Removing gd32f4xx_syscfg.o(i.syscfg_exti_line_config), (172 bytes).
    Removing gd32f4xx_syscfg.o(i.syscfg_flag_get), (24 bytes).
    Removing gd32f4xx_syscfg.o(i.syscfg_fmc_swap_config), (24 bytes).
    Removing gd32f4xx_timer.o(.rev16_text), (4 bytes).
    Removing gd32f4xx_timer.o(.revsh_text), (4 bytes).
    Removing gd32f4xx_timer.o(i.timer_auto_reload_shadow_disable), (10 bytes).
    Removing gd32f4xx_timer.o(i.timer_auto_reload_shadow_enable), (10 bytes).
    Removing gd32f4xx_timer.o(i.timer_automatic_output_disable), (10 bytes).
    Removing gd32f4xx_timer.o(i.timer_automatic_output_enable), (10 bytes).
    Removing gd32f4xx_timer.o(i.timer_autoreload_value_config), (4 bytes).
    Removing gd32f4xx_timer.o(i.timer_break_config), (30 bytes).
    Removing gd32f4xx_timer.o(i.timer_break_disable), (10 bytes).
    Removing gd32f4xx_timer.o(i.timer_break_enable), (10 bytes).
    Removing gd32f4xx_timer.o(i.timer_break_struct_para_init), (18 bytes).
    Removing gd32f4xx_timer.o(i.timer_channel_capture_value_register_read), (42 bytes).
    Removing gd32f4xx_timer.o(i.timer_channel_complementary_output_polarity_config), (70 bytes).
    Removing gd32f4xx_timer.o(i.timer_channel_complementary_output_state_config), (70 bytes).
    Removing gd32f4xx_timer.o(i.timer_channel_control_shadow_config), (24 bytes).
    Removing gd32f4xx_timer.o(i.timer_channel_control_shadow_update_config), (26 bytes).
    Removing gd32f4xx_timer.o(i.timer_channel_dma_request_source_select), (26 bytes).
    Removing gd32f4xx_timer.o(i.timer_channel_input_capture_prescaler_config), (90 bytes).
    Removing gd32f4xx_timer.o(i.timer_channel_input_struct_para_init), (16 bytes).
    Removing gd32f4xx_timer.o(i.timer_channel_output_clear_config), (90 bytes).
    Removing gd32f4xx_timer.o(i.timer_channel_output_config), (492 bytes).
    Removing gd32f4xx_timer.o(i.timer_channel_output_fast_config), (90 bytes).
    Removing gd32f4xx_timer.o(i.timer_channel_output_mode_config), (90 bytes).
    Removing gd32f4xx_timer.o(i.timer_channel_output_polarity_config), (92 bytes).
    Removing gd32f4xx_timer.o(i.timer_channel_output_pulse_value_config), (38 bytes).
    Removing gd32f4xx_timer.o(i.timer_channel_output_shadow_config), (90 bytes).
    Removing gd32f4xx_timer.o(i.timer_channel_output_state_config), (92 bytes).
    Removing gd32f4xx_timer.o(i.timer_channel_output_struct_para_init), (16 bytes).
    Removing gd32f4xx_timer.o(i.timer_channel_remap_config), (4 bytes).
    Removing gd32f4xx_timer.o(i.timer_counter_alignment), (16 bytes).
    Removing gd32f4xx_timer.o(i.timer_counter_down_direction), (10 bytes).
    Removing gd32f4xx_timer.o(i.timer_counter_read), (8 bytes).
    Removing gd32f4xx_timer.o(i.timer_counter_up_direction), (10 bytes).
    Removing gd32f4xx_timer.o(i.timer_counter_value_config), (4 bytes).
    Removing gd32f4xx_timer.o(i.timer_deinit), (388 bytes).
    Removing gd32f4xx_timer.o(i.timer_disable), (10 bytes).
    Removing gd32f4xx_timer.o(i.timer_dma_disable), (8 bytes).
    Removing gd32f4xx_timer.o(i.timer_dma_enable), (8 bytes).
    Removing gd32f4xx_timer.o(i.timer_dma_transfer_config), (24 bytes).
    Removing gd32f4xx_timer.o(i.timer_enable), (10 bytes).
    Removing gd32f4xx_timer.o(i.timer_event_software_generate), (8 bytes).
    Removing gd32f4xx_timer.o(i.timer_external_clock_mode0_config), (40 bytes).
    Removing gd32f4xx_timer.o(i.timer_external_clock_mode1_config), (32 bytes).
    Removing gd32f4xx_timer.o(i.timer_external_clock_mode1_disable), (10 bytes).
    Removing gd32f4xx_timer.o(i.timer_external_trigger_as_external_clock_config), (166 bytes).
    Removing gd32f4xx_timer.o(i.timer_external_trigger_config), (30 bytes).
    Removing gd32f4xx_timer.o(i.timer_flag_clear), (6 bytes).
    Removing gd32f4xx_timer.o(i.timer_flag_get), (16 bytes).
    Removing gd32f4xx_timer.o(i.timer_hall_mode_config), (26 bytes).
    Removing gd32f4xx_timer.o(i.timer_init), (152 bytes).
    Removing gd32f4xx_timer.o(i.timer_input_capture_config), (326 bytes).
    Removing gd32f4xx_timer.o(i.timer_input_pwm_capture_config), (356 bytes).
    Removing gd32f4xx_timer.o(i.timer_input_trigger_source_select), (16 bytes).
    Removing gd32f4xx_timer.o(i.timer_internal_clock_config), (10 bytes).
    Removing gd32f4xx_timer.o(i.timer_internal_trigger_as_external_clock_config), (32 bytes).
    Removing gd32f4xx_timer.o(i.timer_interrupt_disable), (8 bytes).
    Removing gd32f4xx_timer.o(i.timer_interrupt_enable), (8 bytes).
    Removing gd32f4xx_timer.o(i.timer_interrupt_flag_clear), (6 bytes).
    Removing gd32f4xx_timer.o(i.timer_interrupt_flag_get), (24 bytes).
    Removing gd32f4xx_timer.o(i.timer_master_output_trigger_source_select), (16 bytes).
    Removing gd32f4xx_timer.o(i.timer_master_slave_mode_config), (26 bytes).
    Removing gd32f4xx_timer.o(i.timer_output_value_selection_config), (34 bytes).
    Removing gd32f4xx_timer.o(i.timer_prescaler_config), (14 bytes).
    Removing gd32f4xx_timer.o(i.timer_prescaler_read), (10 bytes).
    Removing gd32f4xx_timer.o(i.timer_primary_output_config), (24 bytes).
    Removing gd32f4xx_timer.o(i.timer_quadrature_decoder_mode_config), (64 bytes).
    Removing gd32f4xx_timer.o(i.timer_repetition_value_config), (4 bytes).
    Removing gd32f4xx_timer.o(i.timer_single_pulse_mode_config), (26 bytes).
    Removing gd32f4xx_timer.o(i.timer_slave_mode_select), (16 bytes).
    Removing gd32f4xx_timer.o(i.timer_struct_para_init), (22 bytes).
    Removing gd32f4xx_timer.o(i.timer_update_event_disable), (10 bytes).
    Removing gd32f4xx_timer.o(i.timer_update_event_enable), (10 bytes).
    Removing gd32f4xx_timer.o(i.timer_update_source_config), (26 bytes).
    Removing gd32f4xx_timer.o(i.timer_write_chxval_register_config), (34 bytes).
    Removing gd32f4xx_tli.o(.rev16_text), (4 bytes).
    Removing gd32f4xx_tli.o(.revsh_text), (4 bytes).
    Removing gd32f4xx_tli.o(i.tli_color_key_disable), (14 bytes).
    Removing gd32f4xx_tli.o(i.tli_color_key_enable), (14 bytes).
    Removing gd32f4xx_tli.o(i.tli_color_key_init), (16 bytes).
    Removing gd32f4xx_tli.o(i.tli_current_pos_get), (12 bytes).
    Removing gd32f4xx_tli.o(i.tli_deinit), (20 bytes).
    Removing gd32f4xx_tli.o(i.tli_disable), (20 bytes).
    Removing gd32f4xx_tli.o(i.tli_dither_config), (36 bytes).
    Removing gd32f4xx_tli.o(i.tli_enable), (20 bytes).
    Removing gd32f4xx_tli.o(i.tli_flag_get), (36 bytes).
    Removing gd32f4xx_tli.o(i.tli_init), (188 bytes).
    Removing gd32f4xx_tli.o(i.tli_interrupt_disable), (16 bytes).
    Removing gd32f4xx_tli.o(i.tli_interrupt_enable), (16 bytes).
    Removing gd32f4xx_tli.o(i.tli_interrupt_flag_clear), (16 bytes).
    Removing gd32f4xx_tli.o(i.tli_interrupt_flag_get), (36 bytes).
    Removing gd32f4xx_tli.o(i.tli_layer_disable), (14 bytes).
    Removing gd32f4xx_tli.o(i.tli_layer_enable), (14 bytes).
    Removing gd32f4xx_tli.o(i.tli_layer_init), (152 bytes).
    Removing gd32f4xx_tli.o(i.tli_layer_struct_para_init), (48 bytes).
    Removing gd32f4xx_tli.o(i.tli_layer_window_offset_modify), (228 bytes).
    Removing gd32f4xx_tli.o(i.tli_line_mark_set), (24 bytes).
    Removing gd32f4xx_tli.o(i.tli_lut_disable), (14 bytes).
    Removing gd32f4xx_tli.o(i.tli_lut_enable), (14 bytes).
    Removing gd32f4xx_tli.o(i.tli_lut_init), (36 bytes).
    Removing gd32f4xx_tli.o(i.tli_lut_struct_para_init), (12 bytes).
    Removing gd32f4xx_tli.o(i.tli_reload_config), (36 bytes).
    Removing gd32f4xx_tli.o(i.tli_struct_para_init), (34 bytes).
    Removing gd32f4xx_trng.o(.rev16_text), (4 bytes).
    Removing gd32f4xx_trng.o(.revsh_text), (4 bytes).
    Removing gd32f4xx_trng.o(i.trng_deinit), (20 bytes).
    Removing gd32f4xx_trng.o(i.trng_disable), (20 bytes).
    Removing gd32f4xx_trng.o(i.trng_enable), (20 bytes).
    Removing gd32f4xx_trng.o(i.trng_flag_get), (24 bytes).
    Removing gd32f4xx_trng.o(i.trng_get_true_random_data), (12 bytes).
    Removing gd32f4xx_trng.o(i.trng_interrupt_disable), (20 bytes).
    Removing gd32f4xx_trng.o(i.trng_interrupt_enable), (20 bytes).
    Removing gd32f4xx_trng.o(i.trng_interrupt_flag_clear), (16 bytes).
    Removing gd32f4xx_trng.o(i.trng_interrupt_flag_get), (24 bytes).
    Removing gd32f4xx_usart.o(.rev16_text), (4 bytes).
    Removing gd32f4xx_usart.o(.revsh_text), (4 bytes).
    Removing gd32f4xx_usart.o(i.usart_address_config), (20 bytes).
    Removing gd32f4xx_usart.o(i.usart_baudrate_set), (232 bytes).
    Removing gd32f4xx_usart.o(i.usart_block_length_config), (28 bytes).
    Removing gd32f4xx_usart.o(i.usart_break_frame_coherence_config), (24 bytes).
    Removing gd32f4xx_usart.o(i.usart_data_first_config), (20 bytes).
    Removing gd32f4xx_usart.o(i.usart_data_receive), (10 bytes).
    Removing gd32f4xx_usart.o(i.usart_data_transmit), (8 bytes).
    Removing gd32f4xx_usart.o(i.usart_deinit), (220 bytes).
    Removing gd32f4xx_usart.o(i.usart_disable), (10 bytes).
    Removing gd32f4xx_usart.o(i.usart_dma_receive_config), (16 bytes).
    Removing gd32f4xx_usart.o(i.usart_dma_transmit_config), (16 bytes).
    Removing gd32f4xx_usart.o(i.usart_enable), (10 bytes).
    Removing gd32f4xx_usart.o(i.usart_flag_clear), (26 bytes).
    Removing gd32f4xx_usart.o(i.usart_flag_get), (30 bytes).
    Removing gd32f4xx_usart.o(i.usart_guard_time_config), (24 bytes).
    Removing gd32f4xx_usart.o(i.usart_halfduplex_disable), (10 bytes).
    Removing gd32f4xx_usart.o(i.usart_halfduplex_enable), (10 bytes).
    Removing gd32f4xx_usart.o(i.usart_hardware_flow_coherence_config), (24 bytes).
    Removing gd32f4xx_usart.o(i.usart_hardware_flow_cts_config), (16 bytes).
    Removing gd32f4xx_usart.o(i.usart_hardware_flow_rts_config), (16 bytes).
    Removing gd32f4xx_usart.o(i.usart_interrupt_disable), (26 bytes).
    Removing gd32f4xx_usart.o(i.usart_interrupt_enable), (26 bytes).
    Removing gd32f4xx_usart.o(i.usart_interrupt_flag_clear), (26 bytes).
    Removing gd32f4xx_usart.o(i.usart_interrupt_flag_get), (56 bytes).
    Removing gd32f4xx_usart.o(i.usart_invert_config), (104 bytes).
    Removing gd32f4xx_usart.o(i.usart_irda_lowpower_config), (20 bytes).
    Removing gd32f4xx_usart.o(i.usart_irda_mode_disable), (10 bytes).
    Removing gd32f4xx_usart.o(i.usart_irda_mode_enable), (10 bytes).
    Removing gd32f4xx_usart.o(i.usart_lin_break_detection_length_config), (20 bytes).
    Removing gd32f4xx_usart.o(i.usart_lin_mode_disable), (10 bytes).
    Removing gd32f4xx_usart.o(i.usart_lin_mode_enable), (10 bytes).
    Removing gd32f4xx_usart.o(i.usart_mute_mode_disable), (10 bytes).
    Removing gd32f4xx_usart.o(i.usart_mute_mode_enable), (10 bytes).
    Removing gd32f4xx_usart.o(i.usart_mute_mode_wakeup_config), (16 bytes).
    Removing gd32f4xx_usart.o(i.usart_oversample_config), (16 bytes).
    Removing gd32f4xx_usart.o(i.usart_parity_check_coherence_config), (24 bytes).
    Removing gd32f4xx_usart.o(i.usart_parity_config), (16 bytes).
    Removing gd32f4xx_usart.o(i.usart_prescaler_config), (16 bytes).
    Removing gd32f4xx_usart.o(i.usart_receive_config), (16 bytes).
    Removing gd32f4xx_usart.o(i.usart_receiver_timeout_disable), (14 bytes).
    Removing gd32f4xx_usart.o(i.usart_receiver_timeout_enable), (14 bytes).
    Removing gd32f4xx_usart.o(i.usart_receiver_timeout_threshold_config), (20 bytes).
    Removing gd32f4xx_usart.o(i.usart_sample_bit_config), (16 bytes).
    Removing gd32f4xx_usart.o(i.usart_send_break), (10 bytes).
    Removing gd32f4xx_usart.o(i.usart_smartcard_autoretry_config), (26 bytes).
    Removing gd32f4xx_usart.o(i.usart_smartcard_mode_disable), (10 bytes).
    Removing gd32f4xx_usart.o(i.usart_smartcard_mode_enable), (10 bytes).
    Removing gd32f4xx_usart.o(i.usart_smartcard_mode_nack_disable), (10 bytes).
    Removing gd32f4xx_usart.o(i.usart_smartcard_mode_nack_enable), (10 bytes).
    Removing gd32f4xx_usart.o(i.usart_stop_bit_set), (16 bytes).
    Removing gd32f4xx_usart.o(i.usart_synchronous_clock_config), (34 bytes).
    Removing gd32f4xx_usart.o(i.usart_synchronous_clock_disable), (10 bytes).
    Removing gd32f4xx_usart.o(i.usart_synchronous_clock_enable), (10 bytes).
    Removing gd32f4xx_usart.o(i.usart_transmit_config), (16 bytes).
    Removing gd32f4xx_usart.o(i.usart_word_length_set), (16 bytes).
    Removing gd32f4xx_wwdgt.o(.rev16_text), (4 bytes).
    Removing gd32f4xx_wwdgt.o(.revsh_text), (4 bytes).
    Removing gd32f4xx_wwdgt.o(i.wwdgt_config), (56 bytes).
    Removing gd32f4xx_wwdgt.o(i.wwdgt_counter_update), (28 bytes).
    Removing gd32f4xx_wwdgt.o(i.wwdgt_deinit), (20 bytes).
    Removing gd32f4xx_wwdgt.o(i.wwdgt_enable), (20 bytes).
    Removing gd32f4xx_wwdgt.o(i.wwdgt_flag_clear), (20 bytes).
    Removing gd32f4xx_wwdgt.o(i.wwdgt_flag_get), (24 bytes).
    Removing gd32f4xx_wwdgt.o(i.wwdgt_interrupt_enable), (20 bytes).
    Removing system_gd32f4xx.o(.rev16_text), (4 bytes).
    Removing system_gd32f4xx.o(.revsh_text), (4 bytes).
    Removing system_gd32f4xx.o(i.SystemCoreClockUpdate), (272 bytes).
    Removing startup_gd32f450.o(HEAP), (1024 bytes).

909 unused section(s) (total 55698 bytes) removed from the image.

==============================================================================

Image Symbol Table

    Local Symbols

    Symbol Name                              Value     Ov Type        Size  Object(Section)

    ../clib/microlib/errno.c                 0x00000000   Number         0  errno.o ABSOLUTE
    ../clib/microlib/init/entry.s            0x00000000   Number         0  entry11b.o ABSOLUTE
    ../clib/microlib/init/entry.s            0x00000000   Number         0  entry9a.o ABSOLUTE
    ../clib/microlib/init/entry.s            0x00000000   Number         0  entry8b.o ABSOLUTE
    ../clib/microlib/init/entry.s            0x00000000   Number         0  entry8a.o ABSOLUTE
    ../clib/microlib/init/entry.s            0x00000000   Number         0  entry7b.o ABSOLUTE
    ../clib/microlib/init/entry.s            0x00000000   Number         0  entry7a.o ABSOLUTE
    ../clib/microlib/init/entry.s            0x00000000   Number         0  entry5.o ABSOLUTE
    ../clib/microlib/init/entry.s            0x00000000   Number         0  entry2.o ABSOLUTE
    ../clib/microlib/init/entry.s            0x00000000   Number         0  entry10b.o ABSOLUTE
    ../clib/microlib/init/entry.s            0x00000000   Number         0  entry.o ABSOLUTE
    ../clib/microlib/init/entry.s            0x00000000   Number         0  entry12b.o ABSOLUTE
    ../clib/microlib/init/entry.s            0x00000000   Number         0  entry12a.o ABSOLUTE
    ../clib/microlib/init/entry.s            0x00000000   Number         0  entry11a.o ABSOLUTE
    ../clib/microlib/init/entry.s            0x00000000   Number         0  entry10a.o ABSOLUTE
    ../clib/microlib/init/entry.s            0x00000000   Number         0  entry9b.o ABSOLUTE
    ../clib/microlib/longlong.c              0x00000000   Number         0  llsshr.o ABSOLUTE
    ../clib/microlib/longlong.c              0x00000000   Number         0  llushr.o ABSOLUTE
    ../clib/microlib/longlong.c              0x00000000   Number         0  llshl.o ABSOLUTE
    ../clib/microlib/stubs.s                 0x00000000   Number         0  iusefp.o ABSOLUTE
    ../fplib/microlib/f2d.c                  0x00000000   Number         0  f2d.o ABSOLUTE
    ../fplib/microlib/fpadd.c                0x00000000   Number         0  dadd.o ABSOLUTE
    ../fplib/microlib/fpdiv.c                0x00000000   Number         0  ddiv.o ABSOLUTE
    ../fplib/microlib/fpepilogue.c           0x00000000   Number         0  depilogue.o ABSOLUTE
    ../fplib/microlib/fpfix.c                0x00000000   Number         0  dfixi.o ABSOLUTE
    ../fplib/microlib/fpflt.c                0x00000000   Number         0  dflti.o ABSOLUTE
    ../fplib/microlib/fpmul.c                0x00000000   Number         0  dmul.o ABSOLUTE
    ../mathlib/dunder.c                      0x00000000   Number         0  dunder.o ABSOLUTE
    ../mathlib/exp.c                         0x00000000   Number         0  exp_x.o ABSOLUTE
    ../mathlib/exp.c                         0x00000000   Number         0  exp.o ABSOLUTE
    ../mathlib/fpclassify.c                  0x00000000   Number         0  fpclassify.o ABSOLUTE
    ../mathlib/poly.c                        0x00000000   Number         0  poly.o ABSOLUTE
    ../mathlib/qnan.c                        0x00000000   Number         0  qnan.o ABSOLUTE
    Application\\src\\gd32f4xx_it.c          0x00000000   Number         0  gd32f4xx_it.o ABSOLUTE
    Application\\src\\i2c_test.c             0x00000000   Number         0  i2c_test.o ABSOLUTE
    Application\\src\\main.c                 0x00000000   Number         0  main.o ABSOLUTE
    Application\\src\\systick.c              0x00000000   Number         0  systick.o ABSOLUTE
    Application\src\gd32f4xx_it.c            0x00000000   Number         0  gd32f4xx_it.o ABSOLUTE
    Application\src\i2c_test.c               0x00000000   Number         0  i2c_test.o ABSOLUTE
    Application\src\main.c                   0x00000000   Number         0  main.o ABSOLUTE
    Application\src\systick.c                0x00000000   Number         0  systick.o ABSOLUTE
    CMSIS\GD\GD32F4xx\Source\ARM\startup_gd32f450.s 0x00000000   Number         0  startup_gd32f450.o ABSOLUTE
    CMSIS\GD\GD32F4xx\Source\system_gd32f4xx.c 0x00000000   Number         0  system_gd32f4xx.o ABSOLUTE
    CMSIS\\GD\\GD32F4xx\\Source\\system_gd32f4xx.c 0x00000000   Number         0  system_gd32f4xx.o ABSOLUTE
    GD32F450Z_BSP\\src\\ht16k33.c            0x00000000   Number         0  ht16k33.o ABSOLUTE
    GD32F450Z_BSP\\src\\i2c.c                0x00000000   Number         0  i2c.o ABSOLUTE
    GD32F450Z_BSP\\src\\pca9685.c            0x00000000   Number         0  pca9685.o ABSOLUTE
    GD32F450Z_BSP\src\ht16k33.c              0x00000000   Number         0  ht16k33.o ABSOLUTE
    GD32F450Z_BSP\src\i2c.c                  0x00000000   Number         0  i2c.o ABSOLUTE
    GD32F450Z_BSP\src\pca9685.c              0x00000000   Number         0  pca9685.o ABSOLUTE
    GD32F4xx_standard_peripheral\Source\gd32f4xx_adc.c 0x00000000   Number         0  gd32f4xx_adc.o ABSOLUTE
    GD32F4xx_standard_peripheral\Source\gd32f4xx_can.c 0x00000000   Number         0  gd32f4xx_can.o ABSOLUTE
    GD32F4xx_standard_peripheral\Source\gd32f4xx_crc.c 0x00000000   Number         0  gd32f4xx_crc.o ABSOLUTE
    GD32F4xx_standard_peripheral\Source\gd32f4xx_ctc.c 0x00000000   Number         0  gd32f4xx_ctc.o ABSOLUTE
    GD32F4xx_standard_peripheral\Source\gd32f4xx_dac.c 0x00000000   Number         0  gd32f4xx_dac.o ABSOLUTE
    GD32F4xx_standard_peripheral\Source\gd32f4xx_dbg.c 0x00000000   Number         0  gd32f4xx_dbg.o ABSOLUTE
    GD32F4xx_standard_peripheral\Source\gd32f4xx_dci.c 0x00000000   Number         0  gd32f4xx_dci.o ABSOLUTE
    GD32F4xx_standard_peripheral\Source\gd32f4xx_dma.c 0x00000000   Number         0  gd32f4xx_dma.o ABSOLUTE
    GD32F4xx_standard_peripheral\Source\gd32f4xx_enet.c 0x00000000   Number         0  gd32f4xx_enet.o ABSOLUTE
    GD32F4xx_standard_peripheral\Source\gd32f4xx_exmc.c 0x00000000   Number         0  gd32f4xx_exmc.o ABSOLUTE
    GD32F4xx_standard_peripheral\Source\gd32f4xx_exti.c 0x00000000   Number         0  gd32f4xx_exti.o ABSOLUTE
    GD32F4xx_standard_peripheral\Source\gd32f4xx_fmc.c 0x00000000   Number         0  gd32f4xx_fmc.o ABSOLUTE
    GD32F4xx_standard_peripheral\Source\gd32f4xx_fwdgt.c 0x00000000   Number         0  gd32f4xx_fwdgt.o ABSOLUTE
    GD32F4xx_standard_peripheral\Source\gd32f4xx_gpio.c 0x00000000   Number         0  gd32f4xx_gpio.o ABSOLUTE
    GD32F4xx_standard_peripheral\Source\gd32f4xx_i2c.c 0x00000000   Number         0  gd32f4xx_i2c.o ABSOLUTE
    GD32F4xx_standard_peripheral\Source\gd32f4xx_ipa.c 0x00000000   Number         0  gd32f4xx_ipa.o ABSOLUTE
    GD32F4xx_standard_peripheral\Source\gd32f4xx_iref.c 0x00000000   Number         0  gd32f4xx_iref.o ABSOLUTE
    GD32F4xx_standard_peripheral\Source\gd32f4xx_misc.c 0x00000000   Number         0  gd32f4xx_misc.o ABSOLUTE
    GD32F4xx_standard_peripheral\Source\gd32f4xx_pmu.c 0x00000000   Number         0  gd32f4xx_pmu.o ABSOLUTE
    GD32F4xx_standard_peripheral\Source\gd32f4xx_rcu.c 0x00000000   Number         0  gd32f4xx_rcu.o ABSOLUTE
    GD32F4xx_standard_peripheral\Source\gd32f4xx_rtc.c 0x00000000   Number         0  gd32f4xx_rtc.o ABSOLUTE
    GD32F4xx_standard_peripheral\Source\gd32f4xx_sdio.c 0x00000000   Number         0  gd32f4xx_sdio.o ABSOLUTE
    GD32F4xx_standard_peripheral\Source\gd32f4xx_spi.c 0x00000000   Number         0  gd32f4xx_spi.o ABSOLUTE
    GD32F4xx_standard_peripheral\Source\gd32f4xx_syscfg.c 0x00000000   Number         0  gd32f4xx_syscfg.o ABSOLUTE
    GD32F4xx_standard_peripheral\Source\gd32f4xx_timer.c 0x00000000   Number         0  gd32f4xx_timer.o ABSOLUTE
    GD32F4xx_standard_peripheral\Source\gd32f4xx_tli.c 0x00000000   Number         0  gd32f4xx_tli.o ABSOLUTE
    GD32F4xx_standard_peripheral\Source\gd32f4xx_trng.c 0x00000000   Number         0  gd32f4xx_trng.o ABSOLUTE
    GD32F4xx_standard_peripheral\Source\gd32f4xx_usart.c 0x00000000   Number         0  gd32f4xx_usart.o ABSOLUTE
    GD32F4xx_standard_peripheral\Source\gd32f4xx_wwdgt.c 0x00000000   Number         0  gd32f4xx_wwdgt.o ABSOLUTE
    GD32F4xx_standard_peripheral\\Source\\gd32f4xx_adc.c 0x00000000   Number         0  gd32f4xx_adc.o ABSOLUTE
    GD32F4xx_standard_peripheral\\Source\\gd32f4xx_can.c 0x00000000   Number         0  gd32f4xx_can.o ABSOLUTE
    GD32F4xx_standard_peripheral\\Source\\gd32f4xx_crc.c 0x00000000   Number         0  gd32f4xx_crc.o ABSOLUTE
    GD32F4xx_standard_peripheral\\Source\\gd32f4xx_ctc.c 0x00000000   Number         0  gd32f4xx_ctc.o ABSOLUTE
    GD32F4xx_standard_peripheral\\Source\\gd32f4xx_dac.c 0x00000000   Number         0  gd32f4xx_dac.o ABSOLUTE
    GD32F4xx_standard_peripheral\\Source\\gd32f4xx_dbg.c 0x00000000   Number         0  gd32f4xx_dbg.o ABSOLUTE
    GD32F4xx_standard_peripheral\\Source\\gd32f4xx_dci.c 0x00000000   Number         0  gd32f4xx_dci.o ABSOLUTE
    GD32F4xx_standard_peripheral\\Source\\gd32f4xx_dma.c 0x00000000   Number         0  gd32f4xx_dma.o ABSOLUTE
    GD32F4xx_standard_peripheral\\Source\\gd32f4xx_enet.c 0x00000000   Number         0  gd32f4xx_enet.o ABSOLUTE
    GD32F4xx_standard_peripheral\\Source\\gd32f4xx_exmc.c 0x00000000   Number         0  gd32f4xx_exmc.o ABSOLUTE
    GD32F4xx_standard_peripheral\\Source\\gd32f4xx_exti.c 0x00000000   Number         0  gd32f4xx_exti.o ABSOLUTE
    GD32F4xx_standard_peripheral\\Source\\gd32f4xx_fmc.c 0x00000000   Number         0  gd32f4xx_fmc.o ABSOLUTE
    GD32F4xx_standard_peripheral\\Source\\gd32f4xx_fwdgt.c 0x00000000   Number         0  gd32f4xx_fwdgt.o ABSOLUTE
    GD32F4xx_standard_peripheral\\Source\\gd32f4xx_gpio.c 0x00000000   Number         0  gd32f4xx_gpio.o ABSOLUTE
    GD32F4xx_standard_peripheral\\Source\\gd32f4xx_i2c.c 0x00000000   Number         0  gd32f4xx_i2c.o ABSOLUTE
    GD32F4xx_standard_peripheral\\Source\\gd32f4xx_ipa.c 0x00000000   Number         0  gd32f4xx_ipa.o ABSOLUTE
    GD32F4xx_standard_peripheral\\Source\\gd32f4xx_iref.c 0x00000000   Number         0  gd32f4xx_iref.o ABSOLUTE
    GD32F4xx_standard_peripheral\\Source\\gd32f4xx_misc.c 0x00000000   Number         0  gd32f4xx_misc.o ABSOLUTE
    GD32F4xx_standard_peripheral\\Source\\gd32f4xx_pmu.c 0x00000000   Number         0  gd32f4xx_pmu.o ABSOLUTE
    GD32F4xx_standard_peripheral\\Source\\gd32f4xx_rcu.c 0x00000000   Number         0  gd32f4xx_rcu.o ABSOLUTE
    GD32F4xx_standard_peripheral\\Source\\gd32f4xx_rtc.c 0x00000000   Number         0  gd32f4xx_rtc.o ABSOLUTE
    GD32F4xx_standard_peripheral\\Source\\gd32f4xx_sdio.c 0x00000000   Number         0  gd32f4xx_sdio.o ABSOLUTE
    GD32F4xx_standard_peripheral\\Source\\gd32f4xx_spi.c 0x00000000   Number         0  gd32f4xx_spi.o ABSOLUTE
    GD32F4xx_standard_peripheral\\Source\\gd32f4xx_syscfg.c 0x00000000   Number         0  gd32f4xx_syscfg.o ABSOLUTE
    GD32F4xx_standard_peripheral\\Source\\gd32f4xx_timer.c 0x00000000   Number         0  gd32f4xx_timer.o ABSOLUTE
    GD32F4xx_standard_peripheral\\Source\\gd32f4xx_tli.c 0x00000000   Number         0  gd32f4xx_tli.o ABSOLUTE
    GD32F4xx_standard_peripheral\\Source\\gd32f4xx_trng.c 0x00000000   Number         0  gd32f4xx_trng.o ABSOLUTE
    GD32F4xx_standard_peripheral\\Source\\gd32f4xx_usart.c 0x00000000   Number         0  gd32f4xx_usart.o ABSOLUTE
    GD32F4xx_standard_peripheral\\Source\\gd32f4xx_wwdgt.c 0x00000000   Number         0  gd32f4xx_wwdgt.o ABSOLUTE
    cdcmple.s                                0x00000000   Number         0  cdcmple.o ABSOLUTE
    cdrcmple.s                               0x00000000   Number         0  cdrcmple.o ABSOLUTE
    dc.s                                     0x00000000   Number         0  dc.o ABSOLUTE
    handlers.s                               0x00000000   Number         0  handlers.o ABSOLUTE
    init.s                                   0x00000000   Number         0  init.o ABSOLUTE
    RESET                                    0x08000000   Section      428  startup_gd32f450.o(RESET)
    .ARM.Collect$$$$00000000                 0x080001ac   Section        0  entry.o(.ARM.Collect$$$$00000000)
    .ARM.Collect$$$$00000001                 0x080001ac   Section        4  entry2.o(.ARM.Collect$$$$00000001)
    .ARM.Collect$$$$00000004                 0x080001b0   Section        4  entry5.o(.ARM.Collect$$$$00000004)
    .ARM.Collect$$$$00000008                 0x080001b4   Section        0  entry7b.o(.ARM.Collect$$$$00000008)
    .ARM.Collect$$$$0000000A                 0x080001b4   Section        0  entry8b.o(.ARM.Collect$$$$0000000A)
    .ARM.Collect$$$$0000000B                 0x080001b4   Section        8  entry9a.o(.ARM.Collect$$$$0000000B)
    .ARM.Collect$$$$0000000E                 0x080001bc   Section        4  entry12b.o(.ARM.Collect$$$$0000000E)
    .ARM.Collect$$$$0000000F                 0x080001c0   Section        0  entry10a.o(.ARM.Collect$$$$0000000F)
    .ARM.Collect$$$$00000011                 0x080001c0   Section        0  entry11a.o(.ARM.Collect$$$$00000011)
    .ARM.Collect$$$$00002712                 0x080001c0   Section        4  entry2.o(.ARM.Collect$$$$00002712)
    __lit__00000000                          0x080001c0   Data           4  entry2.o(.ARM.Collect$$$$00002712)
    .text                                    0x080001c4   Section       36  startup_gd32f450.o(.text)
    $v0                                      0x080001c4   Number         0  startup_gd32f450.o(.text)
    .text                                    0x080001e8   Section        0  dadd.o(.text)
    .text                                    0x08000336   Section        0  dmul.o(.text)
    .text                                    0x0800041a   Section        0  ddiv.o(.text)
    .text                                    0x080004f8   Section        0  dfixi.o(.text)
    .text                                    0x08000536   Section        0  f2d.o(.text)
    .text                                    0x0800055c   Section        0  llshl.o(.text)
    .text                                    0x0800057a   Section        0  llushr.o(.text)
    .text                                    0x0800059a   Section        0  llsshr.o(.text)
    .text                                    0x080005be   Section        0  iusefp.o(.text)
    .text                                    0x080005be   Section        0  depilogue.o(.text)
    .text                                    0x08000678   Section        0  dflti.o(.text)
    .text                                    0x0800069c   Section       48  cdcmple.o(.text)
    .text                                    0x080006cc   Section       48  cdrcmple.o(.text)
    .text                                    0x080006fc   Section       36  init.o(.text)
    i.BusFault_Handler                       0x08000720   Section        0  gd32f4xx_it.o(i.BusFault_Handler)
    i.DebugMon_Handler                       0x08000724   Section        0  gd32f4xx_it.o(i.DebugMon_Handler)
    i.HardFault_Handler                      0x08000726   Section        0  gd32f4xx_it.o(i.HardFault_Handler)
    i.MemManage_Handler                      0x0800072a   Section        0  gd32f4xx_it.o(i.MemManage_Handler)
    i.NMI_Handler                            0x0800072e   Section        0  gd32f4xx_it.o(i.NMI_Handler)
    i.NVIC_SetPriority                       0x08000730   Section        0  systick.o(i.NVIC_SetPriority)
    NVIC_SetPriority                         0x08000731   Thumb Code    32  systick.o(i.NVIC_SetPriority)
    i.PendSV_Handler                         0x08000758   Section        0  gd32f4xx_it.o(i.PendSV_Handler)
    i.SVC_Handler                            0x0800075a   Section        0  gd32f4xx_it.o(i.SVC_Handler)
    i.SysTick_Handler                        0x0800075c   Section        0  gd32f4xx_it.o(i.SysTick_Handler)
    i.SystemInit                             0x08000764   Section        0  system_gd32f4xx.o(i.SystemInit)
    i.UsageFault_Handler                     0x0800081c   Section        0  gd32f4xx_it.o(i.UsageFault_Handler)
    i.__ARM_fpclassify                       0x08000820   Section        0  fpclassify.o(i.__ARM_fpclassify)
    i.__hardfp_exp                           0x08000850   Section        0  exp.o(i.__hardfp_exp)
    i.__kernel_poly                          0x08000ba8   Section        0  poly.o(i.__kernel_poly)
    i.__mathlib_dbl_infnan                   0x08000ca0   Section        0  dunder.o(i.__mathlib_dbl_infnan)
    i.__mathlib_dbl_overflow                 0x08000cb8   Section        0  dunder.o(i.__mathlib_dbl_overflow)
    i.__mathlib_dbl_underflow                0x08000cd8   Section        0  dunder.o(i.__mathlib_dbl_underflow)
    i.__scatterload_copy                     0x08000cf8   Section       14  handlers.o(i.__scatterload_copy)
    i.__scatterload_null                     0x08000d06   Section        2  handlers.o(i.__scatterload_null)
    i.__scatterload_zeroinit                 0x08000d08   Section       14  handlers.o(i.__scatterload_zeroinit)
    i.__set_errno                            0x08000d18   Section        0  errno.o(i.__set_errno)
    i.delay_1ms                              0x08000d24   Section        0  systick.o(i.delay_1ms)
    i.delay_decrement                        0x08000d38   Section        0  systick.o(i.delay_decrement)
    i.digital_control                        0x08000d50   Section        0  i2c_test.o(i.digital_control)
    i.get_s6_data                            0x08000d90   Section        0  main.o(i.get_s6_data)
    i.gpio_af_set                            0x08000dbc   Section        0  gd32f4xx_gpio.o(i.gpio_af_set)
    i.gpio_mode_set                          0x08000e1a   Section        0  gd32f4xx_gpio.o(i.gpio_mode_set)
    i.gpio_output_options_set                0x08000e68   Section        0  gd32f4xx_gpio.o(i.gpio_output_options_set)
    i.ht16k33_display_data                   0x08000eac   Section        0  ht16k33.o(i.ht16k33_display_data)
    i.ht16k33_display_off                    0x08000f70   Section        0  ht16k33.o(i.ht16k33_display_off)
    i.ht16k33_init                           0x08000fe2   Section        0  ht16k33.o(i.ht16k33_init)
    i.i2c0_config                            0x08000ffc   Section        0  i2c.o(i.i2c0_config)
    i.i2c0_gpio_config                       0x08001034   Section        0  i2c.o(i.i2c0_gpio_config)
    i.i2c1_config                            0x08001094   Section        0  i2c.o(i.i2c1_config)
    i.i2c1_gpio_config                       0x080010cc   Section        0  i2c.o(i.i2c1_gpio_config)
    i.i2c_ack_config                         0x08001124   Section        0  gd32f4xx_i2c.o(i.i2c_ack_config)
    i.i2c_ackpos_config                      0x0800113c   Section        0  gd32f4xx_i2c.o(i.i2c_ackpos_config)
    i.i2c_addr_init                          0x08001154   Section        0  i2c_test.o(i.i2c_addr_init)
    i.i2c_addr_poll                          0x08001434   Section        0  i2c.o(i.i2c_addr_poll)
    i.i2c_byte_write                         0x080014b6   Section        0  i2c.o(i.i2c_byte_write)
    i.i2c_clock_config                       0x0800157c   Section        0  gd32f4xx_i2c.o(i.i2c_clock_config)
    i.i2c_cmd_write                          0x08001654   Section        0  i2c.o(i.i2c_cmd_write)
    i.i2c_data_receive                       0x080016fe   Section        0  gd32f4xx_i2c.o(i.i2c_data_receive)
    i.i2c_data_transmit                      0x08001706   Section        0  gd32f4xx_i2c.o(i.i2c_data_transmit)
    i.i2c_enable                             0x0800170c   Section        0  gd32f4xx_i2c.o(i.i2c_enable)
    i.i2c_flag_clear                         0x08001716   Section        0  gd32f4xx_i2c.o(i.i2c_flag_clear)
    i.i2c_flag_get                           0x0800173e   Section        0  gd32f4xx_i2c.o(i.i2c_flag_get)
    i.i2c_init                               0x0800175c   Section        0  main.o(i.i2c_init)
    i.i2c_master_addressing                  0x08001778   Section        0  gd32f4xx_i2c.o(i.i2c_master_addressing)
    i.i2c_mode_addr_config                   0x0800178c   Section        0  gd32f4xx_i2c.o(i.i2c_mode_addr_config)
    i.i2c_read                               0x080017a8   Section        0  i2c.o(i.i2c_read)
    i.i2c_start_on_bus                       0x08001926   Section        0  gd32f4xx_i2c.o(i.i2c_start_on_bus)
    i.i2c_stop_on_bus                        0x08001930   Section        0  gd32f4xx_i2c.o(i.i2c_stop_on_bus)
    i.key_trans                              0x0800193c   Section        0  main.o(i.key_trans)
    i.main                                   0x08001998   Section        0  main.o(i.main)
    i.pc9685_init                            0x08001c50   Section        0  pca9685.o(i.pc9685_init)
    i.pc9685_motor_control                   0x08001c6c   Section        0  i2c_test.o(i.pc9685_motor_control)
    i.rcu_clock_freq_get                     0x08001d00   Section        0  gd32f4xx_rcu.o(i.rcu_clock_freq_get)
    i.rcu_periph_clock_enable                0x08001e24   Section        0  gd32f4xx_rcu.o(i.rcu_periph_clock_enable)
    i.s2_read_sht3x                          0x08001e48   Section        0  main.o(i.s2_read_sht3x)
    i.setPWM                                 0x08001ef8   Section        0  pca9685.o(i.setPWM)
    i.setPWM_off                             0x08001f4a   Section        0  pca9685.o(i.setPWM_off)
    i.system_clock_168m_25m_hxtal            0x08001f84   Section        0  system_gd32f4xx.o(i.system_clock_168m_25m_hxtal)
    system_clock_168m_25m_hxtal              0x08001f85   Thumb Code   240  system_gd32f4xx.o(i.system_clock_168m_25m_hxtal)
    i.system_clock_config                    0x08002080   Section        0  system_gd32f4xx.o(i.system_clock_config)
    system_clock_config                      0x08002081   Thumb Code     8  system_gd32f4xx.o(i.system_clock_config)
    i.systick_config                         0x08002088   Section        0  systick.o(i.systick_config)
    .constdata                               0x080020d8   Section       20  ht16k33.o(.constdata)
    .constdata                               0x080020f0   Section       88  exp.o(.constdata)
    halF                                     0x080020f0   Data          16  exp.o(.constdata)
    ln2HI                                    0x08002100   Data          16  exp.o(.constdata)
    ln2LO                                    0x08002110   Data          16  exp.o(.constdata)
    P                                        0x08002120   Data          40  exp.o(.constdata)
    .data                                    0x20000000   Section        8  main.o(.data)
    .data                                    0x20000008   Section        4  systick.o(.data)
    delay                                    0x20000008   Data           4  systick.o(.data)
    .data                                    0x2000000c   Section        6  ht16k33.o(.data)
    .data                                    0x20000014   Section        4  system_gd32f4xx.o(.data)
    .data                                    0x20000018   Section        4  errno.o(.data)
    _errno                                   0x20000018   Data           4  errno.o(.data)
    .bss                                     0x2000001c   Section      108  main.o(.bss)
    STACK                                    0x20000088   Section     1024  startup_gd32f450.o(STACK)

    Global Symbols

    Symbol Name                              Value     Ov Type        Size  Object(Section)

    BuildAttributes$$THM_ISAv4$E$P$D$K$B$S$7EM$VFPi3$EXTD16$VFPS$VFMA$PE$A:L22UL41UL21$X:L11$S22US41US21$IEEE1$IW$USESV6$~STKCKD$USESV7$~SHL$OTIME$ROPI$IEEEX$EBA8$MICROLIB$REQ8$PRES8$EABIv2 0x00000000   Number         0  anon$$obj.o ABSOLUTE
    __ARM_use_no_argv                        0x00000000   Number         0  main.o ABSOLUTE
    __arm_fini_                               - Undefined Weak Reference
    __cpp_initialize__aeabi_                  - Undefined Weak Reference
    __cxa_finalize                            - Undefined Weak Reference
    __decompress                              - Undefined Weak Reference
    _clock_init                               - Undefined Weak Reference
    _microlib_exit                            - Undefined Weak Reference
    __Vectors_Size                           0x000001ac   Number         0  startup_gd32f450.o ABSOLUTE
    __Vectors                                0x08000000   Data           4  startup_gd32f450.o(RESET)
    __Vectors_End                            0x080001ac   Data           0  startup_gd32f450.o(RESET)
    __main                                   0x080001ad   Thumb Code     0  entry.o(.ARM.Collect$$$$00000000)
    _main_stk                                0x080001ad   Thumb Code     0  entry2.o(.ARM.Collect$$$$00000001)
    _main_scatterload                        0x080001b1   Thumb Code     0  entry5.o(.ARM.Collect$$$$00000004)
    __main_after_scatterload                 0x080001b5   Thumb Code     0  entry5.o(.ARM.Collect$$$$00000004)
    _main_clock                              0x080001b5   Thumb Code     0  entry7b.o(.ARM.Collect$$$$00000008)
    _main_cpp_init                           0x080001b5   Thumb Code     0  entry8b.o(.ARM.Collect$$$$0000000A)
    _main_init                               0x080001b5   Thumb Code     0  entry9a.o(.ARM.Collect$$$$0000000B)
    __rt_lib_shutdown_fini                   0x080001bd   Thumb Code     0  entry12b.o(.ARM.Collect$$$$0000000E)
    __rt_final_cpp                           0x080001c1   Thumb Code     0  entry10a.o(.ARM.Collect$$$$0000000F)
    __rt_final_exit                          0x080001c1   Thumb Code     0  entry11a.o(.ARM.Collect$$$$00000011)
    Reset_Handler                            0x080001c5   Thumb Code     8  startup_gd32f450.o(.text)
    ADC_IRQHandler                           0x080001df   Thumb Code     0  startup_gd32f450.o(.text)
    CAN0_EWMC_IRQHandler                     0x080001df   Thumb Code     0  startup_gd32f450.o(.text)
    CAN0_RX0_IRQHandler                      0x080001df   Thumb Code     0  startup_gd32f450.o(.text)
    CAN0_RX1_IRQHandler                      0x080001df   Thumb Code     0  startup_gd32f450.o(.text)
    CAN0_TX_IRQHandler                       0x080001df   Thumb Code     0  startup_gd32f450.o(.text)
    CAN1_EWMC_IRQHandler                     0x080001df   Thumb Code     0  startup_gd32f450.o(.text)
    CAN1_RX0_IRQHandler                      0x080001df   Thumb Code     0  startup_gd32f450.o(.text)
    CAN1_RX1_IRQHandler                      0x080001df   Thumb Code     0  startup_gd32f450.o(.text)
    CAN1_TX_IRQHandler                       0x080001df   Thumb Code     0  startup_gd32f450.o(.text)
    DCI_IRQHandler                           0x080001df   Thumb Code     0  startup_gd32f450.o(.text)
    DMA0_Channel0_IRQHandler                 0x080001df   Thumb Code     0  startup_gd32f450.o(.text)
    DMA0_Channel1_IRQHandler                 0x080001df   Thumb Code     0  startup_gd32f450.o(.text)
    DMA0_Channel2_IRQHandler                 0x080001df   Thumb Code     0  startup_gd32f450.o(.text)
    DMA0_Channel3_IRQHandler                 0x080001df   Thumb Code     0  startup_gd32f450.o(.text)
    DMA0_Channel4_IRQHandler                 0x080001df   Thumb Code     0  startup_gd32f450.o(.text)
    DMA0_Channel5_IRQHandler                 0x080001df   Thumb Code     0  startup_gd32f450.o(.text)
    DMA0_Channel6_IRQHandler                 0x080001df   Thumb Code     0  startup_gd32f450.o(.text)
    DMA0_Channel7_IRQHandler                 0x080001df   Thumb Code     0  startup_gd32f450.o(.text)
    DMA1_Channel0_IRQHandler                 0x080001df   Thumb Code     0  startup_gd32f450.o(.text)
    DMA1_Channel1_IRQHandler                 0x080001df   Thumb Code     0  startup_gd32f450.o(.text)
    DMA1_Channel2_IRQHandler                 0x080001df   Thumb Code     0  startup_gd32f450.o(.text)
    DMA1_Channel3_IRQHandler                 0x080001df   Thumb Code     0  startup_gd32f450.o(.text)
    DMA1_Channel4_IRQHandler                 0x080001df   Thumb Code     0  startup_gd32f450.o(.text)
    DMA1_Channel5_IRQHandler                 0x080001df   Thumb Code     0  startup_gd32f450.o(.text)
    DMA1_Channel6_IRQHandler                 0x080001df   Thumb Code     0  startup_gd32f450.o(.text)
    DMA1_Channel7_IRQHandler                 0x080001df   Thumb Code     0  startup_gd32f450.o(.text)
    ENET_IRQHandler                          0x080001df   Thumb Code     0  startup_gd32f450.o(.text)
    ENET_WKUP_IRQHandler                     0x080001df   Thumb Code     0  startup_gd32f450.o(.text)
    EXMC_IRQHandler                          0x080001df   Thumb Code     0  startup_gd32f450.o(.text)
    EXTI0_IRQHandler                         0x080001df   Thumb Code     0  startup_gd32f450.o(.text)
    EXTI10_15_IRQHandler                     0x080001df   Thumb Code     0  startup_gd32f450.o(.text)
    EXTI1_IRQHandler                         0x080001df   Thumb Code     0  startup_gd32f450.o(.text)
    EXTI2_IRQHandler                         0x080001df   Thumb Code     0  startup_gd32f450.o(.text)
    EXTI3_IRQHandler                         0x080001df   Thumb Code     0  startup_gd32f450.o(.text)
    EXTI4_IRQHandler                         0x080001df   Thumb Code     0  startup_gd32f450.o(.text)
    EXTI5_9_IRQHandler                       0x080001df   Thumb Code     0  startup_gd32f450.o(.text)
    FMC_IRQHandler                           0x080001df   Thumb Code     0  startup_gd32f450.o(.text)
    FPU_IRQHandler                           0x080001df   Thumb Code     0  startup_gd32f450.o(.text)
    I2C0_ER_IRQHandler                       0x080001df   Thumb Code     0  startup_gd32f450.o(.text)
    I2C0_EV_IRQHandler                       0x080001df   Thumb Code     0  startup_gd32f450.o(.text)
    I2C1_ER_IRQHandler                       0x080001df   Thumb Code     0  startup_gd32f450.o(.text)
    I2C1_EV_IRQHandler                       0x080001df   Thumb Code     0  startup_gd32f450.o(.text)
    I2C2_ER_IRQHandler                       0x080001df   Thumb Code     0  startup_gd32f450.o(.text)
    I2C2_EV_IRQHandler                       0x080001df   Thumb Code     0  startup_gd32f450.o(.text)
    IPA_IRQHandler                           0x080001df   Thumb Code     0  startup_gd32f450.o(.text)
    LVD_IRQHandler                           0x080001df   Thumb Code     0  startup_gd32f450.o(.text)
    RCU_CTC_IRQHandler                       0x080001df   Thumb Code     0  startup_gd32f450.o(.text)
    RTC_Alarm_IRQHandler                     0x080001df   Thumb Code     0  startup_gd32f450.o(.text)
    RTC_WKUP_IRQHandler                      0x080001df   Thumb Code     0  startup_gd32f450.o(.text)
    SDIO_IRQHandler                          0x080001df   Thumb Code     0  startup_gd32f450.o(.text)
    SPI0_IRQHandler                          0x080001df   Thumb Code     0  startup_gd32f450.o(.text)
    SPI1_IRQHandler                          0x080001df   Thumb Code     0  startup_gd32f450.o(.text)
    SPI2_IRQHandler                          0x080001df   Thumb Code     0  startup_gd32f450.o(.text)
    SPI3_IRQHandler                          0x080001df   Thumb Code     0  startup_gd32f450.o(.text)
    SPI4_IRQHandler                          0x080001df   Thumb Code     0  startup_gd32f450.o(.text)
    SPI5_IRQHandler                          0x080001df   Thumb Code     0  startup_gd32f450.o(.text)
    TAMPER_STAMP_IRQHandler                  0x080001df   Thumb Code     0  startup_gd32f450.o(.text)
    TIMER0_BRK_TIMER8_IRQHandler             0x080001df   Thumb Code     0  startup_gd32f450.o(.text)
    TIMER0_Channel_IRQHandler                0x080001df   Thumb Code     0  startup_gd32f450.o(.text)
    TIMER0_TRG_CMT_TIMER10_IRQHandler        0x080001df   Thumb Code     0  startup_gd32f450.o(.text)
    TIMER0_UP_TIMER9_IRQHandler              0x080001df   Thumb Code     0  startup_gd32f450.o(.text)
    TIMER1_IRQHandler                        0x080001df   Thumb Code     0  startup_gd32f450.o(.text)
    TIMER2_IRQHandler                        0x080001df   Thumb Code     0  startup_gd32f450.o(.text)
    TIMER3_IRQHandler                        0x080001df   Thumb Code     0  startup_gd32f450.o(.text)
    TIMER4_IRQHandler                        0x080001df   Thumb Code     0  startup_gd32f450.o(.text)
    TIMER5_DAC_IRQHandler                    0x080001df   Thumb Code     0  startup_gd32f450.o(.text)
    TIMER6_IRQHandler                        0x080001df   Thumb Code     0  startup_gd32f450.o(.text)
    TIMER7_BRK_TIMER11_IRQHandler            0x080001df   Thumb Code     0  startup_gd32f450.o(.text)
    TIMER7_Channel_IRQHandler                0x080001df   Thumb Code     0  startup_gd32f450.o(.text)
    TIMER7_TRG_CMT_TIMER13_IRQHandler        0x080001df   Thumb Code     0  startup_gd32f450.o(.text)
    TIMER7_UP_TIMER12_IRQHandler             0x080001df   Thumb Code     0  startup_gd32f450.o(.text)
    TLI_ER_IRQHandler                        0x080001df   Thumb Code     0  startup_gd32f450.o(.text)
    TLI_IRQHandler                           0x080001df   Thumb Code     0  startup_gd32f450.o(.text)
    TRNG_IRQHandler                          0x080001df   Thumb Code     0  startup_gd32f450.o(.text)
    UART3_IRQHandler                         0x080001df   Thumb Code     0  startup_gd32f450.o(.text)
    UART4_IRQHandler                         0x080001df   Thumb Code     0  startup_gd32f450.o(.text)
    UART6_IRQHandler                         0x080001df   Thumb Code     0  startup_gd32f450.o(.text)
    UART7_IRQHandler                         0x080001df   Thumb Code     0  startup_gd32f450.o(.text)
    USART0_IRQHandler                        0x080001df   Thumb Code     0  startup_gd32f450.o(.text)
    USART1_IRQHandler                        0x080001df   Thumb Code     0  startup_gd32f450.o(.text)
    USART2_IRQHandler                        0x080001df   Thumb Code     0  startup_gd32f450.o(.text)
    USART5_IRQHandler                        0x080001df   Thumb Code     0  startup_gd32f450.o(.text)
    USBFS_IRQHandler                         0x080001df   Thumb Code     0  startup_gd32f450.o(.text)
    USBFS_WKUP_IRQHandler                    0x080001df   Thumb Code     0  startup_gd32f450.o(.text)
    USBHS_EP1_In_IRQHandler                  0x080001df   Thumb Code     0  startup_gd32f450.o(.text)
    USBHS_EP1_Out_IRQHandler                 0x080001df   Thumb Code     0  startup_gd32f450.o(.text)
    USBHS_IRQHandler                         0x080001df   Thumb Code     0  startup_gd32f450.o(.text)
    USBHS_WKUP_IRQHandler                    0x080001df   Thumb Code     0  startup_gd32f450.o(.text)
    WWDGT_IRQHandler                         0x080001df   Thumb Code     0  startup_gd32f450.o(.text)
    __aeabi_dadd                             0x080001e9   Thumb Code   322  dadd.o(.text)
    __aeabi_dsub                             0x0800032b   Thumb Code     6  dadd.o(.text)
    __aeabi_drsub                            0x08000331   Thumb Code     6  dadd.o(.text)
    __aeabi_dmul                             0x08000337   Thumb Code   228  dmul.o(.text)
    __aeabi_ddiv                             0x0800041b   Thumb Code   222  ddiv.o(.text)
    __aeabi_d2iz                             0x080004f9   Thumb Code    62  dfixi.o(.text)
    __aeabi_f2d                              0x08000537   Thumb Code    38  f2d.o(.text)
    __aeabi_llsl                             0x0800055d   Thumb Code    30  llshl.o(.text)
    _ll_shift_l                              0x0800055d   Thumb Code     0  llshl.o(.text)
    __aeabi_llsr                             0x0800057b   Thumb Code    32  llushr.o(.text)
    _ll_ushift_r                             0x0800057b   Thumb Code     0  llushr.o(.text)
    __aeabi_lasr                             0x0800059b   Thumb Code    36  llsshr.o(.text)
    _ll_sshift_r                             0x0800059b   Thumb Code     0  llsshr.o(.text)
    __I$use$fp                               0x080005bf   Thumb Code     0  iusefp.o(.text)
    _double_round                            0x080005bf   Thumb Code    30  depilogue.o(.text)
    _double_epilogue                         0x080005dd   Thumb Code   156  depilogue.o(.text)
    __aeabi_i2d                              0x08000679   Thumb Code    34  dflti.o(.text)
    __aeabi_cdcmpeq                          0x0800069d   Thumb Code     0  cdcmple.o(.text)
    __aeabi_cdcmple                          0x0800069d   Thumb Code    48  cdcmple.o(.text)
    __aeabi_cdrcmple                         0x080006cd   Thumb Code    48  cdrcmple.o(.text)
    __scatterload                            0x080006fd   Thumb Code    28  init.o(.text)
    __scatterload_rt2                        0x080006fd   Thumb Code     0  init.o(.text)
    BusFault_Handler                         0x08000721   Thumb Code     4  gd32f4xx_it.o(i.BusFault_Handler)
    DebugMon_Handler                         0x08000725   Thumb Code     2  gd32f4xx_it.o(i.DebugMon_Handler)
    HardFault_Handler                        0x08000727   Thumb Code     4  gd32f4xx_it.o(i.HardFault_Handler)
    MemManage_Handler                        0x0800072b   Thumb Code     4  gd32f4xx_it.o(i.MemManage_Handler)
    NMI_Handler                              0x0800072f   Thumb Code     2  gd32f4xx_it.o(i.NMI_Handler)
    PendSV_Handler                           0x08000759   Thumb Code     2  gd32f4xx_it.o(i.PendSV_Handler)
    SVC_Handler                              0x0800075b   Thumb Code     2  gd32f4xx_it.o(i.SVC_Handler)
    SysTick_Handler                          0x0800075d   Thumb Code     8  gd32f4xx_it.o(i.SysTick_Handler)
    SystemInit                               0x08000765   Thumb Code   168  system_gd32f4xx.o(i.SystemInit)
    UsageFault_Handler                       0x0800081d   Thumb Code     4  gd32f4xx_it.o(i.UsageFault_Handler)
    __ARM_fpclassify                         0x08000821   Thumb Code    48  fpclassify.o(i.__ARM_fpclassify)
    __hardfp_exp                             0x08000851   Thumb Code   714  exp.o(i.__hardfp_exp)
    __kernel_poly                            0x08000ba9   Thumb Code   248  poly.o(i.__kernel_poly)
    __mathlib_dbl_infnan                     0x08000ca1   Thumb Code    20  dunder.o(i.__mathlib_dbl_infnan)
    __mathlib_dbl_overflow                   0x08000cb9   Thumb Code    24  dunder.o(i.__mathlib_dbl_overflow)
    __mathlib_dbl_underflow                  0x08000cd9   Thumb Code    24  dunder.o(i.__mathlib_dbl_underflow)
    __scatterload_copy                       0x08000cf9   Thumb Code    14  handlers.o(i.__scatterload_copy)
    __scatterload_null                       0x08000d07   Thumb Code     2  handlers.o(i.__scatterload_null)
    __scatterload_zeroinit                   0x08000d09   Thumb Code    14  handlers.o(i.__scatterload_zeroinit)
    __set_errno                              0x08000d19   Thumb Code     6  errno.o(i.__set_errno)
    delay_1ms                                0x08000d25   Thumb Code    16  systick.o(i.delay_1ms)
    delay_decrement                          0x08000d39   Thumb Code    18  systick.o(i.delay_decrement)
    digital_control                          0x08000d51   Thumb Code    58  i2c_test.o(i.digital_control)
    get_s6_data                              0x08000d91   Thumb Code    40  main.o(i.get_s6_data)
    gpio_af_set                              0x08000dbd   Thumb Code    94  gd32f4xx_gpio.o(i.gpio_af_set)
    gpio_mode_set                            0x08000e1b   Thumb Code    78  gd32f4xx_gpio.o(i.gpio_mode_set)
    gpio_output_options_set                  0x08000e69   Thumb Code    66  gd32f4xx_gpio.o(i.gpio_output_options_set)
    ht16k33_display_data                     0x08000ead   Thumb Code   190  ht16k33.o(i.ht16k33_display_data)
    ht16k33_display_off                      0x08000f71   Thumb Code   114  ht16k33.o(i.ht16k33_display_off)
    ht16k33_init                             0x08000fe3   Thumb Code    26  ht16k33.o(i.ht16k33_init)
    i2c0_config                              0x08000ffd   Thumb Code    48  i2c.o(i.i2c0_config)
    i2c0_gpio_config                         0x08001035   Thumb Code    92  i2c.o(i.i2c0_gpio_config)
    i2c1_config                              0x08001095   Thumb Code    48  i2c.o(i.i2c1_config)
    i2c1_gpio_config                         0x080010cd   Thumb Code    80  i2c.o(i.i2c1_gpio_config)
    i2c_ack_config                           0x08001125   Thumb Code    24  gd32f4xx_i2c.o(i.i2c_ack_config)
    i2c_ackpos_config                        0x0800113d   Thumb Code    22  gd32f4xx_i2c.o(i.i2c_ackpos_config)
    i2c_addr_init                            0x08001155   Thumb Code   704  i2c_test.o(i.i2c_addr_init)
    i2c_addr_poll                            0x08001435   Thumb Code   130  i2c.o(i.i2c_addr_poll)
    i2c_byte_write                           0x080014b7   Thumb Code   196  i2c.o(i.i2c_byte_write)
    i2c_clock_config                         0x0800157d   Thumb Code   204  gd32f4xx_i2c.o(i.i2c_clock_config)
    i2c_cmd_write                            0x08001655   Thumb Code   170  i2c.o(i.i2c_cmd_write)
    i2c_data_receive                         0x080016ff   Thumb Code     8  gd32f4xx_i2c.o(i.i2c_data_receive)
    i2c_data_transmit                        0x08001707   Thumb Code     6  gd32f4xx_i2c.o(i.i2c_data_transmit)
    i2c_enable                               0x0800170d   Thumb Code    10  gd32f4xx_i2c.o(i.i2c_enable)
    i2c_flag_clear                           0x08001717   Thumb Code    40  gd32f4xx_i2c.o(i.i2c_flag_clear)
    i2c_flag_get                             0x0800173f   Thumb Code    30  gd32f4xx_i2c.o(i.i2c_flag_get)
    i2c_init                                 0x0800175d   Thumb Code    28  main.o(i.i2c_init)
    i2c_master_addressing                    0x08001779   Thumb Code    20  gd32f4xx_i2c.o(i.i2c_master_addressing)
    i2c_mode_addr_config                     0x0800178d   Thumb Code    28  gd32f4xx_i2c.o(i.i2c_mode_addr_config)
    i2c_read                                 0x080017a9   Thumb Code   382  i2c.o(i.i2c_read)
    i2c_start_on_bus                         0x08001927   Thumb Code    10  gd32f4xx_i2c.o(i.i2c_start_on_bus)
    i2c_stop_on_bus                          0x08001931   Thumb Code    10  gd32f4xx_i2c.o(i.i2c_stop_on_bus)
    key_trans                                0x0800193d   Thumb Code    88  main.o(i.key_trans)
    main                                     0x08001999   Thumb Code   646  main.o(i.main)
    pc9685_init                              0x08001c51   Thumb Code    28  pca9685.o(i.pc9685_init)
    pc9685_motor_control                     0x08001c6d   Thumb Code   148  i2c_test.o(i.pc9685_motor_control)
    rcu_clock_freq_get                       0x08001d01   Thumb Code   264  gd32f4xx_rcu.o(i.rcu_clock_freq_get)
    rcu_periph_clock_enable                  0x08001e25   Thumb Code    32  gd32f4xx_rcu.o(i.rcu_periph_clock_enable)
    s2_read_sht3x                            0x08001e49   Thumb Code   150  main.o(i.s2_read_sht3x)
    setPWM                                   0x08001ef9   Thumb Code    82  pca9685.o(i.setPWM)
    setPWM_off                               0x08001f4b   Thumb Code    56  pca9685.o(i.setPWM_off)
    systick_config                           0x08002089   Thumb Code    74  systick.o(i.systick_config)
    disdata                                  0x080020d8   Data          20  ht16k33.o(.constdata)
    Region$$Table$$Base                      0x08002148   Number         0  anon$$obj.o(Region$$Table)
    Region$$Table$$Limit                     0x08002168   Number         0  anon$$obj.o(Region$$Table)
    s2_data                                  0x20000000   Data           8  main.o(.data)
    keyvalue                                 0x2000000c   Data           6  ht16k33.o(.data)
    SystemCoreClock                          0x20000014   Data           4  system_gd32f4xx.o(.data)
    e1_nixie_tube_addr                       0x2000001c   Data          12  main.o(.bss)
    e1_rgb_led_addr                          0x20000028   Data          12  main.o(.bss)
    e2_fan_addr                              0x20000034   Data          12  main.o(.bss)
    e3_curtain_addr                          0x20000040   Data          12  main.o(.bss)
    s1_key_addr                              0x2000004c   Data          12  main.o(.bss)
    s5_nfc_addr                              0x20000058   Data          12  main.o(.bss)
    s6_ult_addr                              0x20000064   Data          12  main.o(.bss)
    s7_ir_addr                               0x20000070   Data          12  main.o(.bss)
    s2_sensor_addr                           0x2000007c   Data          12  main.o(.bss)
    __initial_sp                             0x20000488   Data           0  startup_gd32f450.o(STACK)



==============================================================================

Memory Map of the image

  Image Entry point : 0x080001ad

  Load Region LR_IROM1 (Base: 0x08000000, Size: 0x00002184, Max: 0x00300000, ABSOLUTE)

    Execution Region ER_IROM1 (Exec base: 0x08000000, Load base: 0x08000000, Size: 0x00002168, Max: 0x00300000, ABSOLUTE)

    Exec Addr    Load Addr    Size         Type   Attr      Idx    E Section Name        Object

    0x08000000   0x08000000   0x000001ac   Data   RO         6008    RESET               startup_gd32f450.o
    0x080001ac   0x080001ac   0x00000000   Code   RO         6027  * .ARM.Collect$$$$00000000  mc_w.l(entry.o)
    0x080001ac   0x080001ac   0x00000004   Code   RO         6059    .ARM.Collect$$$$00000001  mc_w.l(entry2.o)
    0x080001b0   0x080001b0   0x00000004   Code   RO         6062    .ARM.Collect$$$$00000004  mc_w.l(entry5.o)
    0x080001b4   0x080001b4   0x00000000   Code   RO         6064    .ARM.Collect$$$$00000008  mc_w.l(entry7b.o)
    0x080001b4   0x080001b4   0x00000000   Code   RO         6066    .ARM.Collect$$$$0000000A  mc_w.l(entry8b.o)
    0x080001b4   0x080001b4   0x00000008   Code   RO         6067    .ARM.Collect$$$$0000000B  mc_w.l(entry9a.o)
    0x080001bc   0x080001bc   0x00000004   Code   RO         6074    .ARM.Collect$$$$0000000E  mc_w.l(entry12b.o)
    0x080001c0   0x080001c0   0x00000000   Code   RO         6069    .ARM.Collect$$$$0000000F  mc_w.l(entry10a.o)
    0x080001c0   0x080001c0   0x00000000   Code   RO         6071    .ARM.Collect$$$$00000011  mc_w.l(entry11a.o)
    0x080001c0   0x080001c0   0x00000004   Code   RO         6060    .ARM.Collect$$$$00002712  mc_w.l(entry2.o)
    0x080001c4   0x080001c4   0x00000024   Code   RO         6009    .text               startup_gd32f450.o
    0x080001e8   0x080001e8   0x0000014e   Code   RO         6030    .text               mf_w.l(dadd.o)
    0x08000336   0x08000336   0x000000e4   Code   RO         6032    .text               mf_w.l(dmul.o)
    0x0800041a   0x0800041a   0x000000de   Code   RO         6034    .text               mf_w.l(ddiv.o)
    0x080004f8   0x080004f8   0x0000003e   Code   RO         6036    .text               mf_w.l(dfixi.o)
    0x08000536   0x08000536   0x00000026   Code   RO         6038    .text               mf_w.l(f2d.o)
    0x0800055c   0x0800055c   0x0000001e   Code   RO         6075    .text               mc_w.l(llshl.o)
    0x0800057a   0x0800057a   0x00000020   Code   RO         6077    .text               mc_w.l(llushr.o)
    0x0800059a   0x0800059a   0x00000024   Code   RO         6079    .text               mc_w.l(llsshr.o)
    0x080005be   0x080005be   0x00000000   Code   RO         6088    .text               mc_w.l(iusefp.o)
    0x080005be   0x080005be   0x000000ba   Code   RO         6089    .text               mf_w.l(depilogue.o)
    0x08000678   0x08000678   0x00000022   Code   RO         6091    .text               mf_w.l(dflti.o)
    0x0800069a   0x0800069a   0x00000002   PAD
    0x0800069c   0x0800069c   0x00000030   Code   RO         6093    .text               mf_w.l(cdcmple.o)
    0x080006cc   0x080006cc   0x00000030   Code   RO         6095    .text               mf_w.l(cdrcmple.o)
    0x080006fc   0x080006fc   0x00000024   Code   RO         6097    .text               mc_w.l(init.o)
    0x08000720   0x08000720   0x00000004   Code   RO            3    i.BusFault_Handler  gd32f4xx_it.o
    0x08000724   0x08000724   0x00000002   Code   RO            4    i.DebugMon_Handler  gd32f4xx_it.o
    0x08000726   0x08000726   0x00000004   Code   RO            5    i.HardFault_Handler  gd32f4xx_it.o
    0x0800072a   0x0800072a   0x00000004   Code   RO            6    i.MemManage_Handler  gd32f4xx_it.o
    0x0800072e   0x0800072e   0x00000002   Code   RO            7    i.NMI_Handler       gd32f4xx_it.o
    0x08000730   0x08000730   0x00000028   Code   RO          310    i.NVIC_SetPriority  systick.o
    0x08000758   0x08000758   0x00000002   Code   RO            8    i.PendSV_Handler    gd32f4xx_it.o
    0x0800075a   0x0800075a   0x00000002   Code   RO            9    i.SVC_Handler       gd32f4xx_it.o
    0x0800075c   0x0800075c   0x00000008   Code   RO           10    i.SysTick_Handler   gd32f4xx_it.o
    0x08000764   0x08000764   0x000000b8   Code   RO         5967    i.SystemInit        system_gd32f4xx.o
    0x0800081c   0x0800081c   0x00000004   Code   RO           11    i.UsageFault_Handler  gd32f4xx_it.o
    0x08000820   0x08000820   0x00000030   Code   RO         6054    i.__ARM_fpclassify  m_wm.l(fpclassify.o)
    0x08000850   0x08000850   0x00000358   Code   RO         6013    i.__hardfp_exp      m_wm.l(exp.o)
    0x08000ba8   0x08000ba8   0x000000f8   Code   RO         6056    i.__kernel_poly     m_wm.l(poly.o)
    0x08000ca0   0x08000ca0   0x00000014   Code   RO         6041    i.__mathlib_dbl_infnan  m_wm.l(dunder.o)
    0x08000cb4   0x08000cb4   0x00000004   PAD
    0x08000cb8   0x08000cb8   0x00000020   Code   RO         6044    i.__mathlib_dbl_overflow  m_wm.l(dunder.o)
    0x08000cd8   0x08000cd8   0x00000020   Code   RO         6046    i.__mathlib_dbl_underflow  m_wm.l(dunder.o)
    0x08000cf8   0x08000cf8   0x0000000e   Code   RO         6101    i.__scatterload_copy  mc_w.l(handlers.o)
    0x08000d06   0x08000d06   0x00000002   Code   RO         6102    i.__scatterload_null  mc_w.l(handlers.o)
    0x08000d08   0x08000d08   0x0000000e   Code   RO         6103    i.__scatterload_zeroinit  mc_w.l(handlers.o)
    0x08000d16   0x08000d16   0x00000002   PAD
    0x08000d18   0x08000d18   0x0000000c   Code   RO         6083    i.__set_errno       mc_w.l(errno.o)
    0x08000d24   0x08000d24   0x00000014   Code   RO          311    i.delay_1ms         systick.o
    0x08000d38   0x08000d38   0x00000018   Code   RO          312    i.delay_decrement   systick.o
    0x08000d50   0x08000d50   0x00000040   Code   RO          199    i.digital_control   i2c_test.o
    0x08000d90   0x08000d90   0x0000002c   Code   RO          255    i.get_s6_data       main.o
    0x08000dbc   0x08000dbc   0x0000005e   Code   RO         2957    i.gpio_af_set       gd32f4xx_gpio.o
    0x08000e1a   0x08000e1a   0x0000004e   Code   RO         2965    i.gpio_mode_set     gd32f4xx_gpio.o
    0x08000e68   0x08000e68   0x00000042   Code   RO         2967    i.gpio_output_options_set  gd32f4xx_gpio.o
    0x08000eaa   0x08000eaa   0x00000002   PAD
    0x08000eac   0x08000eac   0x000000c4   Code   RO          353    i.ht16k33_display_data  ht16k33.o
    0x08000f70   0x08000f70   0x00000072   Code   RO          354    i.ht16k33_display_off  ht16k33.o
    0x08000fe2   0x08000fe2   0x0000001a   Code   RO          355    i.ht16k33_init      ht16k33.o
    0x08000ffc   0x08000ffc   0x00000038   Code   RO          398    i.i2c0_config       i2c.o
    0x08001034   0x08001034   0x00000060   Code   RO          399    i.i2c0_gpio_config  i2c.o
    0x08001094   0x08001094   0x00000038   Code   RO          400    i.i2c1_config       i2c.o
    0x080010cc   0x080010cc   0x00000058   Code   RO          401    i.i2c1_gpio_config  i2c.o
    0x08001124   0x08001124   0x00000018   Code   RO         3061    i.i2c_ack_config    gd32f4xx_i2c.o
    0x0800113c   0x0800113c   0x00000016   Code   RO         3062    i.i2c_ackpos_config  gd32f4xx_i2c.o
    0x08001152   0x08001152   0x00000002   PAD
    0x08001154   0x08001154   0x000002e0   Code   RO          200    i.i2c_addr_init     i2c_test.o
    0x08001434   0x08001434   0x00000082   Code   RO          402    i.i2c_addr_poll     i2c.o
    0x080014b6   0x080014b6   0x000000c4   Code   RO          403    i.i2c_byte_write    i2c.o
    0x0800157a   0x0800157a   0x00000002   PAD
    0x0800157c   0x0800157c   0x000000d8   Code   RO         3065    i.i2c_clock_config  gd32f4xx_i2c.o
    0x08001654   0x08001654   0x000000aa   Code   RO          404    i.i2c_cmd_write     i2c.o
    0x080016fe   0x080016fe   0x00000008   Code   RO         3066    i.i2c_data_receive  gd32f4xx_i2c.o
    0x08001706   0x08001706   0x00000006   Code   RO         3067    i.i2c_data_transmit  gd32f4xx_i2c.o
    0x0800170c   0x0800170c   0x0000000a   Code   RO         3075    i.i2c_enable        gd32f4xx_i2c.o
    0x08001716   0x08001716   0x00000028   Code   RO         3076    i.i2c_flag_clear    gd32f4xx_i2c.o
    0x0800173e   0x0800173e   0x0000001e   Code   RO         3077    i.i2c_flag_get      gd32f4xx_i2c.o
    0x0800175c   0x0800175c   0x0000001c   Code   RO          256    i.i2c_init          main.o
    0x08001778   0x08001778   0x00000014   Code   RO         3082    i.i2c_master_addressing  gd32f4xx_i2c.o
    0x0800178c   0x0800178c   0x0000001c   Code   RO         3083    i.i2c_mode_addr_config  gd32f4xx_i2c.o
    0x080017a8   0x080017a8   0x0000017e   Code   RO          405    i.i2c_read          i2c.o
    0x08001926   0x08001926   0x0000000a   Code   RO         3096    i.i2c_start_on_bus  gd32f4xx_i2c.o
    0x08001930   0x08001930   0x0000000a   Code   RO         3097    i.i2c_stop_on_bus   gd32f4xx_i2c.o
    0x0800193a   0x0800193a   0x00000002   PAD
    0x0800193c   0x0800193c   0x0000005c   Code   RO          257    i.key_trans         main.o
    0x08001998   0x08001998   0x000002b8   Code   RO          258    i.main              main.o
    0x08001c50   0x08001c50   0x0000001c   Code   RO          466    i.pc9685_init       pca9685.o
    0x08001c6c   0x08001c6c   0x00000094   Code   RO          201    i.pc9685_motor_control  i2c_test.o
    0x08001d00   0x08001d00   0x00000124   Code   RO         3729    i.rcu_clock_freq_get  gd32f4xx_rcu.o
    0x08001e24   0x08001e24   0x00000024   Code   RO         3748    i.rcu_periph_clock_enable  gd32f4xx_rcu.o
    0x08001e48   0x08001e48   0x000000b0   Code   RO          259    i.s2_read_sht3x     main.o
    0x08001ef8   0x08001ef8   0x00000052   Code   RO          467    i.setPWM            pca9685.o
    0x08001f4a   0x08001f4a   0x00000038   Code   RO          468    i.setPWM_off        pca9685.o
    0x08001f82   0x08001f82   0x00000002   PAD
    0x08001f84   0x08001f84   0x000000fc   Code   RO         5968    i.system_clock_168m_25m_hxtal  system_gd32f4xx.o
    0x08002080   0x08002080   0x00000008   Code   RO         5969    i.system_clock_config  system_gd32f4xx.o
    0x08002088   0x08002088   0x00000050   Code   RO          313    i.systick_config    systick.o
    0x080020d8   0x080020d8   0x00000014   Data   RO          357    .constdata          ht16k33.o
    0x080020ec   0x080020ec   0x00000004   PAD
    0x080020f0   0x080020f0   0x00000058   Data   RO         6016    .constdata          m_wm.l(exp.o)
    0x08002148   0x08002148   0x00000020   Data   RO         6099    Region$$Table       anon$$obj.o


    Execution Region RW_IRAM1 (Exec base: 0x20000000, Load base: 0x08002168, Size: 0x00000488, Max: 0x00030000, ABSOLUTE)

    Exec Addr    Load Addr    Size         Type   Attr      Idx    E Section Name        Object

    0x20000000   0x08002168   0x00000008   Data   RW          261    .data               main.o
    0x20000008   0x08002170   0x00000004   Data   RW          314    .data               systick.o
    0x2000000c   0x08002174   0x00000006   Data   RW          358    .data               ht16k33.o
    0x20000012   0x0800217a   0x00000002   PAD
    0x20000014   0x0800217c   0x00000004   Data   RW         5970    .data               system_gd32f4xx.o
    0x20000018   0x08002180   0x00000004   Data   RW         6084    .data               mc_w.l(errno.o)
    0x2000001c        -       0x0000006c   Zero   RW          260    .bss                main.o
    0x20000088        -       0x00000400   Zero   RW         6006    STACK               startup_gd32f450.o


==============================================================================

Image component sizes


      Code (inc. data)   RO Data    RW Data    ZI Data      Debug   Object Name

       238          0          0          0          0       2404   gd32f4xx_gpio.o
       424         12          0          0          0       7700   gd32f4xx_i2c.o
        32          0          0          0          0      44206   gd32f4xx_it.o
       328         32          0          0          0       2287   gd32f4xx_rcu.o
       336          6         20          6          0       2599   ht16k33.o
      1174         28          0          0          0       5758   i2c.o
       948         38          0          0          0       2453   i2c_test.o
      1036         92          0          8        108       4855   main.o
       166          0          0          0          0       1888   pca9685.o
        36          8        428          0       1024        848   startup_gd32f450.o
       444         28          0          4          0       2587   system_gd32f4xx.o
       164         24          0          4          0      28906   systick.o

    ----------------------------------------------------------------------
      5336        268        484         24       1132     106491   Object Totals
         0          0         32          0          0          0   (incl. Generated)
        10          0          4          2          0          0   (incl. Padding)

    ----------------------------------------------------------------------

      Code (inc. data)   RO Data    RW Data    ZI Data      Debug   Library Member Name

        84         16          0          0          0        372   dunder.o
       856        142         88          0          0        288   exp.o
        48          0          0          0          0        124   fpclassify.o
       248          0          0          0          0        152   poly.o
         0          0          0          0          0          0   entry.o
         0          0          0          0          0          0   entry10a.o
         0          0          0          0          0          0   entry11a.o
         4          0          0          0          0          0   entry12b.o
         8          4          0          0          0          0   entry2.o
         4          0          0          0          0          0   entry5.o
         0          0          0          0          0          0   entry7b.o
         0          0          0          0          0          0   entry8b.o
         8          4          0          0          0          0   entry9a.o
        12          6          0          4          0         68   errno.o
        30          0          0          0          0          0   handlers.o
        36          8          0          0          0         68   init.o
         0          0          0          0          0          0   iusefp.o
        30          0          0          0          0         68   llshl.o
        36          0          0          0          0         68   llsshr.o
        32          0          0          0          0         68   llushr.o
        48          0          0          0          0         68   cdcmple.o
        48          0          0          0          0         68   cdrcmple.o
       334          0          0          0          0        148   dadd.o
       222          0          0          0          0        100   ddiv.o
       186          0          0          0          0        176   depilogue.o
        62          0          0          0          0         80   dfixi.o
        34          0          0          0          0         76   dflti.o
       228          0          0          0          0         96   dmul.o
        38          0          0          0          0         68   f2d.o

    ----------------------------------------------------------------------
      2644        180         88          4          0       2156   Library Totals
         8          0          0          0          0          0   (incl. Padding)

    ----------------------------------------------------------------------

      Code (inc. data)   RO Data    RW Data    ZI Data      Debug   Library Name

      1236        158         88          0          0        936   m_wm.l
       200         22          0          4          0        340   mc_w.l
      1200          0          0          0          0        880   mf_w.l

    ----------------------------------------------------------------------
      2644        180         88          4          0       2156   Library Totals

    ----------------------------------------------------------------------

==============================================================================


      Code (inc. data)   RO Data    RW Data    ZI Data      Debug   

      7980        448        572         28       1132     102831   Grand Totals
      7980        448        572         28       1132     102831   ELF Image Totals
      7980        448        572         28          0          0   ROM Totals

==============================================================================

    Total RO  Size (Code + RO Data)                 8552 (   8.35kB)
    Total RW  Size (RW Data + ZI Data)              1160 (   1.13kB)
    Total ROM Size (Code + RO Data + RW Data)       8580 (   8.38kB)

==============================================================================

