<!doctype html public "-//w3c//dtd html 4.0 transitional//en">
<html><head>
<title>Static Call Graph - [.\Objects\Helloworld.axf]</title></head>
<body><HR>
<H1>Static Call Graph for image .\Objects\Helloworld.axf</H1><HR>
<BR><P>#&#060CALLGRAPH&#062# ARM Linker, 5060960: Last Updated: Sun Jun 11 15:16:07 2023
<BR><P>
<H3>Maximum Stack Usage =        140 bytes + Unknown(Cycles, Untraceable Function Pointers)</H3><H3>
Call chain for Maximum Stack Depth:</H3>
__rt_entry_main &rArr; main &rArr; i2c1_config &rArr; i2c_clock_config &rArr; rcu_clock_freq_get
<P>
<H3>
Mutually Recursive functions
</H3> <LI><a href="#[1e]">ADC_IRQHandler</a>&nbsp;&nbsp;&nbsp;&rArr;&nbsp;&nbsp;&nbsp;<a href="#[1e]">ADC_IRQHandler</a><BR>
</UL>
<P>
<H3>
Function Pointers
</H3><UL>
 <LI><a href="#[1e]">ADC_IRQHandler</a> from startup_gd32f450.o(.text) referenced from startup_gd32f450.o(RESET)
 <LI><a href="#[6]">BusFault_Handler</a> from gd32f4xx_it.o(i.BusFault_Handler) referenced from startup_gd32f450.o(RESET)
 <LI><a href="#[22]">CAN0_EWMC_IRQHandler</a> from startup_gd32f450.o(.text) referenced from startup_gd32f450.o(RESET)
 <LI><a href="#[20]">CAN0_RX0_IRQHandler</a> from startup_gd32f450.o(.text) referenced from startup_gd32f450.o(RESET)
 <LI><a href="#[21]">CAN0_RX1_IRQHandler</a> from startup_gd32f450.o(.text) referenced from startup_gd32f450.o(RESET)
 <LI><a href="#[1f]">CAN0_TX_IRQHandler</a> from startup_gd32f450.o(.text) referenced from startup_gd32f450.o(RESET)
 <LI><a href="#[4e]">CAN1_EWMC_IRQHandler</a> from startup_gd32f450.o(.text) referenced from startup_gd32f450.o(RESET)
 <LI><a href="#[4c]">CAN1_RX0_IRQHandler</a> from startup_gd32f450.o(.text) referenced from startup_gd32f450.o(RESET)
 <LI><a href="#[4d]">CAN1_RX1_IRQHandler</a> from startup_gd32f450.o(.text) referenced from startup_gd32f450.o(RESET)
 <LI><a href="#[4b]">CAN1_TX_IRQHandler</a> from startup_gd32f450.o(.text) referenced from startup_gd32f450.o(RESET)
 <LI><a href="#[5a]">DCI_IRQHandler</a> from startup_gd32f450.o(.text) referenced from startup_gd32f450.o(RESET)
 <LI><a href="#[17]">DMA0_Channel0_IRQHandler</a> from startup_gd32f450.o(.text) referenced from startup_gd32f450.o(RESET)
 <LI><a href="#[18]">DMA0_Channel1_IRQHandler</a> from startup_gd32f450.o(.text) referenced from startup_gd32f450.o(RESET)
 <LI><a href="#[19]">DMA0_Channel2_IRQHandler</a> from startup_gd32f450.o(.text) referenced from startup_gd32f450.o(RESET)
 <LI><a href="#[1a]">DMA0_Channel3_IRQHandler</a> from startup_gd32f450.o(.text) referenced from startup_gd32f450.o(RESET)
 <LI><a href="#[1b]">DMA0_Channel4_IRQHandler</a> from startup_gd32f450.o(.text) referenced from startup_gd32f450.o(RESET)
 <LI><a href="#[1c]">DMA0_Channel5_IRQHandler</a> from startup_gd32f450.o(.text) referenced from startup_gd32f450.o(RESET)
 <LI><a href="#[1d]">DMA0_Channel6_IRQHandler</a> from startup_gd32f450.o(.text) referenced from startup_gd32f450.o(RESET)
 <LI><a href="#[3b]">DMA0_Channel7_IRQHandler</a> from startup_gd32f450.o(.text) referenced from startup_gd32f450.o(RESET)
 <LI><a href="#[44]">DMA1_Channel0_IRQHandler</a> from startup_gd32f450.o(.text) referenced from startup_gd32f450.o(RESET)
 <LI><a href="#[45]">DMA1_Channel1_IRQHandler</a> from startup_gd32f450.o(.text) referenced from startup_gd32f450.o(RESET)
 <LI><a href="#[46]">DMA1_Channel2_IRQHandler</a> from startup_gd32f450.o(.text) referenced from startup_gd32f450.o(RESET)
 <LI><a href="#[47]">DMA1_Channel3_IRQHandler</a> from startup_gd32f450.o(.text) referenced from startup_gd32f450.o(RESET)
 <LI><a href="#[48]">DMA1_Channel4_IRQHandler</a> from startup_gd32f450.o(.text) referenced from startup_gd32f450.o(RESET)
 <LI><a href="#[50]">DMA1_Channel5_IRQHandler</a> from startup_gd32f450.o(.text) referenced from startup_gd32f450.o(RESET)
 <LI><a href="#[51]">DMA1_Channel6_IRQHandler</a> from startup_gd32f450.o(.text) referenced from startup_gd32f450.o(RESET)
 <LI><a href="#[52]">DMA1_Channel7_IRQHandler</a> from startup_gd32f450.o(.text) referenced from startup_gd32f450.o(RESET)
 <LI><a href="#[9]">DebugMon_Handler</a> from gd32f4xx_it.o(i.DebugMon_Handler) referenced from startup_gd32f450.o(RESET)
 <LI><a href="#[49]">ENET_IRQHandler</a> from startup_gd32f450.o(.text) referenced from startup_gd32f450.o(RESET)
 <LI><a href="#[4a]">ENET_WKUP_IRQHandler</a> from startup_gd32f450.o(.text) referenced from startup_gd32f450.o(RESET)
 <LI><a href="#[3c]">EXMC_IRQHandler</a> from startup_gd32f450.o(.text) referenced from startup_gd32f450.o(RESET)
 <LI><a href="#[12]">EXTI0_IRQHandler</a> from startup_gd32f450.o(.text) referenced from startup_gd32f450.o(RESET)
 <LI><a href="#[34]">EXTI10_15_IRQHandler</a> from startup_gd32f450.o(.text) referenced from startup_gd32f450.o(RESET)
 <LI><a href="#[13]">EXTI1_IRQHandler</a> from startup_gd32f450.o(.text) referenced from startup_gd32f450.o(RESET)
 <LI><a href="#[14]">EXTI2_IRQHandler</a> from startup_gd32f450.o(.text) referenced from startup_gd32f450.o(RESET)
 <LI><a href="#[15]">EXTI3_IRQHandler</a> from startup_gd32f450.o(.text) referenced from startup_gd32f450.o(RESET)
 <LI><a href="#[16]">EXTI4_IRQHandler</a> from startup_gd32f450.o(.text) referenced from startup_gd32f450.o(RESET)
 <LI><a href="#[23]">EXTI5_9_IRQHandler</a> from startup_gd32f450.o(.text) referenced from startup_gd32f450.o(RESET)
 <LI><a href="#[10]">FMC_IRQHandler</a> from startup_gd32f450.o(.text) referenced from startup_gd32f450.o(RESET)
 <LI><a href="#[5c]">FPU_IRQHandler</a> from startup_gd32f450.o(.text) referenced from startup_gd32f450.o(RESET)
 <LI><a href="#[4]">HardFault_Handler</a> from gd32f4xx_it.o(i.HardFault_Handler) referenced from startup_gd32f450.o(RESET)
 <LI><a href="#[2c]">I2C0_ER_IRQHandler</a> from startup_gd32f450.o(.text) referenced from startup_gd32f450.o(RESET)
 <LI><a href="#[2b]">I2C0_EV_IRQHandler</a> from startup_gd32f450.o(.text) referenced from startup_gd32f450.o(RESET)
 <LI><a href="#[2e]">I2C1_ER_IRQHandler</a> from startup_gd32f450.o(.text) referenced from startup_gd32f450.o(RESET)
 <LI><a href="#[2d]">I2C1_EV_IRQHandler</a> from startup_gd32f450.o(.text) referenced from startup_gd32f450.o(RESET)
 <LI><a href="#[55]">I2C2_ER_IRQHandler</a> from startup_gd32f450.o(.text) referenced from startup_gd32f450.o(RESET)
 <LI><a href="#[54]">I2C2_EV_IRQHandler</a> from startup_gd32f450.o(.text) referenced from startup_gd32f450.o(RESET)
 <LI><a href="#[64]">IPA_IRQHandler</a> from startup_gd32f450.o(.text) referenced from startup_gd32f450.o(RESET)
 <LI><a href="#[d]">LVD_IRQHandler</a> from startup_gd32f450.o(.text) referenced from startup_gd32f450.o(RESET)
 <LI><a href="#[5]">MemManage_Handler</a> from gd32f4xx_it.o(i.MemManage_Handler) referenced from startup_gd32f450.o(RESET)
 <LI><a href="#[3]">NMI_Handler</a> from gd32f4xx_it.o(i.NMI_Handler) referenced from startup_gd32f450.o(RESET)
 <LI><a href="#[a]">PendSV_Handler</a> from gd32f4xx_it.o(i.PendSV_Handler) referenced from startup_gd32f450.o(RESET)
 <LI><a href="#[11]">RCU_CTC_IRQHandler</a> from startup_gd32f450.o(.text) referenced from startup_gd32f450.o(RESET)
 <LI><a href="#[35]">RTC_Alarm_IRQHandler</a> from startup_gd32f450.o(.text) referenced from startup_gd32f450.o(RESET)
 <LI><a href="#[f]">RTC_WKUP_IRQHandler</a> from startup_gd32f450.o(.text) referenced from startup_gd32f450.o(RESET)
 <LI><a href="#[2]">Reset_Handler</a> from startup_gd32f450.o(.text) referenced from startup_gd32f450.o(RESET)
 <LI><a href="#[3d]">SDIO_IRQHandler</a> from startup_gd32f450.o(.text) referenced from startup_gd32f450.o(RESET)
 <LI><a href="#[2f]">SPI0_IRQHandler</a> from startup_gd32f450.o(.text) referenced from startup_gd32f450.o(RESET)
 <LI><a href="#[30]">SPI1_IRQHandler</a> from startup_gd32f450.o(.text) referenced from startup_gd32f450.o(RESET)
 <LI><a href="#[3f]">SPI2_IRQHandler</a> from startup_gd32f450.o(.text) referenced from startup_gd32f450.o(RESET)
 <LI><a href="#[5f]">SPI3_IRQHandler</a> from startup_gd32f450.o(.text) referenced from startup_gd32f450.o(RESET)
 <LI><a href="#[60]">SPI4_IRQHandler</a> from startup_gd32f450.o(.text) referenced from startup_gd32f450.o(RESET)
 <LI><a href="#[61]">SPI5_IRQHandler</a> from startup_gd32f450.o(.text) referenced from startup_gd32f450.o(RESET)
 <LI><a href="#[8]">SVC_Handler</a> from gd32f4xx_it.o(i.SVC_Handler) referenced from startup_gd32f450.o(RESET)
 <LI><a href="#[b]">SysTick_Handler</a> from gd32f4xx_it.o(i.SysTick_Handler) referenced from startup_gd32f450.o(RESET)
 <LI><a href="#[65]">SystemInit</a> from system_gd32f4xx.o(i.SystemInit) referenced from startup_gd32f450.o(.text)
 <LI><a href="#[e]">TAMPER_STAMP_IRQHandler</a> from startup_gd32f450.o(.text) referenced from startup_gd32f450.o(RESET)
 <LI><a href="#[24]">TIMER0_BRK_TIMER8_IRQHandler</a> from startup_gd32f450.o(.text) referenced from startup_gd32f450.o(RESET)
 <LI><a href="#[27]">TIMER0_Channel_IRQHandler</a> from startup_gd32f450.o(.text) referenced from startup_gd32f450.o(RESET)
 <LI><a href="#[26]">TIMER0_TRG_CMT_TIMER10_IRQHandler</a> from startup_gd32f450.o(.text) referenced from startup_gd32f450.o(RESET)
 <LI><a href="#[25]">TIMER0_UP_TIMER9_IRQHandler</a> from startup_gd32f450.o(.text) referenced from startup_gd32f450.o(RESET)
 <LI><a href="#[28]">TIMER1_IRQHandler</a> from startup_gd32f450.o(.text) referenced from startup_gd32f450.o(RESET)
 <LI><a href="#[29]">TIMER2_IRQHandler</a> from startup_gd32f450.o(.text) referenced from startup_gd32f450.o(RESET)
 <LI><a href="#[2a]">TIMER3_IRQHandler</a> from startup_gd32f450.o(.text) referenced from startup_gd32f450.o(RESET)
 <LI><a href="#[3e]">TIMER4_IRQHandler</a> from startup_gd32f450.o(.text) referenced from startup_gd32f450.o(RESET)
 <LI><a href="#[42]">TIMER5_DAC_IRQHandler</a> from startup_gd32f450.o(.text) referenced from startup_gd32f450.o(RESET)
 <LI><a href="#[43]">TIMER6_IRQHandler</a> from startup_gd32f450.o(.text) referenced from startup_gd32f450.o(RESET)
 <LI><a href="#[37]">TIMER7_BRK_TIMER11_IRQHandler</a> from startup_gd32f450.o(.text) referenced from startup_gd32f450.o(RESET)
 <LI><a href="#[3a]">TIMER7_Channel_IRQHandler</a> from startup_gd32f450.o(.text) referenced from startup_gd32f450.o(RESET)
 <LI><a href="#[39]">TIMER7_TRG_CMT_TIMER13_IRQHandler</a> from startup_gd32f450.o(.text) referenced from startup_gd32f450.o(RESET)
 <LI><a href="#[38]">TIMER7_UP_TIMER12_IRQHandler</a> from startup_gd32f450.o(.text) referenced from startup_gd32f450.o(RESET)
 <LI><a href="#[63]">TLI_ER_IRQHandler</a> from startup_gd32f450.o(.text) referenced from startup_gd32f450.o(RESET)
 <LI><a href="#[62]">TLI_IRQHandler</a> from startup_gd32f450.o(.text) referenced from startup_gd32f450.o(RESET)
 <LI><a href="#[5b]">TRNG_IRQHandler</a> from startup_gd32f450.o(.text) referenced from startup_gd32f450.o(RESET)
 <LI><a href="#[40]">UART3_IRQHandler</a> from startup_gd32f450.o(.text) referenced from startup_gd32f450.o(RESET)
 <LI><a href="#[41]">UART4_IRQHandler</a> from startup_gd32f450.o(.text) referenced from startup_gd32f450.o(RESET)
 <LI><a href="#[5d]">UART6_IRQHandler</a> from startup_gd32f450.o(.text) referenced from startup_gd32f450.o(RESET)
 <LI><a href="#[5e]">UART7_IRQHandler</a> from startup_gd32f450.o(.text) referenced from startup_gd32f450.o(RESET)
 <LI><a href="#[31]">USART0_IRQHandler</a> from startup_gd32f450.o(.text) referenced from startup_gd32f450.o(RESET)
 <LI><a href="#[32]">USART1_IRQHandler</a> from startup_gd32f450.o(.text) referenced from startup_gd32f450.o(RESET)
 <LI><a href="#[33]">USART2_IRQHandler</a> from startup_gd32f450.o(.text) referenced from startup_gd32f450.o(RESET)
 <LI><a href="#[53]">USART5_IRQHandler</a> from startup_gd32f450.o(.text) referenced from startup_gd32f450.o(RESET)
 <LI><a href="#[4f]">USBFS_IRQHandler</a> from startup_gd32f450.o(.text) referenced from startup_gd32f450.o(RESET)
 <LI><a href="#[36]">USBFS_WKUP_IRQHandler</a> from startup_gd32f450.o(.text) referenced from startup_gd32f450.o(RESET)
 <LI><a href="#[57]">USBHS_EP1_In_IRQHandler</a> from startup_gd32f450.o(.text) referenced from startup_gd32f450.o(RESET)
 <LI><a href="#[56]">USBHS_EP1_Out_IRQHandler</a> from startup_gd32f450.o(.text) referenced from startup_gd32f450.o(RESET)
 <LI><a href="#[59]">USBHS_IRQHandler</a> from startup_gd32f450.o(.text) referenced from startup_gd32f450.o(RESET)
 <LI><a href="#[58]">USBHS_WKUP_IRQHandler</a> from startup_gd32f450.o(.text) referenced from startup_gd32f450.o(RESET)
 <LI><a href="#[7]">UsageFault_Handler</a> from gd32f4xx_it.o(i.UsageFault_Handler) referenced from startup_gd32f450.o(RESET)
 <LI><a href="#[c]">WWDGT_IRQHandler</a> from startup_gd32f450.o(.text) referenced from startup_gd32f450.o(RESET)
 <LI><a href="#[67]">__main</a> from __main.o(!!!main) referenced from startup_gd32f450.o(.text)
</UL>
<P>
<H3>
Global Symbols
</H3>
<P><STRONG><a name="[67]"></a>__main</STRONG> (Thumb, 8 bytes, Stack size 0 bytes, __main.o(!!!main))
<BR><BR>[Calls]<UL><LI><a href="#[68]">&gt;&gt;</a>&nbsp;&nbsp;&nbsp;__scatterload
<LI><a href="#[69]">&gt;&gt;</a>&nbsp;&nbsp;&nbsp;__rt_entry
</UL>

<P><STRONG><a name="[68]"></a>__scatterload</STRONG> (Thumb, 0 bytes, Stack size unknown bytes, __scatter.o(!!!scatter))
<BR><BR>[Called By]<UL><LI><a href="#[67]">&gt;&gt;</a>&nbsp;&nbsp;&nbsp;__main
</UL>

<P><STRONG><a name="[6a]"></a>__scatterload_rt2</STRONG> (Thumb, 44 bytes, Stack size unknown bytes, __scatter.o(!!!scatter), UNUSED)
<BR><BR>[Calls]<UL><LI><a href="#[69]">&gt;&gt;</a>&nbsp;&nbsp;&nbsp;__rt_entry
</UL>

<P><STRONG><a name="[a7]"></a>__scatterload_rt2_thumb_only</STRONG> (Thumb, 0 bytes, Stack size unknown bytes, __scatter.o(!!!scatter), UNUSED)

<P><STRONG><a name="[a8]"></a>__scatterload_null</STRONG> (Thumb, 0 bytes, Stack size unknown bytes, __scatter.o(!!!scatter), UNUSED)

<P><STRONG><a name="[6b]"></a>__scatterload_copy</STRONG> (Thumb, 26 bytes, Stack size unknown bytes, __scatter_copy.o(!!handler_copy), UNUSED)
<BR><BR>[Calls]<UL><LI><a href="#[6b]">&gt;&gt;</a>&nbsp;&nbsp;&nbsp;__scatterload_copy
</UL>
<BR>[Called By]<UL><LI><a href="#[6b]">&gt;&gt;</a>&nbsp;&nbsp;&nbsp;__scatterload_copy
</UL>

<P><STRONG><a name="[a9]"></a>__scatterload_zeroinit</STRONG> (Thumb, 28 bytes, Stack size unknown bytes, __scatter_zi.o(!!handler_zi), UNUSED)

<P><STRONG><a name="[71]"></a>__rt_lib_init</STRONG> (Thumb, 0 bytes, Stack size unknown bytes, libinit.o(.ARM.Collect$$libinit$$00000000))
<BR><BR>[Called By]<UL><LI><a href="#[70]">&gt;&gt;</a>&nbsp;&nbsp;&nbsp;__rt_entry_li
</UL>

<P><STRONG><a name="[6c]"></a>__rt_lib_init_fp_1</STRONG> (Thumb, 0 bytes, Stack size unknown bytes, libinit2.o(.ARM.Collect$$libinit$$00000001))
<BR><BR>[Calls]<UL><LI><a href="#[6d]">&gt;&gt;</a>&nbsp;&nbsp;&nbsp;_fp_init
</UL>

<P><STRONG><a name="[aa]"></a>__rt_lib_init_alloca_1</STRONG> (Thumb, 0 bytes, Stack size unknown bytes, libinit2.o(.ARM.Collect$$libinit$$0000002E))

<P><STRONG><a name="[ab]"></a>__rt_lib_init_argv_1</STRONG> (Thumb, 0 bytes, Stack size unknown bytes, libinit2.o(.ARM.Collect$$libinit$$0000002C))

<P><STRONG><a name="[ac]"></a>__rt_lib_init_atexit_1</STRONG> (Thumb, 0 bytes, Stack size unknown bytes, libinit2.o(.ARM.Collect$$libinit$$0000001B))

<P><STRONG><a name="[ad]"></a>__rt_lib_init_clock_1</STRONG> (Thumb, 0 bytes, Stack size unknown bytes, libinit2.o(.ARM.Collect$$libinit$$00000021))

<P><STRONG><a name="[ae]"></a>__rt_lib_init_cpp_1</STRONG> (Thumb, 0 bytes, Stack size unknown bytes, libinit2.o(.ARM.Collect$$libinit$$00000032))

<P><STRONG><a name="[af]"></a>__rt_lib_init_exceptions_1</STRONG> (Thumb, 0 bytes, Stack size unknown bytes, libinit2.o(.ARM.Collect$$libinit$$00000030))

<P><STRONG><a name="[b0]"></a>__rt_lib_init_fp_trap_1</STRONG> (Thumb, 0 bytes, Stack size unknown bytes, libinit2.o(.ARM.Collect$$libinit$$0000001F))

<P><STRONG><a name="[b1]"></a>__rt_lib_init_getenv_1</STRONG> (Thumb, 0 bytes, Stack size unknown bytes, libinit2.o(.ARM.Collect$$libinit$$00000023))

<P><STRONG><a name="[b2]"></a>__rt_lib_init_heap_1</STRONG> (Thumb, 0 bytes, Stack size unknown bytes, libinit2.o(.ARM.Collect$$libinit$$0000000A))

<P><STRONG><a name="[b3]"></a>__rt_lib_init_lc_collate_1</STRONG> (Thumb, 0 bytes, Stack size unknown bytes, libinit2.o(.ARM.Collect$$libinit$$00000011))

<P><STRONG><a name="[b4]"></a>__rt_lib_init_lc_ctype_1</STRONG> (Thumb, 0 bytes, Stack size unknown bytes, libinit2.o(.ARM.Collect$$libinit$$00000013))

<P><STRONG><a name="[b5]"></a>__rt_lib_init_lc_monetary_1</STRONG> (Thumb, 0 bytes, Stack size unknown bytes, libinit2.o(.ARM.Collect$$libinit$$00000015))

<P><STRONG><a name="[b6]"></a>__rt_lib_init_lc_numeric_1</STRONG> (Thumb, 0 bytes, Stack size unknown bytes, libinit2.o(.ARM.Collect$$libinit$$00000017))

<P><STRONG><a name="[b7]"></a>__rt_lib_init_lc_time_1</STRONG> (Thumb, 0 bytes, Stack size unknown bytes, libinit2.o(.ARM.Collect$$libinit$$00000019))

<P><STRONG><a name="[b8]"></a>__rt_lib_init_preinit_1</STRONG> (Thumb, 0 bytes, Stack size unknown bytes, libinit2.o(.ARM.Collect$$libinit$$00000004))

<P><STRONG><a name="[b9]"></a>__rt_lib_init_rand_1</STRONG> (Thumb, 0 bytes, Stack size unknown bytes, libinit2.o(.ARM.Collect$$libinit$$0000000E))

<P><STRONG><a name="[ba]"></a>__rt_lib_init_return</STRONG> (Thumb, 0 bytes, Stack size unknown bytes, libinit2.o(.ARM.Collect$$libinit$$00000033))

<P><STRONG><a name="[bb]"></a>__rt_lib_init_signal_1</STRONG> (Thumb, 0 bytes, Stack size unknown bytes, libinit2.o(.ARM.Collect$$libinit$$0000001D))

<P><STRONG><a name="[bc]"></a>__rt_lib_init_stdio_1</STRONG> (Thumb, 0 bytes, Stack size unknown bytes, libinit2.o(.ARM.Collect$$libinit$$00000025))

<P><STRONG><a name="[bd]"></a>__rt_lib_init_user_alloc_1</STRONG> (Thumb, 0 bytes, Stack size unknown bytes, libinit2.o(.ARM.Collect$$libinit$$0000000C))

<P><STRONG><a name="[76]"></a>__rt_lib_shutdown</STRONG> (Thumb, 0 bytes, Stack size unknown bytes, libshutdown.o(.ARM.Collect$$libshutdown$$00000000))
<BR><BR>[Called By]<UL><LI><a href="#[75]">&gt;&gt;</a>&nbsp;&nbsp;&nbsp;__rt_exit_ls
</UL>

<P><STRONG><a name="[be]"></a>__rt_lib_shutdown_cpp_1</STRONG> (Thumb, 0 bytes, Stack size unknown bytes, libshutdown2.o(.ARM.Collect$$libshutdown$$00000004))

<P><STRONG><a name="[bf]"></a>__rt_lib_shutdown_fini_1</STRONG> (Thumb, 0 bytes, Stack size unknown bytes, libshutdown2.o(.ARM.Collect$$libshutdown$$00000002))

<P><STRONG><a name="[c0]"></a>__rt_lib_shutdown_fp_trap_1</STRONG> (Thumb, 0 bytes, Stack size unknown bytes, libshutdown2.o(.ARM.Collect$$libshutdown$$00000009))

<P><STRONG><a name="[c1]"></a>__rt_lib_shutdown_heap_1</STRONG> (Thumb, 0 bytes, Stack size unknown bytes, libshutdown2.o(.ARM.Collect$$libshutdown$$00000011))

<P><STRONG><a name="[c2]"></a>__rt_lib_shutdown_return</STRONG> (Thumb, 0 bytes, Stack size unknown bytes, libshutdown2.o(.ARM.Collect$$libshutdown$$00000012))

<P><STRONG><a name="[c3]"></a>__rt_lib_shutdown_signal_1</STRONG> (Thumb, 0 bytes, Stack size unknown bytes, libshutdown2.o(.ARM.Collect$$libshutdown$$0000000C))

<P><STRONG><a name="[c4]"></a>__rt_lib_shutdown_stdio_1</STRONG> (Thumb, 0 bytes, Stack size unknown bytes, libshutdown2.o(.ARM.Collect$$libshutdown$$00000006))

<P><STRONG><a name="[c5]"></a>__rt_lib_shutdown_user_alloc_1</STRONG> (Thumb, 0 bytes, Stack size unknown bytes, libshutdown2.o(.ARM.Collect$$libshutdown$$0000000E))

<P><STRONG><a name="[69]"></a>__rt_entry</STRONG> (Thumb, 0 bytes, Stack size unknown bytes, __rtentry.o(.ARM.Collect$$rtentry$$00000000))
<BR><BR>[Called By]<UL><LI><a href="#[6a]">&gt;&gt;</a>&nbsp;&nbsp;&nbsp;__scatterload_rt2
<LI><a href="#[67]">&gt;&gt;</a>&nbsp;&nbsp;&nbsp;__main
</UL>

<P><STRONG><a name="[c6]"></a>__rt_entry_presh_1</STRONG> (Thumb, 0 bytes, Stack size unknown bytes, __rtentry2.o(.ARM.Collect$$rtentry$$00000002))

<P><STRONG><a name="[6e]"></a>__rt_entry_sh</STRONG> (Thumb, 0 bytes, Stack size unknown bytes, __rtentry4.o(.ARM.Collect$$rtentry$$00000004))
<BR><BR>[Stack]<UL><LI>Max Depth = 8 + Unknown Stack Size
<LI>Call Chain = __rt_entry_sh &rArr; __user_setup_stackheap
</UL>
<BR>[Calls]<UL><LI><a href="#[6f]">&gt;&gt;</a>&nbsp;&nbsp;&nbsp;__user_setup_stackheap
</UL>

<P><STRONG><a name="[70]"></a>__rt_entry_li</STRONG> (Thumb, 0 bytes, Stack size unknown bytes, __rtentry2.o(.ARM.Collect$$rtentry$$0000000A))
<BR><BR>[Calls]<UL><LI><a href="#[71]">&gt;&gt;</a>&nbsp;&nbsp;&nbsp;__rt_lib_init
</UL>

<P><STRONG><a name="[c7]"></a>__rt_entry_postsh_1</STRONG> (Thumb, 0 bytes, Stack size unknown bytes, __rtentry2.o(.ARM.Collect$$rtentry$$00000009))

<P><STRONG><a name="[72]"></a>__rt_entry_main</STRONG> (Thumb, 0 bytes, Stack size unknown bytes, __rtentry2.o(.ARM.Collect$$rtentry$$0000000D))
<BR><BR>[Stack]<UL><LI>Max Depth = 140 + Unknown Stack Size
<LI>Call Chain = __rt_entry_main &rArr; main &rArr; i2c1_config &rArr; i2c_clock_config &rArr; rcu_clock_freq_get
</UL>
<BR>[Calls]<UL><LI><a href="#[73]">&gt;&gt;</a>&nbsp;&nbsp;&nbsp;main
<LI><a href="#[74]">&gt;&gt;</a>&nbsp;&nbsp;&nbsp;exit
</UL>

<P><STRONG><a name="[c8]"></a>__rt_entry_postli_1</STRONG> (Thumb, 0 bytes, Stack size unknown bytes, __rtentry2.o(.ARM.Collect$$rtentry$$0000000C))

<P><STRONG><a name="[7b]"></a>__rt_exit</STRONG> (Thumb, 0 bytes, Stack size unknown bytes, rtexit.o(.ARM.Collect$$rtexit$$00000000))
<BR><BR>[Called By]<UL><LI><a href="#[74]">&gt;&gt;</a>&nbsp;&nbsp;&nbsp;exit
</UL>

<P><STRONG><a name="[75]"></a>__rt_exit_ls</STRONG> (Thumb, 0 bytes, Stack size unknown bytes, rtexit2.o(.ARM.Collect$$rtexit$$00000003))
<BR><BR>[Calls]<UL><LI><a href="#[76]">&gt;&gt;</a>&nbsp;&nbsp;&nbsp;__rt_lib_shutdown
</UL>

<P><STRONG><a name="[c9]"></a>__rt_exit_prels_1</STRONG> (Thumb, 0 bytes, Stack size unknown bytes, rtexit2.o(.ARM.Collect$$rtexit$$00000002))

<P><STRONG><a name="[77]"></a>__rt_exit_exit</STRONG> (Thumb, 0 bytes, Stack size unknown bytes, rtexit2.o(.ARM.Collect$$rtexit$$00000004))
<BR><BR>[Calls]<UL><LI><a href="#[78]">&gt;&gt;</a>&nbsp;&nbsp;&nbsp;_sys_exit
</UL>

<P><STRONG><a name="[2]"></a>Reset_Handler</STRONG> (Thumb, 8 bytes, Stack size 0 bytes, startup_gd32f450.o(.text))
<BR>[Address Reference Count : 1]<UL><LI> startup_gd32f450.o(RESET)
</UL>
<P><STRONG><a name="[1e]"></a>ADC_IRQHandler</STRONG> (Thumb, 0 bytes, Stack size 0 bytes, startup_gd32f450.o(.text))
<BR><BR>[Calls]<UL><LI><a href="#[1e]">&gt;&gt;</a>&nbsp;&nbsp;&nbsp;ADC_IRQHandler
</UL>
<BR>[Called By]<UL><LI><a href="#[1e]">&gt;&gt;</a>&nbsp;&nbsp;&nbsp;ADC_IRQHandler
</UL>
<BR>[Address Reference Count : 1]<UL><LI> startup_gd32f450.o(RESET)
</UL>
<P><STRONG><a name="[22]"></a>CAN0_EWMC_IRQHandler</STRONG> (Thumb, 0 bytes, Stack size 0 bytes, startup_gd32f450.o(.text))
<BR>[Address Reference Count : 1]<UL><LI> startup_gd32f450.o(RESET)
</UL>
<P><STRONG><a name="[20]"></a>CAN0_RX0_IRQHandler</STRONG> (Thumb, 0 bytes, Stack size 0 bytes, startup_gd32f450.o(.text))
<BR>[Address Reference Count : 1]<UL><LI> startup_gd32f450.o(RESET)
</UL>
<P><STRONG><a name="[21]"></a>CAN0_RX1_IRQHandler</STRONG> (Thumb, 0 bytes, Stack size 0 bytes, startup_gd32f450.o(.text))
<BR>[Address Reference Count : 1]<UL><LI> startup_gd32f450.o(RESET)
</UL>
<P><STRONG><a name="[1f]"></a>CAN0_TX_IRQHandler</STRONG> (Thumb, 0 bytes, Stack size 0 bytes, startup_gd32f450.o(.text))
<BR>[Address Reference Count : 1]<UL><LI> startup_gd32f450.o(RESET)
</UL>
<P><STRONG><a name="[4e]"></a>CAN1_EWMC_IRQHandler</STRONG> (Thumb, 0 bytes, Stack size 0 bytes, startup_gd32f450.o(.text))
<BR>[Address Reference Count : 1]<UL><LI> startup_gd32f450.o(RESET)
</UL>
<P><STRONG><a name="[4c]"></a>CAN1_RX0_IRQHandler</STRONG> (Thumb, 0 bytes, Stack size 0 bytes, startup_gd32f450.o(.text))
<BR>[Address Reference Count : 1]<UL><LI> startup_gd32f450.o(RESET)
</UL>
<P><STRONG><a name="[4d]"></a>CAN1_RX1_IRQHandler</STRONG> (Thumb, 0 bytes, Stack size 0 bytes, startup_gd32f450.o(.text))
<BR>[Address Reference Count : 1]<UL><LI> startup_gd32f450.o(RESET)
</UL>
<P><STRONG><a name="[4b]"></a>CAN1_TX_IRQHandler</STRONG> (Thumb, 0 bytes, Stack size 0 bytes, startup_gd32f450.o(.text))
<BR>[Address Reference Count : 1]<UL><LI> startup_gd32f450.o(RESET)
</UL>
<P><STRONG><a name="[5a]"></a>DCI_IRQHandler</STRONG> (Thumb, 0 bytes, Stack size 0 bytes, startup_gd32f450.o(.text))
<BR>[Address Reference Count : 1]<UL><LI> startup_gd32f450.o(RESET)
</UL>
<P><STRONG><a name="[17]"></a>DMA0_Channel0_IRQHandler</STRONG> (Thumb, 0 bytes, Stack size 0 bytes, startup_gd32f450.o(.text))
<BR>[Address Reference Count : 1]<UL><LI> startup_gd32f450.o(RESET)
</UL>
<P><STRONG><a name="[18]"></a>DMA0_Channel1_IRQHandler</STRONG> (Thumb, 0 bytes, Stack size 0 bytes, startup_gd32f450.o(.text))
<BR>[Address Reference Count : 1]<UL><LI> startup_gd32f450.o(RESET)
</UL>
<P><STRONG><a name="[19]"></a>DMA0_Channel2_IRQHandler</STRONG> (Thumb, 0 bytes, Stack size 0 bytes, startup_gd32f450.o(.text))
<BR>[Address Reference Count : 1]<UL><LI> startup_gd32f450.o(RESET)
</UL>
<P><STRONG><a name="[1a]"></a>DMA0_Channel3_IRQHandler</STRONG> (Thumb, 0 bytes, Stack size 0 bytes, startup_gd32f450.o(.text))
<BR>[Address Reference Count : 1]<UL><LI> startup_gd32f450.o(RESET)
</UL>
<P><STRONG><a name="[1b]"></a>DMA0_Channel4_IRQHandler</STRONG> (Thumb, 0 bytes, Stack size 0 bytes, startup_gd32f450.o(.text))
<BR>[Address Reference Count : 1]<UL><LI> startup_gd32f450.o(RESET)
</UL>
<P><STRONG><a name="[1c]"></a>DMA0_Channel5_IRQHandler</STRONG> (Thumb, 0 bytes, Stack size 0 bytes, startup_gd32f450.o(.text))
<BR>[Address Reference Count : 1]<UL><LI> startup_gd32f450.o(RESET)
</UL>
<P><STRONG><a name="[1d]"></a>DMA0_Channel6_IRQHandler</STRONG> (Thumb, 0 bytes, Stack size 0 bytes, startup_gd32f450.o(.text))
<BR>[Address Reference Count : 1]<UL><LI> startup_gd32f450.o(RESET)
</UL>
<P><STRONG><a name="[3b]"></a>DMA0_Channel7_IRQHandler</STRONG> (Thumb, 0 bytes, Stack size 0 bytes, startup_gd32f450.o(.text))
<BR>[Address Reference Count : 1]<UL><LI> startup_gd32f450.o(RESET)
</UL>
<P><STRONG><a name="[44]"></a>DMA1_Channel0_IRQHandler</STRONG> (Thumb, 0 bytes, Stack size 0 bytes, startup_gd32f450.o(.text))
<BR>[Address Reference Count : 1]<UL><LI> startup_gd32f450.o(RESET)
</UL>
<P><STRONG><a name="[45]"></a>DMA1_Channel1_IRQHandler</STRONG> (Thumb, 0 bytes, Stack size 0 bytes, startup_gd32f450.o(.text))
<BR>[Address Reference Count : 1]<UL><LI> startup_gd32f450.o(RESET)
</UL>
<P><STRONG><a name="[46]"></a>DMA1_Channel2_IRQHandler</STRONG> (Thumb, 0 bytes, Stack size 0 bytes, startup_gd32f450.o(.text))
<BR>[Address Reference Count : 1]<UL><LI> startup_gd32f450.o(RESET)
</UL>
<P><STRONG><a name="[47]"></a>DMA1_Channel3_IRQHandler</STRONG> (Thumb, 0 bytes, Stack size 0 bytes, startup_gd32f450.o(.text))
<BR>[Address Reference Count : 1]<UL><LI> startup_gd32f450.o(RESET)
</UL>
<P><STRONG><a name="[48]"></a>DMA1_Channel4_IRQHandler</STRONG> (Thumb, 0 bytes, Stack size 0 bytes, startup_gd32f450.o(.text))
<BR>[Address Reference Count : 1]<UL><LI> startup_gd32f450.o(RESET)
</UL>
<P><STRONG><a name="[50]"></a>DMA1_Channel5_IRQHandler</STRONG> (Thumb, 0 bytes, Stack size 0 bytes, startup_gd32f450.o(.text))
<BR>[Address Reference Count : 1]<UL><LI> startup_gd32f450.o(RESET)
</UL>
<P><STRONG><a name="[51]"></a>DMA1_Channel6_IRQHandler</STRONG> (Thumb, 0 bytes, Stack size 0 bytes, startup_gd32f450.o(.text))
<BR>[Address Reference Count : 1]<UL><LI> startup_gd32f450.o(RESET)
</UL>
<P><STRONG><a name="[52]"></a>DMA1_Channel7_IRQHandler</STRONG> (Thumb, 0 bytes, Stack size 0 bytes, startup_gd32f450.o(.text))
<BR>[Address Reference Count : 1]<UL><LI> startup_gd32f450.o(RESET)
</UL>
<P><STRONG><a name="[49]"></a>ENET_IRQHandler</STRONG> (Thumb, 0 bytes, Stack size 0 bytes, startup_gd32f450.o(.text))
<BR>[Address Reference Count : 1]<UL><LI> startup_gd32f450.o(RESET)
</UL>
<P><STRONG><a name="[4a]"></a>ENET_WKUP_IRQHandler</STRONG> (Thumb, 0 bytes, Stack size 0 bytes, startup_gd32f450.o(.text))
<BR>[Address Reference Count : 1]<UL><LI> startup_gd32f450.o(RESET)
</UL>
<P><STRONG><a name="[3c]"></a>EXMC_IRQHandler</STRONG> (Thumb, 0 bytes, Stack size 0 bytes, startup_gd32f450.o(.text))
<BR>[Address Reference Count : 1]<UL><LI> startup_gd32f450.o(RESET)
</UL>
<P><STRONG><a name="[12]"></a>EXTI0_IRQHandler</STRONG> (Thumb, 0 bytes, Stack size 0 bytes, startup_gd32f450.o(.text))
<BR>[Address Reference Count : 1]<UL><LI> startup_gd32f450.o(RESET)
</UL>
<P><STRONG><a name="[34]"></a>EXTI10_15_IRQHandler</STRONG> (Thumb, 0 bytes, Stack size 0 bytes, startup_gd32f450.o(.text))
<BR>[Address Reference Count : 1]<UL><LI> startup_gd32f450.o(RESET)
</UL>
<P><STRONG><a name="[13]"></a>EXTI1_IRQHandler</STRONG> (Thumb, 0 bytes, Stack size 0 bytes, startup_gd32f450.o(.text))
<BR>[Address Reference Count : 1]<UL><LI> startup_gd32f450.o(RESET)
</UL>
<P><STRONG><a name="[14]"></a>EXTI2_IRQHandler</STRONG> (Thumb, 0 bytes, Stack size 0 bytes, startup_gd32f450.o(.text))
<BR>[Address Reference Count : 1]<UL><LI> startup_gd32f450.o(RESET)
</UL>
<P><STRONG><a name="[15]"></a>EXTI3_IRQHandler</STRONG> (Thumb, 0 bytes, Stack size 0 bytes, startup_gd32f450.o(.text))
<BR>[Address Reference Count : 1]<UL><LI> startup_gd32f450.o(RESET)
</UL>
<P><STRONG><a name="[16]"></a>EXTI4_IRQHandler</STRONG> (Thumb, 0 bytes, Stack size 0 bytes, startup_gd32f450.o(.text))
<BR>[Address Reference Count : 1]<UL><LI> startup_gd32f450.o(RESET)
</UL>
<P><STRONG><a name="[23]"></a>EXTI5_9_IRQHandler</STRONG> (Thumb, 0 bytes, Stack size 0 bytes, startup_gd32f450.o(.text))
<BR>[Address Reference Count : 1]<UL><LI> startup_gd32f450.o(RESET)
</UL>
<P><STRONG><a name="[10]"></a>FMC_IRQHandler</STRONG> (Thumb, 0 bytes, Stack size 0 bytes, startup_gd32f450.o(.text))
<BR>[Address Reference Count : 1]<UL><LI> startup_gd32f450.o(RESET)
</UL>
<P><STRONG><a name="[5c]"></a>FPU_IRQHandler</STRONG> (Thumb, 0 bytes, Stack size 0 bytes, startup_gd32f450.o(.text))
<BR>[Address Reference Count : 1]<UL><LI> startup_gd32f450.o(RESET)
</UL>
<P><STRONG><a name="[2c]"></a>I2C0_ER_IRQHandler</STRONG> (Thumb, 0 bytes, Stack size 0 bytes, startup_gd32f450.o(.text))
<BR>[Address Reference Count : 1]<UL><LI> startup_gd32f450.o(RESET)
</UL>
<P><STRONG><a name="[2b]"></a>I2C0_EV_IRQHandler</STRONG> (Thumb, 0 bytes, Stack size 0 bytes, startup_gd32f450.o(.text))
<BR>[Address Reference Count : 1]<UL><LI> startup_gd32f450.o(RESET)
</UL>
<P><STRONG><a name="[2e]"></a>I2C1_ER_IRQHandler</STRONG> (Thumb, 0 bytes, Stack size 0 bytes, startup_gd32f450.o(.text))
<BR>[Address Reference Count : 1]<UL><LI> startup_gd32f450.o(RESET)
</UL>
<P><STRONG><a name="[2d]"></a>I2C1_EV_IRQHandler</STRONG> (Thumb, 0 bytes, Stack size 0 bytes, startup_gd32f450.o(.text))
<BR>[Address Reference Count : 1]<UL><LI> startup_gd32f450.o(RESET)
</UL>
<P><STRONG><a name="[55]"></a>I2C2_ER_IRQHandler</STRONG> (Thumb, 0 bytes, Stack size 0 bytes, startup_gd32f450.o(.text))
<BR>[Address Reference Count : 1]<UL><LI> startup_gd32f450.o(RESET)
</UL>
<P><STRONG><a name="[54]"></a>I2C2_EV_IRQHandler</STRONG> (Thumb, 0 bytes, Stack size 0 bytes, startup_gd32f450.o(.text))
<BR>[Address Reference Count : 1]<UL><LI> startup_gd32f450.o(RESET)
</UL>
<P><STRONG><a name="[64]"></a>IPA_IRQHandler</STRONG> (Thumb, 0 bytes, Stack size 0 bytes, startup_gd32f450.o(.text))
<BR>[Address Reference Count : 1]<UL><LI> startup_gd32f450.o(RESET)
</UL>
<P><STRONG><a name="[d]"></a>LVD_IRQHandler</STRONG> (Thumb, 0 bytes, Stack size 0 bytes, startup_gd32f450.o(.text))
<BR>[Address Reference Count : 1]<UL><LI> startup_gd32f450.o(RESET)
</UL>
<P><STRONG><a name="[11]"></a>RCU_CTC_IRQHandler</STRONG> (Thumb, 0 bytes, Stack size 0 bytes, startup_gd32f450.o(.text))
<BR>[Address Reference Count : 1]<UL><LI> startup_gd32f450.o(RESET)
</UL>
<P><STRONG><a name="[35]"></a>RTC_Alarm_IRQHandler</STRONG> (Thumb, 0 bytes, Stack size 0 bytes, startup_gd32f450.o(.text))
<BR>[Address Reference Count : 1]<UL><LI> startup_gd32f450.o(RESET)
</UL>
<P><STRONG><a name="[f]"></a>RTC_WKUP_IRQHandler</STRONG> (Thumb, 0 bytes, Stack size 0 bytes, startup_gd32f450.o(.text))
<BR>[Address Reference Count : 1]<UL><LI> startup_gd32f450.o(RESET)
</UL>
<P><STRONG><a name="[3d]"></a>SDIO_IRQHandler</STRONG> (Thumb, 0 bytes, Stack size 0 bytes, startup_gd32f450.o(.text))
<BR>[Address Reference Count : 1]<UL><LI> startup_gd32f450.o(RESET)
</UL>
<P><STRONG><a name="[2f]"></a>SPI0_IRQHandler</STRONG> (Thumb, 0 bytes, Stack size 0 bytes, startup_gd32f450.o(.text))
<BR>[Address Reference Count : 1]<UL><LI> startup_gd32f450.o(RESET)
</UL>
<P><STRONG><a name="[30]"></a>SPI1_IRQHandler</STRONG> (Thumb, 0 bytes, Stack size 0 bytes, startup_gd32f450.o(.text))
<BR>[Address Reference Count : 1]<UL><LI> startup_gd32f450.o(RESET)
</UL>
<P><STRONG><a name="[3f]"></a>SPI2_IRQHandler</STRONG> (Thumb, 0 bytes, Stack size 0 bytes, startup_gd32f450.o(.text))
<BR>[Address Reference Count : 1]<UL><LI> startup_gd32f450.o(RESET)
</UL>
<P><STRONG><a name="[5f]"></a>SPI3_IRQHandler</STRONG> (Thumb, 0 bytes, Stack size 0 bytes, startup_gd32f450.o(.text))
<BR>[Address Reference Count : 1]<UL><LI> startup_gd32f450.o(RESET)
</UL>
<P><STRONG><a name="[60]"></a>SPI4_IRQHandler</STRONG> (Thumb, 0 bytes, Stack size 0 bytes, startup_gd32f450.o(.text))
<BR>[Address Reference Count : 1]<UL><LI> startup_gd32f450.o(RESET)
</UL>
<P><STRONG><a name="[61]"></a>SPI5_IRQHandler</STRONG> (Thumb, 0 bytes, Stack size 0 bytes, startup_gd32f450.o(.text))
<BR>[Address Reference Count : 1]<UL><LI> startup_gd32f450.o(RESET)
</UL>
<P><STRONG><a name="[e]"></a>TAMPER_STAMP_IRQHandler</STRONG> (Thumb, 0 bytes, Stack size 0 bytes, startup_gd32f450.o(.text))
<BR>[Address Reference Count : 1]<UL><LI> startup_gd32f450.o(RESET)
</UL>
<P><STRONG><a name="[24]"></a>TIMER0_BRK_TIMER8_IRQHandler</STRONG> (Thumb, 0 bytes, Stack size 0 bytes, startup_gd32f450.o(.text))
<BR>[Address Reference Count : 1]<UL><LI> startup_gd32f450.o(RESET)
</UL>
<P><STRONG><a name="[27]"></a>TIMER0_Channel_IRQHandler</STRONG> (Thumb, 0 bytes, Stack size 0 bytes, startup_gd32f450.o(.text))
<BR>[Address Reference Count : 1]<UL><LI> startup_gd32f450.o(RESET)
</UL>
<P><STRONG><a name="[26]"></a>TIMER0_TRG_CMT_TIMER10_IRQHandler</STRONG> (Thumb, 0 bytes, Stack size 0 bytes, startup_gd32f450.o(.text))
<BR>[Address Reference Count : 1]<UL><LI> startup_gd32f450.o(RESET)
</UL>
<P><STRONG><a name="[25]"></a>TIMER0_UP_TIMER9_IRQHandler</STRONG> (Thumb, 0 bytes, Stack size 0 bytes, startup_gd32f450.o(.text))
<BR>[Address Reference Count : 1]<UL><LI> startup_gd32f450.o(RESET)
</UL>
<P><STRONG><a name="[28]"></a>TIMER1_IRQHandler</STRONG> (Thumb, 0 bytes, Stack size 0 bytes, startup_gd32f450.o(.text))
<BR>[Address Reference Count : 1]<UL><LI> startup_gd32f450.o(RESET)
</UL>
<P><STRONG><a name="[29]"></a>TIMER2_IRQHandler</STRONG> (Thumb, 0 bytes, Stack size 0 bytes, startup_gd32f450.o(.text))
<BR>[Address Reference Count : 1]<UL><LI> startup_gd32f450.o(RESET)
</UL>
<P><STRONG><a name="[2a]"></a>TIMER3_IRQHandler</STRONG> (Thumb, 0 bytes, Stack size 0 bytes, startup_gd32f450.o(.text))
<BR>[Address Reference Count : 1]<UL><LI> startup_gd32f450.o(RESET)
</UL>
<P><STRONG><a name="[3e]"></a>TIMER4_IRQHandler</STRONG> (Thumb, 0 bytes, Stack size 0 bytes, startup_gd32f450.o(.text))
<BR>[Address Reference Count : 1]<UL><LI> startup_gd32f450.o(RESET)
</UL>
<P><STRONG><a name="[42]"></a>TIMER5_DAC_IRQHandler</STRONG> (Thumb, 0 bytes, Stack size 0 bytes, startup_gd32f450.o(.text))
<BR>[Address Reference Count : 1]<UL><LI> startup_gd32f450.o(RESET)
</UL>
<P><STRONG><a name="[43]"></a>TIMER6_IRQHandler</STRONG> (Thumb, 0 bytes, Stack size 0 bytes, startup_gd32f450.o(.text))
<BR>[Address Reference Count : 1]<UL><LI> startup_gd32f450.o(RESET)
</UL>
<P><STRONG><a name="[37]"></a>TIMER7_BRK_TIMER11_IRQHandler</STRONG> (Thumb, 0 bytes, Stack size 0 bytes, startup_gd32f450.o(.text))
<BR>[Address Reference Count : 1]<UL><LI> startup_gd32f450.o(RESET)
</UL>
<P><STRONG><a name="[3a]"></a>TIMER7_Channel_IRQHandler</STRONG> (Thumb, 0 bytes, Stack size 0 bytes, startup_gd32f450.o(.text))
<BR>[Address Reference Count : 1]<UL><LI> startup_gd32f450.o(RESET)
</UL>
<P><STRONG><a name="[39]"></a>TIMER7_TRG_CMT_TIMER13_IRQHandler</STRONG> (Thumb, 0 bytes, Stack size 0 bytes, startup_gd32f450.o(.text))
<BR>[Address Reference Count : 1]<UL><LI> startup_gd32f450.o(RESET)
</UL>
<P><STRONG><a name="[38]"></a>TIMER7_UP_TIMER12_IRQHandler</STRONG> (Thumb, 0 bytes, Stack size 0 bytes, startup_gd32f450.o(.text))
<BR>[Address Reference Count : 1]<UL><LI> startup_gd32f450.o(RESET)
</UL>
<P><STRONG><a name="[63]"></a>TLI_ER_IRQHandler</STRONG> (Thumb, 0 bytes, Stack size 0 bytes, startup_gd32f450.o(.text))
<BR>[Address Reference Count : 1]<UL><LI> startup_gd32f450.o(RESET)
</UL>
<P><STRONG><a name="[62]"></a>TLI_IRQHandler</STRONG> (Thumb, 0 bytes, Stack size 0 bytes, startup_gd32f450.o(.text))
<BR>[Address Reference Count : 1]<UL><LI> startup_gd32f450.o(RESET)
</UL>
<P><STRONG><a name="[5b]"></a>TRNG_IRQHandler</STRONG> (Thumb, 0 bytes, Stack size 0 bytes, startup_gd32f450.o(.text))
<BR>[Address Reference Count : 1]<UL><LI> startup_gd32f450.o(RESET)
</UL>
<P><STRONG><a name="[40]"></a>UART3_IRQHandler</STRONG> (Thumb, 0 bytes, Stack size 0 bytes, startup_gd32f450.o(.text))
<BR>[Address Reference Count : 1]<UL><LI> startup_gd32f450.o(RESET)
</UL>
<P><STRONG><a name="[41]"></a>UART4_IRQHandler</STRONG> (Thumb, 0 bytes, Stack size 0 bytes, startup_gd32f450.o(.text))
<BR>[Address Reference Count : 1]<UL><LI> startup_gd32f450.o(RESET)
</UL>
<P><STRONG><a name="[5d]"></a>UART6_IRQHandler</STRONG> (Thumb, 0 bytes, Stack size 0 bytes, startup_gd32f450.o(.text))
<BR>[Address Reference Count : 1]<UL><LI> startup_gd32f450.o(RESET)
</UL>
<P><STRONG><a name="[5e]"></a>UART7_IRQHandler</STRONG> (Thumb, 0 bytes, Stack size 0 bytes, startup_gd32f450.o(.text))
<BR>[Address Reference Count : 1]<UL><LI> startup_gd32f450.o(RESET)
</UL>
<P><STRONG><a name="[31]"></a>USART0_IRQHandler</STRONG> (Thumb, 0 bytes, Stack size 0 bytes, startup_gd32f450.o(.text))
<BR>[Address Reference Count : 1]<UL><LI> startup_gd32f450.o(RESET)
</UL>
<P><STRONG><a name="[32]"></a>USART1_IRQHandler</STRONG> (Thumb, 0 bytes, Stack size 0 bytes, startup_gd32f450.o(.text))
<BR>[Address Reference Count : 1]<UL><LI> startup_gd32f450.o(RESET)
</UL>
<P><STRONG><a name="[33]"></a>USART2_IRQHandler</STRONG> (Thumb, 0 bytes, Stack size 0 bytes, startup_gd32f450.o(.text))
<BR>[Address Reference Count : 1]<UL><LI> startup_gd32f450.o(RESET)
</UL>
<P><STRONG><a name="[53]"></a>USART5_IRQHandler</STRONG> (Thumb, 0 bytes, Stack size 0 bytes, startup_gd32f450.o(.text))
<BR>[Address Reference Count : 1]<UL><LI> startup_gd32f450.o(RESET)
</UL>
<P><STRONG><a name="[4f]"></a>USBFS_IRQHandler</STRONG> (Thumb, 0 bytes, Stack size 0 bytes, startup_gd32f450.o(.text))
<BR>[Address Reference Count : 1]<UL><LI> startup_gd32f450.o(RESET)
</UL>
<P><STRONG><a name="[36]"></a>USBFS_WKUP_IRQHandler</STRONG> (Thumb, 0 bytes, Stack size 0 bytes, startup_gd32f450.o(.text))
<BR>[Address Reference Count : 1]<UL><LI> startup_gd32f450.o(RESET)
</UL>
<P><STRONG><a name="[57]"></a>USBHS_EP1_In_IRQHandler</STRONG> (Thumb, 0 bytes, Stack size 0 bytes, startup_gd32f450.o(.text))
<BR>[Address Reference Count : 1]<UL><LI> startup_gd32f450.o(RESET)
</UL>
<P><STRONG><a name="[56]"></a>USBHS_EP1_Out_IRQHandler</STRONG> (Thumb, 0 bytes, Stack size 0 bytes, startup_gd32f450.o(.text))
<BR>[Address Reference Count : 1]<UL><LI> startup_gd32f450.o(RESET)
</UL>
<P><STRONG><a name="[59]"></a>USBHS_IRQHandler</STRONG> (Thumb, 0 bytes, Stack size 0 bytes, startup_gd32f450.o(.text))
<BR>[Address Reference Count : 1]<UL><LI> startup_gd32f450.o(RESET)
</UL>
<P><STRONG><a name="[58]"></a>USBHS_WKUP_IRQHandler</STRONG> (Thumb, 0 bytes, Stack size 0 bytes, startup_gd32f450.o(.text))
<BR>[Address Reference Count : 1]<UL><LI> startup_gd32f450.o(RESET)
</UL>
<P><STRONG><a name="[c]"></a>WWDGT_IRQHandler</STRONG> (Thumb, 0 bytes, Stack size 0 bytes, startup_gd32f450.o(.text))
<BR>[Address Reference Count : 1]<UL><LI> startup_gd32f450.o(RESET)
</UL>
<P><STRONG><a name="[7a]"></a>__user_initial_stackheap</STRONG> (Thumb, 10 bytes, Stack size 0 bytes, startup_gd32f450.o(.text))
<BR><BR>[Called By]<UL><LI><a href="#[6f]">&gt;&gt;</a>&nbsp;&nbsp;&nbsp;__user_setup_stackheap
</UL>

<P><STRONG><a name="[ca]"></a>__use_two_region_memory</STRONG> (Thumb, 2 bytes, Stack size 0 bytes, heapauxi.o(.text), UNUSED)

<P><STRONG><a name="[cb]"></a>__rt_heap_escrow$2region</STRONG> (Thumb, 2 bytes, Stack size 0 bytes, heapauxi.o(.text), UNUSED)

<P><STRONG><a name="[cc]"></a>__rt_heap_expand$2region</STRONG> (Thumb, 2 bytes, Stack size 0 bytes, heapauxi.o(.text), UNUSED)

<P><STRONG><a name="[6f]"></a>__user_setup_stackheap</STRONG> (Thumb, 74 bytes, Stack size 8 bytes, sys_stackheap_outer.o(.text))
<BR><BR>[Stack]<UL><LI>Max Depth = 8<LI>Call Chain = __user_setup_stackheap
</UL>
<BR>[Calls]<UL><LI><a href="#[7a]">&gt;&gt;</a>&nbsp;&nbsp;&nbsp;__user_initial_stackheap
<LI><a href="#[79]">&gt;&gt;</a>&nbsp;&nbsp;&nbsp;__user_perproc_libspace
</UL>
<BR>[Called By]<UL><LI><a href="#[6e]">&gt;&gt;</a>&nbsp;&nbsp;&nbsp;__rt_entry_sh
</UL>

<P><STRONG><a name="[74]"></a>exit</STRONG> (Thumb, 18 bytes, Stack size 8 bytes, exit.o(.text))
<BR><BR>[Stack]<UL><LI>Max Depth = 8 + Unknown Stack Size
<LI>Call Chain = exit
</UL>
<BR>[Calls]<UL><LI><a href="#[7b]">&gt;&gt;</a>&nbsp;&nbsp;&nbsp;__rt_exit
</UL>
<BR>[Called By]<UL><LI><a href="#[72]">&gt;&gt;</a>&nbsp;&nbsp;&nbsp;__rt_entry_main
</UL>

<P><STRONG><a name="[cd]"></a>__user_libspace</STRONG> (Thumb, 8 bytes, Stack size 0 bytes, libspace.o(.text), UNUSED)

<P><STRONG><a name="[79]"></a>__user_perproc_libspace</STRONG> (Thumb, 0 bytes, Stack size 0 bytes, libspace.o(.text))
<BR><BR>[Called By]<UL><LI><a href="#[6f]">&gt;&gt;</a>&nbsp;&nbsp;&nbsp;__user_setup_stackheap
</UL>

<P><STRONG><a name="[ce]"></a>__user_perthread_libspace</STRONG> (Thumb, 0 bytes, Stack size 0 bytes, libspace.o(.text), UNUSED)

<P><STRONG><a name="[78]"></a>_sys_exit</STRONG> (Thumb, 8 bytes, Stack size 0 bytes, sys_exit.o(.text))
<BR><BR>[Called By]<UL><LI><a href="#[77]">&gt;&gt;</a>&nbsp;&nbsp;&nbsp;__rt_exit_exit
</UL>

<P><STRONG><a name="[cf]"></a>__I$use$semihosting</STRONG> (Thumb, 0 bytes, Stack size 0 bytes, use_no_semi.o(.text), UNUSED)

<P><STRONG><a name="[d0]"></a>__use_no_semihosting_swi</STRONG> (Thumb, 2 bytes, Stack size 0 bytes, use_no_semi.o(.text), UNUSED)

<P><STRONG><a name="[6]"></a>BusFault_Handler</STRONG> (Thumb, 4 bytes, Stack size 0 bytes, gd32f4xx_it.o(i.BusFault_Handler))
<BR>[Address Reference Count : 1]<UL><LI> startup_gd32f450.o(RESET)
</UL>
<P><STRONG><a name="[d1]"></a>__semihosting_library_function</STRONG> (Thumb, 0 bytes, Stack size 0 bytes, indicate_semi.o(.text), UNUSED)

<P><STRONG><a name="[9]"></a>DebugMon_Handler</STRONG> (Thumb, 2 bytes, Stack size 0 bytes, gd32f4xx_it.o(i.DebugMon_Handler))
<BR>[Address Reference Count : 1]<UL><LI> startup_gd32f450.o(RESET)
</UL>
<P><STRONG><a name="[4]"></a>HardFault_Handler</STRONG> (Thumb, 4 bytes, Stack size 0 bytes, gd32f4xx_it.o(i.HardFault_Handler))
<BR>[Address Reference Count : 1]<UL><LI> startup_gd32f450.o(RESET)
</UL>
<P><STRONG><a name="[5]"></a>MemManage_Handler</STRONG> (Thumb, 4 bytes, Stack size 0 bytes, gd32f4xx_it.o(i.MemManage_Handler))
<BR>[Address Reference Count : 1]<UL><LI> startup_gd32f450.o(RESET)
</UL>
<P><STRONG><a name="[3]"></a>NMI_Handler</STRONG> (Thumb, 2 bytes, Stack size 0 bytes, gd32f4xx_it.o(i.NMI_Handler))
<BR>[Address Reference Count : 1]<UL><LI> startup_gd32f450.o(RESET)
</UL>
<P><STRONG><a name="[a]"></a>PendSV_Handler</STRONG> (Thumb, 2 bytes, Stack size 0 bytes, gd32f4xx_it.o(i.PendSV_Handler))
<BR>[Address Reference Count : 1]<UL><LI> startup_gd32f450.o(RESET)
</UL>
<P><STRONG><a name="[8]"></a>SVC_Handler</STRONG> (Thumb, 2 bytes, Stack size 0 bytes, gd32f4xx_it.o(i.SVC_Handler))
<BR>[Address Reference Count : 1]<UL><LI> startup_gd32f450.o(RESET)
</UL>
<P><STRONG><a name="[b]"></a>SysTick_Handler</STRONG> (Thumb, 8 bytes, Stack size 8 bytes, gd32f4xx_it.o(i.SysTick_Handler))
<BR><BR>[Stack]<UL><LI>Max Depth = 8<LI>Call Chain = SysTick_Handler
</UL>
<BR>[Calls]<UL><LI><a href="#[7c]">&gt;&gt;</a>&nbsp;&nbsp;&nbsp;delay_decrement
</UL>
<BR>[Address Reference Count : 1]<UL><LI> startup_gd32f450.o(RESET)
</UL>
<P><STRONG><a name="[65]"></a>SystemInit</STRONG> (Thumb, 168 bytes, Stack size 8 bytes, system_gd32f4xx.o(i.SystemInit))
<BR><BR>[Stack]<UL><LI>Max Depth = 16<LI>Call Chain = SystemInit &rArr; system_clock_config
</UL>
<BR>[Calls]<UL><LI><a href="#[7d]">&gt;&gt;</a>&nbsp;&nbsp;&nbsp;system_clock_config
</UL>
<BR>[Address Reference Count : 1]<UL><LI> startup_gd32f450.o(.text)
</UL>
<P><STRONG><a name="[7]"></a>UsageFault_Handler</STRONG> (Thumb, 4 bytes, Stack size 0 bytes, gd32f4xx_it.o(i.UsageFault_Handler))
<BR>[Address Reference Count : 1]<UL><LI> startup_gd32f450.o(RESET)
</UL>
<P><STRONG><a name="[7e]"></a>bh1750_get_light_value</STRONG> (Thumb, 52 bytes, Stack size 24 bytes, bh1750.o(i.bh1750_get_light_value))
<BR><BR>[Stack]<UL><LI>Max Depth = 72<LI>Call Chain = bh1750_get_light_value &rArr; bh1750_mode &rArr; i2c_cmd_write &rArr; i2c_flag_get
</UL>
<BR>[Calls]<UL><LI><a href="#[7f]">&gt;&gt;</a>&nbsp;&nbsp;&nbsp;bh1750_mode
<LI><a href="#[81]">&gt;&gt;</a>&nbsp;&nbsp;&nbsp;i2c_read
<LI><a href="#[80]">&gt;&gt;</a>&nbsp;&nbsp;&nbsp;delay_1ms
</UL>
<BR>[Called By]<UL><LI><a href="#[73]">&gt;&gt;</a>&nbsp;&nbsp;&nbsp;main
</UL>

<P><STRONG><a name="[82]"></a>bh1750_init</STRONG> (Thumb, 18 bytes, Stack size 16 bytes, bh1750.o(i.bh1750_init))
<BR><BR>[Stack]<UL><LI>Max Depth = 48<LI>Call Chain = bh1750_init &rArr; i2c_cmd_write &rArr; i2c_flag_get
</UL>
<BR>[Calls]<UL><LI><a href="#[83]">&gt;&gt;</a>&nbsp;&nbsp;&nbsp;i2c_cmd_write
</UL>
<BR>[Called By]<UL><LI><a href="#[73]">&gt;&gt;</a>&nbsp;&nbsp;&nbsp;main
</UL>

<P><STRONG><a name="[7f]"></a>bh1750_mode</STRONG> (Thumb, 98 bytes, Stack size 16 bytes, bh1750.o(i.bh1750_mode))
<BR><BR>[Stack]<UL><LI>Max Depth = 48<LI>Call Chain = bh1750_mode &rArr; i2c_cmd_write &rArr; i2c_flag_get
</UL>
<BR>[Calls]<UL><LI><a href="#[83]">&gt;&gt;</a>&nbsp;&nbsp;&nbsp;i2c_cmd_write
</UL>
<BR>[Called By]<UL><LI><a href="#[7e]">&gt;&gt;</a>&nbsp;&nbsp;&nbsp;bh1750_get_light_value
</UL>

<P><STRONG><a name="[84]"></a>bh1750_return</STRONG> (Thumb, 18 bytes, Stack size 16 bytes, bh1750.o(i.bh1750_return))
<BR><BR>[Stack]<UL><LI>Max Depth = 48<LI>Call Chain = bh1750_return &rArr; i2c_cmd_write &rArr; i2c_flag_get
</UL>
<BR>[Calls]<UL><LI><a href="#[83]">&gt;&gt;</a>&nbsp;&nbsp;&nbsp;i2c_cmd_write
</UL>
<BR>[Called By]<UL><LI><a href="#[98]">&gt;&gt;</a>&nbsp;&nbsp;&nbsp;i2c_addr_init
</UL>

<P><STRONG><a name="[80]"></a>delay_1ms</STRONG> (Thumb, 16 bytes, Stack size 0 bytes, systick.o(i.delay_1ms))
<BR><BR>[Called By]<UL><LI><a href="#[7e]">&gt;&gt;</a>&nbsp;&nbsp;&nbsp;bh1750_get_light_value
<LI><a href="#[73]">&gt;&gt;</a>&nbsp;&nbsp;&nbsp;main
</UL>

<P><STRONG><a name="[7c]"></a>delay_decrement</STRONG> (Thumb, 18 bytes, Stack size 0 bytes, systick.o(i.delay_decrement))
<BR><BR>[Called By]<UL><LI><a href="#[b]">&gt;&gt;</a>&nbsp;&nbsp;&nbsp;SysTick_Handler
</UL>

<P><STRONG><a name="[85]"></a>digital_control</STRONG> (Thumb, 48 bytes, Stack size 16 bytes, main.o(i.digital_control))
<BR><BR>[Stack]<UL><LI>Max Depth = 72<LI>Call Chain = digital_control &rArr; ht16k33_display_data &rArr; i2c_byte_write &rArr; i2c_flag_get
</UL>
<BR>[Calls]<UL><LI><a href="#[86]">&gt;&gt;</a>&nbsp;&nbsp;&nbsp;ht16k33_display_data
</UL>
<BR>[Called By]<UL><LI><a href="#[73]">&gt;&gt;</a>&nbsp;&nbsp;&nbsp;main
</UL>

<P><STRONG><a name="[87]"></a>gd32f330_init</STRONG> (Thumb, 18 bytes, Stack size 16 bytes, gd32f330.o(i.gd32f330_init))
<BR><BR>[Stack]<UL><LI>Max Depth = 48<LI>Call Chain = gd32f330_init &rArr; i2c_cmd_write &rArr; i2c_flag_get
</UL>
<BR>[Calls]<UL><LI><a href="#[83]">&gt;&gt;</a>&nbsp;&nbsp;&nbsp;i2c_cmd_write
</UL>
<BR>[Called By]<UL><LI><a href="#[98]">&gt;&gt;</a>&nbsp;&nbsp;&nbsp;i2c_addr_init
</UL>

<P><STRONG><a name="[88]"></a>gd32f330_mov</STRONG> (Thumb, 22 bytes, Stack size 16 bytes, gd32f330.o(i.gd32f330_mov))
<BR><BR>[Stack]<UL><LI>Max Depth = 48<LI>Call Chain = gd32f330_mov &rArr; i2c_byte_write &rArr; i2c_flag_get
</UL>
<BR>[Calls]<UL><LI><a href="#[89]">&gt;&gt;</a>&nbsp;&nbsp;&nbsp;i2c_byte_write
</UL>
<BR>[Called By]<UL><LI><a href="#[73]">&gt;&gt;</a>&nbsp;&nbsp;&nbsp;main
</UL>

<P><STRONG><a name="[93]"></a>gpio_af_set</STRONG> (Thumb, 94 bytes, Stack size 20 bytes, gd32f4xx_gpio.o(i.gpio_af_set))
<BR><BR>[Stack]<UL><LI>Max Depth = 20<LI>Call Chain = gpio_af_set
</UL>
<BR>[Called By]<UL><LI><a href="#[97]">&gt;&gt;</a>&nbsp;&nbsp;&nbsp;i2c1_gpio_config
<LI><a href="#[92]">&gt;&gt;</a>&nbsp;&nbsp;&nbsp;i2c0_gpio_config
</UL>

<P><STRONG><a name="[94]"></a>gpio_mode_set</STRONG> (Thumb, 78 bytes, Stack size 20 bytes, gd32f4xx_gpio.o(i.gpio_mode_set))
<BR><BR>[Stack]<UL><LI>Max Depth = 20<LI>Call Chain = gpio_mode_set
</UL>
<BR>[Called By]<UL><LI><a href="#[97]">&gt;&gt;</a>&nbsp;&nbsp;&nbsp;i2c1_gpio_config
<LI><a href="#[92]">&gt;&gt;</a>&nbsp;&nbsp;&nbsp;i2c0_gpio_config
</UL>

<P><STRONG><a name="[95]"></a>gpio_output_options_set</STRONG> (Thumb, 66 bytes, Stack size 20 bytes, gd32f4xx_gpio.o(i.gpio_output_options_set))
<BR><BR>[Stack]<UL><LI>Max Depth = 20<LI>Call Chain = gpio_output_options_set
</UL>
<BR>[Called By]<UL><LI><a href="#[97]">&gt;&gt;</a>&nbsp;&nbsp;&nbsp;i2c1_gpio_config
<LI><a href="#[92]">&gt;&gt;</a>&nbsp;&nbsp;&nbsp;i2c0_gpio_config
</UL>

<P><STRONG><a name="[86]"></a>ht16k33_display_data</STRONG> (Thumb, 190 bytes, Stack size 24 bytes, ht16k33.o(i.ht16k33_display_data))
<BR><BR>[Stack]<UL><LI>Max Depth = 56<LI>Call Chain = ht16k33_display_data &rArr; i2c_byte_write &rArr; i2c_flag_get
</UL>
<BR>[Calls]<UL><LI><a href="#[89]">&gt;&gt;</a>&nbsp;&nbsp;&nbsp;i2c_byte_write
<LI><a href="#[83]">&gt;&gt;</a>&nbsp;&nbsp;&nbsp;i2c_cmd_write
</UL>
<BR>[Called By]<UL><LI><a href="#[85]">&gt;&gt;</a>&nbsp;&nbsp;&nbsp;digital_control
</UL>

<P><STRONG><a name="[8a]"></a>ht16k33_display_off</STRONG> (Thumb, 114 bytes, Stack size 16 bytes, ht16k33.o(i.ht16k33_display_off))
<BR><BR>[Stack]<UL><LI>Max Depth = 48<LI>Call Chain = ht16k33_display_off &rArr; i2c_byte_write &rArr; i2c_flag_get
</UL>
<BR>[Calls]<UL><LI><a href="#[89]">&gt;&gt;</a>&nbsp;&nbsp;&nbsp;i2c_byte_write
<LI><a href="#[83]">&gt;&gt;</a>&nbsp;&nbsp;&nbsp;i2c_cmd_write
</UL>
<BR>[Called By]<UL><LI><a href="#[8b]">&gt;&gt;</a>&nbsp;&nbsp;&nbsp;ht16k33_init
</UL>

<P><STRONG><a name="[8b]"></a>ht16k33_init</STRONG> (Thumb, 26 bytes, Stack size 16 bytes, ht16k33.o(i.ht16k33_init))
<BR><BR>[Stack]<UL><LI>Max Depth = 64<LI>Call Chain = ht16k33_init &rArr; ht16k33_display_off &rArr; i2c_byte_write &rArr; i2c_flag_get
</UL>
<BR>[Calls]<UL><LI><a href="#[8a]">&gt;&gt;</a>&nbsp;&nbsp;&nbsp;ht16k33_display_off
<LI><a href="#[83]">&gt;&gt;</a>&nbsp;&nbsp;&nbsp;i2c_cmd_write
</UL>
<BR>[Called By]<UL><LI><a href="#[73]">&gt;&gt;</a>&nbsp;&nbsp;&nbsp;main
</UL>

<P><STRONG><a name="[8c]"></a>i2c0_config</STRONG> (Thumb, 50 bytes, Stack size 8 bytes, i2c.o(i.i2c0_config))
<BR><BR>[Stack]<UL><LI>Max Depth = 132<LI>Call Chain = i2c0_config &rArr; i2c_clock_config &rArr; rcu_clock_freq_get
</UL>
<BR>[Calls]<UL><LI><a href="#[8d]">&gt;&gt;</a>&nbsp;&nbsp;&nbsp;rcu_periph_clock_enable
<LI><a href="#[8f]">&gt;&gt;</a>&nbsp;&nbsp;&nbsp;i2c_mode_addr_config
<LI><a href="#[90]">&gt;&gt;</a>&nbsp;&nbsp;&nbsp;i2c_enable
<LI><a href="#[8e]">&gt;&gt;</a>&nbsp;&nbsp;&nbsp;i2c_clock_config
<LI><a href="#[91]">&gt;&gt;</a>&nbsp;&nbsp;&nbsp;i2c_ack_config
</UL>
<BR>[Called By]<UL><LI><a href="#[73]">&gt;&gt;</a>&nbsp;&nbsp;&nbsp;main
</UL>

<P><STRONG><a name="[92]"></a>i2c0_gpio_config</STRONG> (Thumb, 92 bytes, Stack size 8 bytes, i2c.o(i.i2c0_gpio_config))
<BR><BR>[Stack]<UL><LI>Max Depth = 28<LI>Call Chain = i2c0_gpio_config &rArr; gpio_output_options_set
</UL>
<BR>[Calls]<UL><LI><a href="#[8d]">&gt;&gt;</a>&nbsp;&nbsp;&nbsp;rcu_periph_clock_enable
<LI><a href="#[95]">&gt;&gt;</a>&nbsp;&nbsp;&nbsp;gpio_output_options_set
<LI><a href="#[94]">&gt;&gt;</a>&nbsp;&nbsp;&nbsp;gpio_mode_set
<LI><a href="#[93]">&gt;&gt;</a>&nbsp;&nbsp;&nbsp;gpio_af_set
</UL>
<BR>[Called By]<UL><LI><a href="#[73]">&gt;&gt;</a>&nbsp;&nbsp;&nbsp;main
</UL>

<P><STRONG><a name="[96]"></a>i2c1_config</STRONG> (Thumb, 50 bytes, Stack size 8 bytes, i2c.o(i.i2c1_config))
<BR><BR>[Stack]<UL><LI>Max Depth = 132<LI>Call Chain = i2c1_config &rArr; i2c_clock_config &rArr; rcu_clock_freq_get
</UL>
<BR>[Calls]<UL><LI><a href="#[8d]">&gt;&gt;</a>&nbsp;&nbsp;&nbsp;rcu_periph_clock_enable
<LI><a href="#[8f]">&gt;&gt;</a>&nbsp;&nbsp;&nbsp;i2c_mode_addr_config
<LI><a href="#[90]">&gt;&gt;</a>&nbsp;&nbsp;&nbsp;i2c_enable
<LI><a href="#[8e]">&gt;&gt;</a>&nbsp;&nbsp;&nbsp;i2c_clock_config
<LI><a href="#[91]">&gt;&gt;</a>&nbsp;&nbsp;&nbsp;i2c_ack_config
</UL>
<BR>[Called By]<UL><LI><a href="#[73]">&gt;&gt;</a>&nbsp;&nbsp;&nbsp;main
</UL>

<P><STRONG><a name="[97]"></a>i2c1_gpio_config</STRONG> (Thumb, 80 bytes, Stack size 8 bytes, i2c.o(i.i2c1_gpio_config))
<BR><BR>[Stack]<UL><LI>Max Depth = 28<LI>Call Chain = i2c1_gpio_config &rArr; gpio_output_options_set
</UL>
<BR>[Calls]<UL><LI><a href="#[8d]">&gt;&gt;</a>&nbsp;&nbsp;&nbsp;rcu_periph_clock_enable
<LI><a href="#[95]">&gt;&gt;</a>&nbsp;&nbsp;&nbsp;gpio_output_options_set
<LI><a href="#[94]">&gt;&gt;</a>&nbsp;&nbsp;&nbsp;gpio_mode_set
<LI><a href="#[93]">&gt;&gt;</a>&nbsp;&nbsp;&nbsp;gpio_af_set
</UL>
<BR>[Called By]<UL><LI><a href="#[73]">&gt;&gt;</a>&nbsp;&nbsp;&nbsp;main
</UL>

<P><STRONG><a name="[91]"></a>i2c_ack_config</STRONG> (Thumb, 16 bytes, Stack size 0 bytes, gd32f4xx_i2c.o(i.i2c_ack_config))
<BR><BR>[Called By]<UL><LI><a href="#[81]">&gt;&gt;</a>&nbsp;&nbsp;&nbsp;i2c_read
<LI><a href="#[96]">&gt;&gt;</a>&nbsp;&nbsp;&nbsp;i2c1_config
<LI><a href="#[8c]">&gt;&gt;</a>&nbsp;&nbsp;&nbsp;i2c0_config
</UL>

<P><STRONG><a name="[a1]"></a>i2c_ackpos_config</STRONG> (Thumb, 16 bytes, Stack size 0 bytes, gd32f4xx_i2c.o(i.i2c_ackpos_config))
<BR><BR>[Called By]<UL><LI><a href="#[81]">&gt;&gt;</a>&nbsp;&nbsp;&nbsp;i2c_read
</UL>

<P><STRONG><a name="[98]"></a>i2c_addr_init</STRONG> (Thumb, 468 bytes, Stack size 16 bytes, main.o(i.i2c_addr_init))
<BR><BR>[Stack]<UL><LI>Max Depth = 64<LI>Call Chain = i2c_addr_init &rArr; gd32f330_init &rArr; i2c_cmd_write &rArr; i2c_flag_get
</UL>
<BR>[Calls]<UL><LI><a href="#[83]">&gt;&gt;</a>&nbsp;&nbsp;&nbsp;i2c_cmd_write
<LI><a href="#[99]">&gt;&gt;</a>&nbsp;&nbsp;&nbsp;i2c_addr_poll
<LI><a href="#[87]">&gt;&gt;</a>&nbsp;&nbsp;&nbsp;gd32f330_init
<LI><a href="#[84]">&gt;&gt;</a>&nbsp;&nbsp;&nbsp;bh1750_return
</UL>
<BR>[Called By]<UL><LI><a href="#[73]">&gt;&gt;</a>&nbsp;&nbsp;&nbsp;main
</UL>

<P><STRONG><a name="[99]"></a>i2c_addr_poll</STRONG> (Thumb, 130 bytes, Stack size 24 bytes, i2c.o(i.i2c_addr_poll))
<BR><BR>[Stack]<UL><LI>Max Depth = 32<LI>Call Chain = i2c_addr_poll &rArr; i2c_flag_get
</UL>
<BR>[Calls]<UL><LI><a href="#[9d]">&gt;&gt;</a>&nbsp;&nbsp;&nbsp;i2c_stop_on_bus
<LI><a href="#[9b]">&gt;&gt;</a>&nbsp;&nbsp;&nbsp;i2c_start_on_bus
<LI><a href="#[9c]">&gt;&gt;</a>&nbsp;&nbsp;&nbsp;i2c_master_addressing
<LI><a href="#[9a]">&gt;&gt;</a>&nbsp;&nbsp;&nbsp;i2c_flag_get
</UL>
<BR>[Called By]<UL><LI><a href="#[98]">&gt;&gt;</a>&nbsp;&nbsp;&nbsp;i2c_addr_init
</UL>

<P><STRONG><a name="[89]"></a>i2c_byte_write</STRONG> (Thumb, 196 bytes, Stack size 24 bytes, i2c.o(i.i2c_byte_write))
<BR><BR>[Stack]<UL><LI>Max Depth = 32<LI>Call Chain = i2c_byte_write &rArr; i2c_flag_get
</UL>
<BR>[Calls]<UL><LI><a href="#[9d]">&gt;&gt;</a>&nbsp;&nbsp;&nbsp;i2c_stop_on_bus
<LI><a href="#[9b]">&gt;&gt;</a>&nbsp;&nbsp;&nbsp;i2c_start_on_bus
<LI><a href="#[9c]">&gt;&gt;</a>&nbsp;&nbsp;&nbsp;i2c_master_addressing
<LI><a href="#[9a]">&gt;&gt;</a>&nbsp;&nbsp;&nbsp;i2c_flag_get
<LI><a href="#[9e]">&gt;&gt;</a>&nbsp;&nbsp;&nbsp;i2c_flag_clear
<LI><a href="#[9f]">&gt;&gt;</a>&nbsp;&nbsp;&nbsp;i2c_data_transmit
</UL>
<BR>[Called By]<UL><LI><a href="#[8a]">&gt;&gt;</a>&nbsp;&nbsp;&nbsp;ht16k33_display_off
<LI><a href="#[86]">&gt;&gt;</a>&nbsp;&nbsp;&nbsp;ht16k33_display_data
<LI><a href="#[88]">&gt;&gt;</a>&nbsp;&nbsp;&nbsp;gd32f330_mov
</UL>

<P><STRONG><a name="[8e]"></a>i2c_clock_config</STRONG> (Thumb, 216 bytes, Stack size 40 bytes, gd32f4xx_i2c.o(i.i2c_clock_config))
<BR><BR>[Stack]<UL><LI>Max Depth = 124<LI>Call Chain = i2c_clock_config &rArr; rcu_clock_freq_get
</UL>
<BR>[Calls]<UL><LI><a href="#[a0]">&gt;&gt;</a>&nbsp;&nbsp;&nbsp;rcu_clock_freq_get
</UL>
<BR>[Called By]<UL><LI><a href="#[96]">&gt;&gt;</a>&nbsp;&nbsp;&nbsp;i2c1_config
<LI><a href="#[8c]">&gt;&gt;</a>&nbsp;&nbsp;&nbsp;i2c0_config
</UL>

<P><STRONG><a name="[83]"></a>i2c_cmd_write</STRONG> (Thumb, 170 bytes, Stack size 24 bytes, i2c.o(i.i2c_cmd_write))
<BR><BR>[Stack]<UL><LI>Max Depth = 32<LI>Call Chain = i2c_cmd_write &rArr; i2c_flag_get
</UL>
<BR>[Calls]<UL><LI><a href="#[9d]">&gt;&gt;</a>&nbsp;&nbsp;&nbsp;i2c_stop_on_bus
<LI><a href="#[9b]">&gt;&gt;</a>&nbsp;&nbsp;&nbsp;i2c_start_on_bus
<LI><a href="#[9c]">&gt;&gt;</a>&nbsp;&nbsp;&nbsp;i2c_master_addressing
<LI><a href="#[9a]">&gt;&gt;</a>&nbsp;&nbsp;&nbsp;i2c_flag_get
<LI><a href="#[9e]">&gt;&gt;</a>&nbsp;&nbsp;&nbsp;i2c_flag_clear
<LI><a href="#[9f]">&gt;&gt;</a>&nbsp;&nbsp;&nbsp;i2c_data_transmit
</UL>
<BR>[Called By]<UL><LI><a href="#[7f]">&gt;&gt;</a>&nbsp;&nbsp;&nbsp;bh1750_mode
<LI><a href="#[8a]">&gt;&gt;</a>&nbsp;&nbsp;&nbsp;ht16k33_display_off
<LI><a href="#[8b]">&gt;&gt;</a>&nbsp;&nbsp;&nbsp;ht16k33_init
<LI><a href="#[86]">&gt;&gt;</a>&nbsp;&nbsp;&nbsp;ht16k33_display_data
<LI><a href="#[87]">&gt;&gt;</a>&nbsp;&nbsp;&nbsp;gd32f330_init
<LI><a href="#[84]">&gt;&gt;</a>&nbsp;&nbsp;&nbsp;bh1750_return
<LI><a href="#[82]">&gt;&gt;</a>&nbsp;&nbsp;&nbsp;bh1750_init
<LI><a href="#[98]">&gt;&gt;</a>&nbsp;&nbsp;&nbsp;i2c_addr_init
</UL>

<P><STRONG><a name="[a2]"></a>i2c_data_receive</STRONG> (Thumb, 8 bytes, Stack size 0 bytes, gd32f4xx_i2c.o(i.i2c_data_receive))
<BR><BR>[Called By]<UL><LI><a href="#[81]">&gt;&gt;</a>&nbsp;&nbsp;&nbsp;i2c_read
</UL>

<P><STRONG><a name="[9f]"></a>i2c_data_transmit</STRONG> (Thumb, 6 bytes, Stack size 0 bytes, gd32f4xx_i2c.o(i.i2c_data_transmit))
<BR><BR>[Called By]<UL><LI><a href="#[89]">&gt;&gt;</a>&nbsp;&nbsp;&nbsp;i2c_byte_write
<LI><a href="#[81]">&gt;&gt;</a>&nbsp;&nbsp;&nbsp;i2c_read
<LI><a href="#[83]">&gt;&gt;</a>&nbsp;&nbsp;&nbsp;i2c_cmd_write
</UL>

<P><STRONG><a name="[90]"></a>i2c_enable</STRONG> (Thumb, 10 bytes, Stack size 0 bytes, gd32f4xx_i2c.o(i.i2c_enable))
<BR><BR>[Called By]<UL><LI><a href="#[81]">&gt;&gt;</a>&nbsp;&nbsp;&nbsp;i2c_read
<LI><a href="#[96]">&gt;&gt;</a>&nbsp;&nbsp;&nbsp;i2c1_config
<LI><a href="#[8c]">&gt;&gt;</a>&nbsp;&nbsp;&nbsp;i2c0_config
</UL>

<P><STRONG><a name="[9e]"></a>i2c_flag_clear</STRONG> (Thumb, 40 bytes, Stack size 8 bytes, gd32f4xx_i2c.o(i.i2c_flag_clear))
<BR><BR>[Stack]<UL><LI>Max Depth = 8<LI>Call Chain = i2c_flag_clear
</UL>
<BR>[Called By]<UL><LI><a href="#[89]">&gt;&gt;</a>&nbsp;&nbsp;&nbsp;i2c_byte_write
<LI><a href="#[81]">&gt;&gt;</a>&nbsp;&nbsp;&nbsp;i2c_read
<LI><a href="#[83]">&gt;&gt;</a>&nbsp;&nbsp;&nbsp;i2c_cmd_write
</UL>

<P><STRONG><a name="[9a]"></a>i2c_flag_get</STRONG> (Thumb, 30 bytes, Stack size 8 bytes, gd32f4xx_i2c.o(i.i2c_flag_get))
<BR><BR>[Stack]<UL><LI>Max Depth = 8<LI>Call Chain = i2c_flag_get
</UL>
<BR>[Called By]<UL><LI><a href="#[89]">&gt;&gt;</a>&nbsp;&nbsp;&nbsp;i2c_byte_write
<LI><a href="#[81]">&gt;&gt;</a>&nbsp;&nbsp;&nbsp;i2c_read
<LI><a href="#[83]">&gt;&gt;</a>&nbsp;&nbsp;&nbsp;i2c_cmd_write
<LI><a href="#[99]">&gt;&gt;</a>&nbsp;&nbsp;&nbsp;i2c_addr_poll
</UL>

<P><STRONG><a name="[9c]"></a>i2c_master_addressing</STRONG> (Thumb, 20 bytes, Stack size 0 bytes, gd32f4xx_i2c.o(i.i2c_master_addressing))
<BR><BR>[Called By]<UL><LI><a href="#[89]">&gt;&gt;</a>&nbsp;&nbsp;&nbsp;i2c_byte_write
<LI><a href="#[81]">&gt;&gt;</a>&nbsp;&nbsp;&nbsp;i2c_read
<LI><a href="#[83]">&gt;&gt;</a>&nbsp;&nbsp;&nbsp;i2c_cmd_write
<LI><a href="#[99]">&gt;&gt;</a>&nbsp;&nbsp;&nbsp;i2c_addr_poll
</UL>

<P><STRONG><a name="[8f]"></a>i2c_mode_addr_config</STRONG> (Thumb, 28 bytes, Stack size 12 bytes, gd32f4xx_i2c.o(i.i2c_mode_addr_config))
<BR><BR>[Stack]<UL><LI>Max Depth = 12<LI>Call Chain = i2c_mode_addr_config
</UL>
<BR>[Called By]<UL><LI><a href="#[96]">&gt;&gt;</a>&nbsp;&nbsp;&nbsp;i2c1_config
<LI><a href="#[8c]">&gt;&gt;</a>&nbsp;&nbsp;&nbsp;i2c0_config
</UL>

<P><STRONG><a name="[81]"></a>i2c_read</STRONG> (Thumb, 384 bytes, Stack size 32 bytes, i2c.o(i.i2c_read))
<BR><BR>[Stack]<UL><LI>Max Depth = 40<LI>Call Chain = i2c_read &rArr; i2c_flag_get
</UL>
<BR>[Calls]<UL><LI><a href="#[9d]">&gt;&gt;</a>&nbsp;&nbsp;&nbsp;i2c_stop_on_bus
<LI><a href="#[9b]">&gt;&gt;</a>&nbsp;&nbsp;&nbsp;i2c_start_on_bus
<LI><a href="#[9c]">&gt;&gt;</a>&nbsp;&nbsp;&nbsp;i2c_master_addressing
<LI><a href="#[9a]">&gt;&gt;</a>&nbsp;&nbsp;&nbsp;i2c_flag_get
<LI><a href="#[9e]">&gt;&gt;</a>&nbsp;&nbsp;&nbsp;i2c_flag_clear
<LI><a href="#[90]">&gt;&gt;</a>&nbsp;&nbsp;&nbsp;i2c_enable
<LI><a href="#[9f]">&gt;&gt;</a>&nbsp;&nbsp;&nbsp;i2c_data_transmit
<LI><a href="#[a2]">&gt;&gt;</a>&nbsp;&nbsp;&nbsp;i2c_data_receive
<LI><a href="#[a1]">&gt;&gt;</a>&nbsp;&nbsp;&nbsp;i2c_ackpos_config
<LI><a href="#[91]">&gt;&gt;</a>&nbsp;&nbsp;&nbsp;i2c_ack_config
</UL>
<BR>[Called By]<UL><LI><a href="#[7e]">&gt;&gt;</a>&nbsp;&nbsp;&nbsp;bh1750_get_light_value
<LI><a href="#[73]">&gt;&gt;</a>&nbsp;&nbsp;&nbsp;main
</UL>

<P><STRONG><a name="[9b]"></a>i2c_start_on_bus</STRONG> (Thumb, 10 bytes, Stack size 0 bytes, gd32f4xx_i2c.o(i.i2c_start_on_bus))
<BR><BR>[Called By]<UL><LI><a href="#[89]">&gt;&gt;</a>&nbsp;&nbsp;&nbsp;i2c_byte_write
<LI><a href="#[81]">&gt;&gt;</a>&nbsp;&nbsp;&nbsp;i2c_read
<LI><a href="#[83]">&gt;&gt;</a>&nbsp;&nbsp;&nbsp;i2c_cmd_write
<LI><a href="#[99]">&gt;&gt;</a>&nbsp;&nbsp;&nbsp;i2c_addr_poll
</UL>

<P><STRONG><a name="[9d]"></a>i2c_stop_on_bus</STRONG> (Thumb, 10 bytes, Stack size 0 bytes, gd32f4xx_i2c.o(i.i2c_stop_on_bus))
<BR><BR>[Called By]<UL><LI><a href="#[89]">&gt;&gt;</a>&nbsp;&nbsp;&nbsp;i2c_byte_write
<LI><a href="#[81]">&gt;&gt;</a>&nbsp;&nbsp;&nbsp;i2c_read
<LI><a href="#[83]">&gt;&gt;</a>&nbsp;&nbsp;&nbsp;i2c_cmd_write
<LI><a href="#[99]">&gt;&gt;</a>&nbsp;&nbsp;&nbsp;i2c_addr_poll
</UL>

<P><STRONG><a name="[a4]"></a>key_trans</STRONG> (Thumb, 172 bytes, Stack size 0 bytes, main.o(i.key_trans))
<BR><BR>[Called By]<UL><LI><a href="#[73]">&gt;&gt;</a>&nbsp;&nbsp;&nbsp;main
</UL>

<P><STRONG><a name="[73]"></a>main</STRONG> (Thumb, 226 bytes, Stack size 8 bytes, main.o(i.main))
<BR><BR>[Stack]<UL><LI>Max Depth = 140<LI>Call Chain = main &rArr; i2c1_config &rArr; i2c_clock_config &rArr; rcu_clock_freq_get
</UL>
<BR>[Calls]<UL><LI><a href="#[a3]">&gt;&gt;</a>&nbsp;&nbsp;&nbsp;systick_config
<LI><a href="#[81]">&gt;&gt;</a>&nbsp;&nbsp;&nbsp;i2c_read
<LI><a href="#[97]">&gt;&gt;</a>&nbsp;&nbsp;&nbsp;i2c1_gpio_config
<LI><a href="#[96]">&gt;&gt;</a>&nbsp;&nbsp;&nbsp;i2c1_config
<LI><a href="#[92]">&gt;&gt;</a>&nbsp;&nbsp;&nbsp;i2c0_gpio_config
<LI><a href="#[8c]">&gt;&gt;</a>&nbsp;&nbsp;&nbsp;i2c0_config
<LI><a href="#[8b]">&gt;&gt;</a>&nbsp;&nbsp;&nbsp;ht16k33_init
<LI><a href="#[88]">&gt;&gt;</a>&nbsp;&nbsp;&nbsp;gd32f330_mov
<LI><a href="#[80]">&gt;&gt;</a>&nbsp;&nbsp;&nbsp;delay_1ms
<LI><a href="#[82]">&gt;&gt;</a>&nbsp;&nbsp;&nbsp;bh1750_init
<LI><a href="#[7e]">&gt;&gt;</a>&nbsp;&nbsp;&nbsp;bh1750_get_light_value
<LI><a href="#[a4]">&gt;&gt;</a>&nbsp;&nbsp;&nbsp;key_trans
<LI><a href="#[98]">&gt;&gt;</a>&nbsp;&nbsp;&nbsp;i2c_addr_init
<LI><a href="#[85]">&gt;&gt;</a>&nbsp;&nbsp;&nbsp;digital_control
</UL>
<BR>[Called By]<UL><LI><a href="#[72]">&gt;&gt;</a>&nbsp;&nbsp;&nbsp;__rt_entry_main
</UL>

<P><STRONG><a name="[a0]"></a>rcu_clock_freq_get</STRONG> (Thumb, 264 bytes, Stack size 84 bytes, gd32f4xx_rcu.o(i.rcu_clock_freq_get))
<BR><BR>[Stack]<UL><LI>Max Depth = 84<LI>Call Chain = rcu_clock_freq_get
</UL>
<BR>[Called By]<UL><LI><a href="#[8e]">&gt;&gt;</a>&nbsp;&nbsp;&nbsp;i2c_clock_config
</UL>

<P><STRONG><a name="[8d]"></a>rcu_periph_clock_enable</STRONG> (Thumb, 32 bytes, Stack size 0 bytes, gd32f4xx_rcu.o(i.rcu_periph_clock_enable))
<BR><BR>[Called By]<UL><LI><a href="#[97]">&gt;&gt;</a>&nbsp;&nbsp;&nbsp;i2c1_gpio_config
<LI><a href="#[96]">&gt;&gt;</a>&nbsp;&nbsp;&nbsp;i2c1_config
<LI><a href="#[92]">&gt;&gt;</a>&nbsp;&nbsp;&nbsp;i2c0_gpio_config
<LI><a href="#[8c]">&gt;&gt;</a>&nbsp;&nbsp;&nbsp;i2c0_config
</UL>

<P><STRONG><a name="[a3]"></a>systick_config</STRONG> (Thumb, 74 bytes, Stack size 8 bytes, systick.o(i.systick_config))
<BR><BR>[Stack]<UL><LI>Max Depth = 16<LI>Call Chain = systick_config &rArr; NVIC_SetPriority
</UL>
<BR>[Calls]<UL><LI><a href="#[a6]">&gt;&gt;</a>&nbsp;&nbsp;&nbsp;NVIC_SetPriority
</UL>
<BR>[Called By]<UL><LI><a href="#[73]">&gt;&gt;</a>&nbsp;&nbsp;&nbsp;main
</UL>

<P><STRONG><a name="[6d]"></a>_fp_init</STRONG> (Thumb, 10 bytes, Stack size 0 bytes, fpinit.o(x$fpl$fpinit))
<BR><BR>[Called By]<UL><LI><a href="#[6c]">&gt;&gt;</a>&nbsp;&nbsp;&nbsp;__rt_lib_init_fp_1
</UL>

<P><STRONG><a name="[d2]"></a>__fplib_config_fpu_vfp</STRONG> (Thumb, 0 bytes, Stack size unknown bytes, fpinit.o(x$fpl$fpinit), UNUSED)

<P><STRONG><a name="[d3]"></a>__fplib_config_pureend_doubles</STRONG> (Thumb, 0 bytes, Stack size unknown bytes, fpinit.o(x$fpl$fpinit), UNUSED)
<P>
<H3>
Local Symbols
</H3>
<P><STRONG><a name="[a6]"></a>NVIC_SetPriority</STRONG> (Thumb, 32 bytes, Stack size 8 bytes, systick.o(i.NVIC_SetPriority))
<BR><BR>[Stack]<UL><LI>Max Depth = 8<LI>Call Chain = NVIC_SetPriority
</UL>
<BR>[Called By]<UL><LI><a href="#[a3]">&gt;&gt;</a>&nbsp;&nbsp;&nbsp;systick_config
</UL>

<P><STRONG><a name="[a5]"></a>system_clock_168m_25m_hxtal</STRONG> (Thumb, 240 bytes, Stack size 0 bytes, system_gd32f4xx.o(i.system_clock_168m_25m_hxtal))
<BR><BR>[Called By]<UL><LI><a href="#[7d]">&gt;&gt;</a>&nbsp;&nbsp;&nbsp;system_clock_config
</UL>

<P><STRONG><a name="[7d]"></a>system_clock_config</STRONG> (Thumb, 8 bytes, Stack size 8 bytes, system_gd32f4xx.o(i.system_clock_config))
<BR><BR>[Stack]<UL><LI>Max Depth = 8<LI>Call Chain = system_clock_config
</UL>
<BR>[Calls]<UL><LI><a href="#[a5]">&gt;&gt;</a>&nbsp;&nbsp;&nbsp;system_clock_168m_25m_hxtal
</UL>
<BR>[Called By]<UL><LI><a href="#[65]">&gt;&gt;</a>&nbsp;&nbsp;&nbsp;SystemInit
</UL>
<P>
<H3>
Undefined Global Symbols
</H3><HR></body></html>
